Archive member included to satisfy reference by file (symbol)

../controller_bsp//libhal_bsp.a(alt_irq_register.o)
                              obj/default/controller_main.o (alt_irq_register)
../controller_bsp//libhal_bsp.a(alt_irq_vars.o)
                              ../controller_bsp//libhal_bsp.a(alt_irq_register.o) (alt_irq_active)
../controller_bsp//libhal_bsp.a(alt_load.o)
                              ../controller_bsp//obj/HAL/src/crt0.o (alt_load)
../controller_bsp//libhal_bsp.a(alt_main.o)
                              ../controller_bsp//obj/HAL/src/crt0.o (alt_main)
../controller_bsp//libhal_bsp.a(alt_printf.o)
                              obj/default/controller_main.o (alt_printf)
../controller_bsp//libhal_bsp.a(alt_putchar.o)
                              ../controller_bsp//libhal_bsp.a(alt_printf.o) (alt_putchar)
../controller_bsp//libhal_bsp.a(alt_sys_init.o)
                              ../controller_bsp//libhal_bsp.a(alt_main.o) (alt_irq_init)
../controller_bsp//libhal_bsp.a(altera_avalon_jtag_uart_write.o)
                              ../controller_bsp//libhal_bsp.a(alt_putchar.o) (altera_avalon_jtag_uart_write)
../controller_bsp//libhal_bsp.a(altera_up_avalon_accelerometer_spi.o)
                              obj/default/controller_main.o (alt_up_accelerometer_spi_open_dev)
../controller_bsp//libhal_bsp.a(alt_dcache_flush_all.o)
                              ../controller_bsp//libhal_bsp.a(alt_load.o) (alt_dcache_flush_all)
../controller_bsp//libhal_bsp.a(alt_dev.o)
                              ../controller_bsp//libhal_bsp.a(alt_sys_init.o) (alt_dev_list)
../controller_bsp//libhal_bsp.a(alt_dev_llist_insert.o)
                              ../controller_bsp//libhal_bsp.a(alt_sys_init.o) (alt_dev_llist_insert)
../controller_bsp//libhal_bsp.a(alt_errno.o)
                              ../controller_bsp//libhal_bsp.a(alt_dev_llist_insert.o) (alt_errno)
../controller_bsp//libhal_bsp.a(alt_find_dev.o)
                              ../controller_bsp//libhal_bsp.a(altera_up_avalon_accelerometer_spi.o) (alt_find_dev)
../controller_bsp//libhal_bsp.a(alt_icache_flush_all.o)
                              ../controller_bsp//libhal_bsp.a(alt_load.o) (alt_icache_flush_all)
../controller_bsp//libhal_bsp.a(alt_irq_entry.o)
                              ../controller_bsp//libhal_bsp.a(alt_irq_register.o) (alt_irq_entry)
../controller_bsp//libhal_bsp.a(alt_irq_handler.o)
                              ../controller_bsp//libhal_bsp.a(alt_irq_register.o) (alt_irq_handler)
../controller_bsp//libhal_bsp.a(altera_nios2_gen2_irq.o)
                              ../controller_bsp//libhal_bsp.a(alt_sys_init.o) (altera_nios2_gen2_irq_init)
../controller_bsp//libhal_bsp.a(alt_exception_entry.o)
                              ../controller_bsp//libhal_bsp.a(alt_irq_entry.o) (alt_exception)
../controller_bsp//libhal_bsp.a(alt_instruction_exception_entry.o)
                              ../controller_bsp//libhal_bsp.a(alt_exception_entry.o) (alt_instruction_exception_entry)
/home/harry/intelFPGA_lite/22.1std/nios2eds/bin/gnu/H-x86_64-pc-linux-gnu/bin/../lib/gcc/nios2-elf/12.1.1/../../../../../H-x86_64-pc-linux-gnu/nios2-elf/lib/mno-hw-mul/libsmallc.a(lib_a-int_errno.o)
                              ../controller_bsp//libhal_bsp.a(alt_dev_llist_insert.o) (errno)
/home/harry/intelFPGA_lite/22.1std/nios2eds/bin/gnu/H-x86_64-pc-linux-gnu/bin/../lib/gcc/nios2-elf/12.1.1/../../../../../H-x86_64-pc-linux-gnu/nios2-elf/lib/mno-hw-mul/libsmallc.a(lib_a-memcmp.o)
                              ../controller_bsp//libhal_bsp.a(alt_find_dev.o) (memcmp)
/home/harry/intelFPGA_lite/22.1std/nios2eds/bin/gnu/H-x86_64-pc-linux-gnu/bin/../lib/gcc/nios2-elf/12.1.1/../../../../../H-x86_64-pc-linux-gnu/nios2-elf/lib/mno-hw-mul/libsmallc.a(lib_a-memcpy.o)
                              ../controller_bsp//libhal_bsp.a(alt_load.o) (memcpy)
/home/harry/intelFPGA_lite/22.1std/nios2eds/bin/gnu/H-x86_64-pc-linux-gnu/bin/../lib/gcc/nios2-elf/12.1.1/../../../../../H-x86_64-pc-linux-gnu/nios2-elf/lib/mno-hw-mul/libsmallc.a(lib_a-strlen.o)
                              ../controller_bsp//libhal_bsp.a(alt_find_dev.o) (strlen)

Memory Configuration

Name             Origin             Length             Attributes
reset            0x0000000000010000 0x0000000000000020
onchip_memory    0x0000000000010020 0x000000000000ffe0
*default*        0x0000000000000000 0xffffffffffffffff

Linker script and memory map

LOAD ../controller_bsp//obj/HAL/src/crt0.o
LOAD obj/default/controller_main.o
LOAD /home/harry/intelFPGA_lite/22.1std/nios2eds/bin/gnu/H-x86_64-pc-linux-gnu/bin/../lib/gcc/nios2-elf/12.1.1/../../../../../H-x86_64-pc-linux-gnu/nios2-elf/lib/mno-hw-mul/libstdc++.a
LOAD /home/harry/intelFPGA_lite/22.1std/nios2eds/bin/gnu/H-x86_64-pc-linux-gnu/bin/../lib/gcc/nios2-elf/12.1.1/../../../../../H-x86_64-pc-linux-gnu/nios2-elf/lib/mno-hw-mul/libm.a
LOAD /home/harry/intelFPGA_lite/22.1std/nios2eds/bin/gnu/H-x86_64-pc-linux-gnu/bin/../lib/gcc/nios2-elf/12.1.1/mno-hw-mul/libgcc.a
START GROUP
LOAD /home/harry/intelFPGA_lite/22.1std/nios2eds/bin/gnu/H-x86_64-pc-linux-gnu/bin/../lib/gcc/nios2-elf/12.1.1/../../../../../H-x86_64-pc-linux-gnu/nios2-elf/lib/mno-hw-mul/libsmallc.a
LOAD /home/harry/intelFPGA_lite/22.1std/nios2eds/bin/gnu/H-x86_64-pc-linux-gnu/bin/../lib/gcc/nios2-elf/12.1.1/mno-hw-mul/libgcc.a
LOAD ../controller_bsp//libhal_bsp.a
LOAD /home/harry/intelFPGA_lite/22.1std/nios2eds/bin/gnu/H-x86_64-pc-linux-gnu/bin/../lib/gcc/nios2-elf/12.1.1/../../../../../H-x86_64-pc-linux-gnu/nios2-elf/lib/mno-hw-mul/libm.a
END GROUP
LOAD /home/harry/intelFPGA_lite/22.1std/nios2eds/bin/gnu/H-x86_64-pc-linux-gnu/bin/../lib/gcc/nios2-elf/12.1.1/mno-hw-mul/libgcc.a
                0x0000000000010000                __alt_mem_onchip_memory = 0x10000

.entry          0x0000000000010000       0x20
 *(.entry)
 .entry         0x0000000000010000       0x20 ../controller_bsp//obj/HAL/src/crt0.o
                0x0000000000010000                __reset
                0x000000000001000c                _exit

.exceptions     0x0000000000010020      0x160
                0x0000000000010020                PROVIDE (__ram_exceptions_start = ABSOLUTE (.))
                0x0000000000010020                . = ALIGN (0x20)
 *(.irq)
 *(.exceptions.entry.label)
 .exceptions.entry.label
                0x0000000000010020        0x0 ../controller_bsp//libhal_bsp.a(alt_irq_entry.o)
                0x0000000000010020                alt_irq_entry
 .exceptions.entry.label
                0x0000000000010020        0x0 ../controller_bsp//libhal_bsp.a(alt_exception_entry.o)
                0x0000000000010020                alt_exception
 *(.exceptions.entry.user)
 *(.exceptions.entry.ecc_fatal)
 *(.exceptions.entry)
 .exceptions.entry
                0x0000000000010020       0x54 ../controller_bsp//libhal_bsp.a(alt_exception_entry.o)
 *(.exceptions.irqtest.user)
 *(.exceptions.irqtest)
 .exceptions.irqtest
                0x0000000000010074       0x10 ../controller_bsp//libhal_bsp.a(alt_irq_entry.o)
 *(.exceptions.irqhandler.user)
 *(.exceptions.irqhandler)
 .exceptions.irqhandler
                0x0000000000010084        0x4 ../controller_bsp//libhal_bsp.a(alt_irq_entry.o)
 *(.exceptions.irqreturn.user)
 *(.exceptions.irqreturn)
 .exceptions.irqreturn
                0x0000000000010088        0x4 ../controller_bsp//libhal_bsp.a(alt_irq_entry.o)
 *(.exceptions.notirq.label)
 .exceptions.notirq.label
                0x000000000001008c        0x0 ../controller_bsp//libhal_bsp.a(alt_irq_entry.o)
 *(.exceptions.notirq.user)
 *(.exceptions.notirq)
 .exceptions.notirq
                0x000000000001008c        0x8 ../controller_bsp//libhal_bsp.a(alt_exception_entry.o)
 *(.exceptions.soft.user)
 *(.exceptions.soft)
 *(.exceptions.unknown.user)
 *(.exceptions.unknown)
 .exceptions.unknown
                0x0000000000010094       0x14 ../controller_bsp//libhal_bsp.a(alt_exception_entry.o)
 *(.exceptions.exit.label)
 .exceptions.exit.label
                0x00000000000100a8        0x0 ../controller_bsp//libhal_bsp.a(alt_irq_entry.o)
 .exceptions.exit.label
                0x00000000000100a8        0x0 ../controller_bsp//libhal_bsp.a(alt_exception_entry.o)
 *(.exceptions.exit.user)
 *(.exceptions.exit)
 .exceptions.exit
                0x00000000000100a8       0x54 ../controller_bsp//libhal_bsp.a(alt_exception_entry.o)
 *(.exceptions)
 .exceptions    0x00000000000100fc       0x60 ../controller_bsp//libhal_bsp.a(alt_irq_handler.o)
                0x00000000000100fc                alt_irq_handler
 .exceptions    0x000000000001015c       0x24 ../controller_bsp//libhal_bsp.a(alt_instruction_exception_entry.o)
                0x000000000001015c                alt_instruction_exception_entry
                0x0000000000010180                PROVIDE (__ram_exceptions_end = ABSOLUTE (.))
                0x0000000000010020                PROVIDE (__flash_exceptions_start = LOADADDR (.exceptions))

.text           0x0000000000010180      0x78c
                [!provide]                        PROVIDE (stext = ABSOLUTE (.))
 *(.interp)
 *(.hash)
 *(.dynsym)
 *(.dynstr)
 *(.gnu.version)
 *(.gnu.version_d)
 *(.gnu.version_r)
 *(.rel.init)
 *(.rela.init)
 *(.rel.text .rel.text.* .rel.gnu.linkonce.t.*)
 *(.rela.text .rela.text.* .rela.gnu.linkonce.t.*)
 *(.rel.fini)
 *(.rela.fini)
 *(.rel.rodata .rel.rodata.* .rel.gnu.linkonce.r.*)
 *(.rela.rodata .rela.rodata.* .rela.gnu.linkonce.r.*)
 *(.rel.data .rel.data.* .rel.gnu.linkonce.d.*)
 *(.rela.data .rela.data.* .rela.gnu.linkonce.d.*)
 *(.rel.tdata .rel.tdata.* .rel.gnu.linkonce.td.*)
 *(.rela.tdata .rela.tdata.* .rela.gnu.linkonce.td.*)
 *(.rel.tbss .rel.tbss.* .rel.gnu.linkonce.tb.*)
 *(.rela.tbss .rela.tbss.* .rela.gnu.linkonce.tb.*)
 *(.rel.ctors)
 *(.rela.ctors)
 *(.rel.dtors)
 *(.rela.dtors)
 *(.rel.got)
 *(.rela.got)
 *(.rel.sdata .rel.sdata.* .rel.gnu.linkonce.s.*)
 *(.rela.sdata .rela.sdata.* .rela.gnu.linkonce.s.*)
 *(.rel.sbss .rel.sbss.* .rel.gnu.linkonce.sb.*)
 *(.rela.sbss .rela.sbss.* .rela.gnu.linkonce.sb.*)
 *(.rel.sdata2 .rel.sdata2.* .rel.gnu.linkonce.s2.*)
 *(.rela.sdata2 .rela.sdata2.* .rela.gnu.linkonce.s2.*)
 *(.rel.sbss2 .rel.sbss2.* .rel.gnu.linkonce.sb2.*)
 *(.rela.sbss2 .rela.sbss2.* .rela.gnu.linkonce.sb2.*)
 *(.rel.bss .rel.bss.* .rel.gnu.linkonce.b.*)
 *(.rela.bss .rela.bss.* .rela.gnu.linkonce.b.*)
 *(.rel.plt)
 *(.rela.plt)
 *(.rel.dyn)
 *(.init)
 *(.plt)
 *(.text .stub .text.* .gnu.linkonce.t.*)
 .text          0x0000000000010180       0x3c ../controller_bsp//obj/HAL/src/crt0.o
                0x0000000000010180                _start
 .text          0x00000000000101bc       0xb0 obj/default/controller_main.o
                0x00000000000101bc                sys_timer_isr
                0x00000000000101dc                led_write
                0x00000000000101ec                convert_read
                0x0000000000010220                timer_init
 .text.startup  0x000000000001026c       0x8c obj/default/controller_main.o
                0x000000000001026c                main
 .text          0x00000000000102f8       0x90 ../controller_bsp//libhal_bsp.a(alt_irq_register.o)
                0x00000000000102f8                alt_irq_register
 .text          0x0000000000010388        0x0 ../controller_bsp//libhal_bsp.a(alt_irq_vars.o)
 .text          0x0000000000010388       0x84 ../controller_bsp//libhal_bsp.a(alt_load.o)
                0x0000000000010388                alt_load
 .text          0x000000000001040c       0x2c ../controller_bsp//libhal_bsp.a(alt_main.o)
                0x000000000001040c                alt_main
 .text          0x0000000000010438      0x144 ../controller_bsp//libhal_bsp.a(alt_printf.o)
                0x0000000000010438                alt_printf
 .text          0x000000000001057c       0x48 ../controller_bsp//libhal_bsp.a(alt_putchar.o)
                0x000000000001057c                alt_putchar
 .text          0x00000000000105c4       0x30 ../controller_bsp//libhal_bsp.a(alt_sys_init.o)
                0x00000000000105c4                alt_irq_init
                0x00000000000105e4                alt_sys_init
 .text          0x00000000000105f4       0x30 ../controller_bsp//libhal_bsp.a(altera_avalon_jtag_uart_write.o)
                0x00000000000105f4                altera_avalon_jtag_uart_write
 .text          0x0000000000010624      0x160 ../controller_bsp//libhal_bsp.a(altera_up_avalon_accelerometer_spi.o)
                0x0000000000010624                alt_up_accelerometer_spi_open_dev
                0x000000000001062c                alt_up_accelerometer_spi_read_address_register
                0x0000000000010640                alt_up_accelerometer_spi_read
                0x0000000000010660                alt_up_accelerometer_spi_write
                0x000000000001067c                alt_up_accelerometer_spi_read_x_axis
                0x00000000000106d4                alt_up_accelerometer_spi_read_y_axis
                0x000000000001072c                alt_up_accelerometer_spi_read_z_axis
 .text          0x0000000000010784        0x4 ../controller_bsp//libhal_bsp.a(alt_dcache_flush_all.o)
                0x0000000000010784                alt_dcache_flush_all
 .text          0x0000000000010788        0x8 ../controller_bsp//libhal_bsp.a(alt_dev.o)
 .text          0x0000000000010790       0x68 ../controller_bsp//libhal_bsp.a(alt_dev_llist_insert.o)
                0x0000000000010790                alt_dev_llist_insert
 .text          0x00000000000107f8        0x0 ../controller_bsp//libhal_bsp.a(alt_errno.o)
 .text          0x00000000000107f8       0x70 ../controller_bsp//libhal_bsp.a(alt_find_dev.o)
                0x00000000000107f8                alt_find_dev
 .text          0x0000000000010868        0x4 ../controller_bsp//libhal_bsp.a(alt_icache_flush_all.o)
                0x0000000000010868                alt_icache_flush_all
 .text          0x000000000001086c        0x0 ../controller_bsp//libhal_bsp.a(alt_irq_entry.o)
 .text          0x000000000001086c        0x0 ../controller_bsp//libhal_bsp.a(alt_irq_handler.o)
 .text          0x000000000001086c        0x8 ../controller_bsp//libhal_bsp.a(altera_nios2_gen2_irq.o)
                0x000000000001086c                altera_nios2_gen2_irq_init
 .text          0x0000000000010874        0x0 ../controller_bsp//libhal_bsp.a(alt_exception_entry.o)
 .text          0x0000000000010874       0x24 ../controller_bsp//libhal_bsp.a(alt_instruction_exception_entry.o)
                0x0000000000010874                alt_exception_cause_generated_bad_addr
 .text          0x0000000000010898        0x0 /home/harry/intelFPGA_lite/22.1std/nios2eds/bin/gnu/H-x86_64-pc-linux-gnu/bin/../lib/gcc/nios2-elf/12.1.1/../../../../../H-x86_64-pc-linux-gnu/nios2-elf/lib/mno-hw-mul/libsmallc.a(lib_a-int_errno.o)
 .text          0x0000000000010898        0x0 /home/harry/intelFPGA_lite/22.1std/nios2eds/bin/gnu/H-x86_64-pc-linux-gnu/bin/../lib/gcc/nios2-elf/12.1.1/../../../../../H-x86_64-pc-linux-gnu/nios2-elf/lib/mno-hw-mul/libsmallc.a(lib_a-memcmp.o)
 .text.memcmp   0x0000000000010898       0x30 /home/harry/intelFPGA_lite/22.1std/nios2eds/bin/gnu/H-x86_64-pc-linux-gnu/bin/../lib/gcc/nios2-elf/12.1.1/../../../../../H-x86_64-pc-linux-gnu/nios2-elf/lib/mno-hw-mul/libsmallc.a(lib_a-memcmp.o)
                0x0000000000010898                memcmp
 .text          0x00000000000108c8        0x0 /home/harry/intelFPGA_lite/22.1std/nios2eds/bin/gnu/H-x86_64-pc-linux-gnu/bin/../lib/gcc/nios2-elf/12.1.1/../../../../../H-x86_64-pc-linux-gnu/nios2-elf/lib/mno-hw-mul/libsmallc.a(lib_a-memcpy.o)
 .text.memcpy   0x00000000000108c8       0x28 /home/harry/intelFPGA_lite/22.1std/nios2eds/bin/gnu/H-x86_64-pc-linux-gnu/bin/../lib/gcc/nios2-elf/12.1.1/../../../../../H-x86_64-pc-linux-gnu/nios2-elf/lib/mno-hw-mul/libsmallc.a(lib_a-memcpy.o)
                0x00000000000108c8                memcpy
 .text          0x00000000000108f0        0x0 /home/harry/intelFPGA_lite/22.1std/nios2eds/bin/gnu/H-x86_64-pc-linux-gnu/bin/../lib/gcc/nios2-elf/12.1.1/../../../../../H-x86_64-pc-linux-gnu/nios2-elf/lib/mno-hw-mul/libsmallc.a(lib_a-strlen.o)
 .text.strlen   0x00000000000108f0       0x1c /home/harry/intelFPGA_lite/22.1std/nios2eds/bin/gnu/H-x86_64-pc-linux-gnu/bin/../lib/gcc/nios2-elf/12.1.1/../../../../../H-x86_64-pc-linux-gnu/nios2-elf/lib/mno-hw-mul/libsmallc.a(lib_a-strlen.o)
                0x00000000000108f0                strlen
 *(.gnu.warning.*)
 *(.fini)
                [!provide]                        PROVIDE (__etext = ABSOLUTE (.))
                [!provide]                        PROVIDE (_etext = ABSOLUTE (.))
                [!provide]                        PROVIDE (etext = ABSOLUTE (.))
 *(.eh_frame_hdr)
                0x000000000001090c                . = ALIGN (0x4)
                [!provide]                        PROVIDE (__preinit_array_start = ABSOLUTE (.))
 *(.preinit_array)
                [!provide]                        PROVIDE (__preinit_array_end = ABSOLUTE (.))
                [!provide]                        PROVIDE (__init_array_start = ABSOLUTE (.))
 *(.init_array)
                [!provide]                        PROVIDE (__init_array_end = ABSOLUTE (.))
                [!provide]                        PROVIDE (__fini_array_start = ABSOLUTE (.))
 *(.fini_array)
                [!provide]                        PROVIDE (__fini_array_end = ABSOLUTE (.))
 *(.eh_frame)
 *(.gcc_except_table .gcc_except_table.*)
 *(.dynamic)
                [!provide]                        PROVIDE (__CTOR_LIST__ = ABSOLUTE (.))
 *(.ctors)
 *(SORT_BY_NAME(.ctors.*))
                [!provide]                        PROVIDE (__CTOR_END__ = ABSOLUTE (.))
                [!provide]                        PROVIDE (__DTOR_LIST__ = ABSOLUTE (.))
 *(.dtors)
 *(SORT_BY_NAME(.dtors.*))
                [!provide]                        PROVIDE (__DTOR_END__ = ABSOLUTE (.))
 *(.jcr)
                0x000000000001090c                . = ALIGN (0x4)

.rodata         0x000000000001090c       0x30
                0x000000000001090c                PROVIDE (__ram_rodata_start = ABSOLUTE (.))
                0x000000000001090c                . = ALIGN (0x4)
 *(.rodata .rodata.* .gnu.linkonce.r.*)
 .rodata.str1.4
                0x000000000001090c       0x23 obj/default/controller_main.o
 .rodata.str1.4
                0x000000000001092f       0x17 ../controller_bsp//libhal_bsp.a(alt_sys_init.o)
 *fill*         0x000000000001092f        0x1 
 .rodata.str1.4
                0x0000000000010930        0xa ../controller_bsp//libhal_bsp.a(alt_dev.o)
 *(.rodata1)
                0x000000000001093c                . = ALIGN (0x4)
 *fill*         0x000000000001093a        0x2 
                0x000000000001093c                PROVIDE (__ram_rodata_end = ABSOLUTE (.))
                0x000000000001090c                PROVIDE (__flash_rodata_start = LOADADDR (.rodata))

.rwdata         0x000000000001093c       0xa4 load address 0x00000000000109e0
                0x000000000001093c                PROVIDE (__ram_rwdata_start = ABSOLUTE (.))
                0x000000000001093c                . = ALIGN (0x4)
 *(.got.plt)
 *(.got)
 *(.data1)
 *(.data .data.* .gnu.linkonce.d.*)
 .data          0x000000000001093c        0x0 ../controller_bsp//obj/HAL/src/crt0.o
 .data          0x000000000001093c        0x0 obj/default/controller_main.o
 .data          0x000000000001093c        0x0 ../controller_bsp//libhal_bsp.a(alt_irq_register.o)
 .data          0x000000000001093c        0x0 ../controller_bsp//libhal_bsp.a(alt_irq_vars.o)
 .data          0x000000000001093c        0x0 ../controller_bsp//libhal_bsp.a(alt_load.o)
 .data          0x000000000001093c        0x0 ../controller_bsp//libhal_bsp.a(alt_main.o)
 .data          0x000000000001093c        0x0 ../controller_bsp//libhal_bsp.a(alt_printf.o)
 .data          0x000000000001093c        0x0 ../controller_bsp//libhal_bsp.a(alt_putchar.o)
 .data          0x000000000001093c       0x2c ../controller_bsp//libhal_bsp.a(alt_sys_init.o)
 .data          0x0000000000010968        0x0 ../controller_bsp//libhal_bsp.a(altera_avalon_jtag_uart_write.o)
 .data          0x0000000000010968        0x0 ../controller_bsp//libhal_bsp.a(altera_up_avalon_accelerometer_spi.o)
 .data          0x0000000000010968        0x0 ../controller_bsp//libhal_bsp.a(alt_dcache_flush_all.o)
 .data          0x0000000000010968       0x58 ../controller_bsp//libhal_bsp.a(alt_dev.o)
                0x0000000000010968                alt_fd_list
                0x0000000000010998                alt_dev_null
 .data          0x00000000000109c0        0x0 ../controller_bsp//libhal_bsp.a(alt_dev_llist_insert.o)
 .data          0x00000000000109c0        0x0 ../controller_bsp//libhal_bsp.a(alt_errno.o)
 .data          0x00000000000109c0        0x0 ../controller_bsp//libhal_bsp.a(alt_find_dev.o)
 .data          0x00000000000109c0        0x0 ../controller_bsp//libhal_bsp.a(alt_icache_flush_all.o)
 .data          0x00000000000109c0        0x0 ../controller_bsp//libhal_bsp.a(alt_irq_entry.o)
 .data          0x00000000000109c0        0x0 ../controller_bsp//libhal_bsp.a(alt_irq_handler.o)
 .data          0x00000000000109c0        0x0 ../controller_bsp//libhal_bsp.a(altera_nios2_gen2_irq.o)
 .data          0x00000000000109c0        0x0 ../controller_bsp//libhal_bsp.a(alt_exception_entry.o)
 .data          0x00000000000109c0        0x0 ../controller_bsp//libhal_bsp.a(alt_instruction_exception_entry.o)
 .data          0x00000000000109c0        0x0 /home/harry/intelFPGA_lite/22.1std/nios2eds/bin/gnu/H-x86_64-pc-linux-gnu/bin/../lib/gcc/nios2-elf/12.1.1/../../../../../H-x86_64-pc-linux-gnu/nios2-elf/lib/mno-hw-mul/libsmallc.a(lib_a-int_errno.o)
 .data          0x00000000000109c0        0x0 /home/harry/intelFPGA_lite/22.1std/nios2eds/bin/gnu/H-x86_64-pc-linux-gnu/bin/../lib/gcc/nios2-elf/12.1.1/../../../../../H-x86_64-pc-linux-gnu/nios2-elf/lib/mno-hw-mul/libsmallc.a(lib_a-memcmp.o)
 .data          0x00000000000109c0        0x0 /home/harry/intelFPGA_lite/22.1std/nios2eds/bin/gnu/H-x86_64-pc-linux-gnu/bin/../lib/gcc/nios2-elf/12.1.1/../../../../../H-x86_64-pc-linux-gnu/nios2-elf/lib/mno-hw-mul/libsmallc.a(lib_a-memcpy.o)
 .data          0x00000000000109c0        0x0 /home/harry/intelFPGA_lite/22.1std/nios2eds/bin/gnu/H-x86_64-pc-linux-gnu/bin/../lib/gcc/nios2-elf/12.1.1/../../../../../H-x86_64-pc-linux-gnu/nios2-elf/lib/mno-hw-mul/libsmallc.a(lib_a-strlen.o)
                0x00000000000189c0                _gp = ABSOLUTE ((. + 0x8000))
                [!provide]                        PROVIDE (gp = _gp)
 *(.rwdata .rwdata.*)
 *(.sdata .sdata.* .gnu.linkonce.s.*)
 .sdata         0x00000000000109c0        0x4 ../controller_bsp//libhal_bsp.a(alt_irq_vars.o)
                0x00000000000109c0                alt_priority_mask
 .sdata         0x00000000000109c4        0x4 ../controller_bsp//libhal_bsp.a(alt_sys_init.o)
                0x00000000000109c4                jtag_uart
 .sdata         0x00000000000109c8       0x14 ../controller_bsp//libhal_bsp.a(alt_dev.o)
                0x00000000000109c8                alt_max_fd
                0x00000000000109cc                alt_dev_list
                0x00000000000109d4                alt_fs_list
 .sdata         0x00000000000109dc        0x4 ../controller_bsp//libhal_bsp.a(alt_errno.o)
                0x00000000000109dc                alt_errno
 *(.sdata2 .sdata2.* .gnu.linkonce.s2.*)
                0x00000000000109e0                . = ALIGN (0x4)
                0x00000000000109e0                _edata = ABSOLUTE (.)
                [!provide]                        PROVIDE (edata = ABSOLUTE (.))
                0x00000000000109e0                PROVIDE (__ram_rwdata_end = ABSOLUTE (.))
                0x00000000000109e0                PROVIDE (__flash_rwdata_start = LOADADDR (.rwdata))

.bss            0x0000000000010a84      0x12c
                0x0000000000010a84                __bss_start = ABSOLUTE (.)
                [!provide]                        PROVIDE (__sbss_start = ABSOLUTE (.))
                [!provide]                        PROVIDE (___sbss_start = ABSOLUTE (.))
 *(.dynsbss)
 *(.sbss .sbss.* .gnu.linkonce.sb.*)
 .sbss          0x0000000000010a84       0x12 obj/default/controller_main.o
                0x0000000000010a84                z_read
                0x0000000000010a88                y_read
                0x0000000000010a8c                x_read
                0x0000000000010a90                level
                0x0000000000010a94                led
                0x0000000000010a95                pwm
 *fill*         0x0000000000010a96        0x2 
 .sbss          0x0000000000010a98        0x4 ../controller_bsp//libhal_bsp.a(alt_irq_vars.o)
                0x0000000000010a98                alt_irq_active
 .sbss          0x0000000000010a9c        0xc ../controller_bsp//libhal_bsp.a(alt_main.o)
                0x0000000000010a9c                alt_envp
                0x0000000000010aa0                alt_argv
                0x0000000000010aa4                alt_argc
 .sbss          0x0000000000010aa8        0x4 ../controller_bsp//libhal_bsp.a(alt_instruction_exception_entry.o)
                0x0000000000010aa8                alt_instruction_exception_handler
 .sbss.errno    0x0000000000010aac        0x4 /home/harry/intelFPGA_lite/22.1std/nios2eds/bin/gnu/H-x86_64-pc-linux-gnu/bin/../lib/gcc/nios2-elf/12.1.1/../../../../../H-x86_64-pc-linux-gnu/nios2-elf/lib/mno-hw-mul/libsmallc.a(lib_a-int_errno.o)
                0x0000000000010aac                errno
 *(.sbss2 .sbss2.* .gnu.linkonce.sb2.*)
 *(.scommon)
                [!provide]                        PROVIDE (__sbss_end = ABSOLUTE (.))
                [!provide]                        PROVIDE (___sbss_end = ABSOLUTE (.))
 *(.dynbss)
 *(.bss .bss.* .gnu.linkonce.b.*)
 .bss           0x0000000000010ab0        0x0 ../controller_bsp//obj/HAL/src/crt0.o
 .bss           0x0000000000010ab0        0x0 obj/default/controller_main.o
 .bss           0x0000000000010ab0        0x0 ../controller_bsp//libhal_bsp.a(alt_irq_register.o)
 .bss           0x0000000000010ab0        0x0 ../controller_bsp//libhal_bsp.a(alt_irq_vars.o)
 .bss           0x0000000000010ab0        0x0 ../controller_bsp//libhal_bsp.a(alt_load.o)
 .bss           0x0000000000010ab0        0x0 ../controller_bsp//libhal_bsp.a(alt_main.o)
 .bss           0x0000000000010ab0        0x0 ../controller_bsp//libhal_bsp.a(alt_printf.o)
 .bss           0x0000000000010ab0        0x0 ../controller_bsp//libhal_bsp.a(alt_putchar.o)
 .bss           0x0000000000010ab0        0x0 ../controller_bsp//libhal_bsp.a(alt_sys_init.o)
 .bss           0x0000000000010ab0        0x0 ../controller_bsp//libhal_bsp.a(altera_avalon_jtag_uart_write.o)
 .bss           0x0000000000010ab0        0x0 ../controller_bsp//libhal_bsp.a(altera_up_avalon_accelerometer_spi.o)
 .bss           0x0000000000010ab0        0x0 ../controller_bsp//libhal_bsp.a(alt_dcache_flush_all.o)
 .bss           0x0000000000010ab0        0x0 ../controller_bsp//libhal_bsp.a(alt_dev.o)
 .bss           0x0000000000010ab0        0x0 ../controller_bsp//libhal_bsp.a(alt_dev_llist_insert.o)
 .bss           0x0000000000010ab0        0x0 ../controller_bsp//libhal_bsp.a(alt_errno.o)
 .bss           0x0000000000010ab0        0x0 ../controller_bsp//libhal_bsp.a(alt_find_dev.o)
 .bss           0x0000000000010ab0        0x0 ../controller_bsp//libhal_bsp.a(alt_icache_flush_all.o)
 .bss           0x0000000000010ab0        0x0 ../controller_bsp//libhal_bsp.a(alt_irq_entry.o)
 .bss           0x0000000000010ab0      0x100 ../controller_bsp//libhal_bsp.a(alt_irq_handler.o)
                0x0000000000010ab0                alt_irq
 .bss           0x0000000000010bb0        0x0 ../controller_bsp//libhal_bsp.a(altera_nios2_gen2_irq.o)
 .bss           0x0000000000010bb0        0x0 ../controller_bsp//libhal_bsp.a(alt_exception_entry.o)
 .bss           0x0000000000010bb0        0x0 ../controller_bsp//libhal_bsp.a(alt_instruction_exception_entry.o)
 .bss           0x0000000000010bb0        0x0 /home/harry/intelFPGA_lite/22.1std/nios2eds/bin/gnu/H-x86_64-pc-linux-gnu/bin/../lib/gcc/nios2-elf/12.1.1/../../../../../H-x86_64-pc-linux-gnu/nios2-elf/lib/mno-hw-mul/libsmallc.a(lib_a-int_errno.o)
 .bss           0x0000000000010bb0        0x0 /home/harry/intelFPGA_lite/22.1std/nios2eds/bin/gnu/H-x86_64-pc-linux-gnu/bin/../lib/gcc/nios2-elf/12.1.1/../../../../../H-x86_64-pc-linux-gnu/nios2-elf/lib/mno-hw-mul/libsmallc.a(lib_a-memcmp.o)
 .bss           0x0000000000010bb0        0x0 /home/harry/intelFPGA_lite/22.1std/nios2eds/bin/gnu/H-x86_64-pc-linux-gnu/bin/../lib/gcc/nios2-elf/12.1.1/../../../../../H-x86_64-pc-linux-gnu/nios2-elf/lib/mno-hw-mul/libsmallc.a(lib_a-memcpy.o)
 .bss           0x0000000000010bb0        0x0 /home/harry/intelFPGA_lite/22.1std/nios2eds/bin/gnu/H-x86_64-pc-linux-gnu/bin/../lib/gcc/nios2-elf/12.1.1/../../../../../H-x86_64-pc-linux-gnu/nios2-elf/lib/mno-hw-mul/libsmallc.a(lib_a-strlen.o)
 *(COMMON)
                0x0000000000010bb0                . = ALIGN (0x4)
                0x0000000000010bb0                __bss_end = ABSOLUTE (.)

.onchip_memory  0x0000000000010bb0        0x0
                [!provide]                        PROVIDE (_alt_partition_onchip_memory_start = ABSOLUTE (.))
 *(.onchip_memory .onchip_memory. onchip_memory.*)
                0x0000000000010bb0                . = ALIGN (0x4)
                [!provide]                        PROVIDE (_alt_partition_onchip_memory_end = ABSOLUTE (.))
                0x0000000000010bb0                _end = ABSOLUTE (.)
                0x0000000000010bb0                end = ABSOLUTE (.)
                0x0000000000010bb0                __alt_stack_base = ABSOLUTE (.)
                [!provide]                        PROVIDE (_alt_partition_onchip_memory_load_addr = LOADADDR (.onchip_memory))

.stab
 *(.stab)

.stabstr
 *(.stabstr)

.stab.excl
 *(.stab.excl)

.stab.exclstr
 *(.stab.exclstr)

.stab.index
 *(.stab.index)

.stab.indexstr
 *(.stab.indexstr)

.comment        0x0000000000000000       0x2d
 *(.comment)
 .comment       0x0000000000000000       0x2d obj/default/controller_main.o
                                         0x2e (size before relaxing)
 .comment       0x000000000000002d       0x2e ../controller_bsp//libhal_bsp.a(alt_irq_register.o)
 .comment       0x000000000000002d       0x2e ../controller_bsp//libhal_bsp.a(alt_irq_vars.o)
 .comment       0x000000000000002d       0x2e ../controller_bsp//libhal_bsp.a(alt_load.o)
 .comment       0x000000000000002d       0x2e ../controller_bsp//libhal_bsp.a(alt_main.o)
 .comment       0x000000000000002d       0x2e ../controller_bsp//libhal_bsp.a(alt_printf.o)
 .comment       0x000000000000002d       0x2e ../controller_bsp//libhal_bsp.a(alt_putchar.o)
 .comment       0x000000000000002d       0x2e ../controller_bsp//libhal_bsp.a(alt_sys_init.o)
 .comment       0x000000000000002d       0x2e ../controller_bsp//libhal_bsp.a(altera_avalon_jtag_uart_write.o)
 .comment       0x000000000000002d       0x2e ../controller_bsp//libhal_bsp.a(altera_up_avalon_accelerometer_spi.o)
 .comment       0x000000000000002d       0x2e ../controller_bsp//libhal_bsp.a(alt_dcache_flush_all.o)
 .comment       0x000000000000002d       0x2e ../controller_bsp//libhal_bsp.a(alt_dev.o)
 .comment       0x000000000000002d       0x2e ../controller_bsp//libhal_bsp.a(alt_dev_llist_insert.o)
 .comment       0x000000000000002d       0x2e ../controller_bsp//libhal_bsp.a(alt_errno.o)
 .comment       0x000000000000002d       0x2e ../controller_bsp//libhal_bsp.a(alt_find_dev.o)
 .comment       0x000000000000002d       0x2e ../controller_bsp//libhal_bsp.a(alt_icache_flush_all.o)
 .comment       0x000000000000002d       0x2e ../controller_bsp//libhal_bsp.a(alt_irq_handler.o)
 .comment       0x000000000000002d       0x2e ../controller_bsp//libhal_bsp.a(altera_nios2_gen2_irq.o)
 .comment       0x000000000000002d       0x2e ../controller_bsp//libhal_bsp.a(alt_instruction_exception_entry.o)
 .comment       0x000000000000002d       0x2e /home/harry/intelFPGA_lite/22.1std/nios2eds/bin/gnu/H-x86_64-pc-linux-gnu/bin/../lib/gcc/nios2-elf/12.1.1/../../../../../H-x86_64-pc-linux-gnu/nios2-elf/lib/mno-hw-mul/libsmallc.a(lib_a-int_errno.o)
 .comment       0x000000000000002d       0x2e /home/harry/intelFPGA_lite/22.1std/nios2eds/bin/gnu/H-x86_64-pc-linux-gnu/bin/../lib/gcc/nios2-elf/12.1.1/../../../../../H-x86_64-pc-linux-gnu/nios2-elf/lib/mno-hw-mul/libsmallc.a(lib_a-memcmp.o)
 .comment       0x000000000000002d       0x2e /home/harry/intelFPGA_lite/22.1std/nios2eds/bin/gnu/H-x86_64-pc-linux-gnu/bin/../lib/gcc/nios2-elf/12.1.1/../../../../../H-x86_64-pc-linux-gnu/nios2-elf/lib/mno-hw-mul/libsmallc.a(lib_a-memcpy.o)
 .comment       0x000000000000002d       0x2e /home/harry/intelFPGA_lite/22.1std/nios2eds/bin/gnu/H-x86_64-pc-linux-gnu/bin/../lib/gcc/nios2-elf/12.1.1/../../../../../H-x86_64-pc-linux-gnu/nios2-elf/lib/mno-hw-mul/libsmallc.a(lib_a-strlen.o)

.debug
 *(.debug)

.line
 *(.line)

.debug_srcinfo
 *(.debug_srcinfo)

.debug_sfnames
 *(.debug_sfnames)

.debug_aranges  0x0000000000000000      0x360
 *(.debug_aranges)
 .debug_aranges
                0x0000000000000000       0x28 ../controller_bsp//obj/HAL/src/crt0.o
 .debug_aranges
                0x0000000000000028       0x28 obj/default/controller_main.o
 .debug_aranges
                0x0000000000000050       0x20 ../controller_bsp//libhal_bsp.a(alt_irq_register.o)
 .debug_aranges
                0x0000000000000070       0x18 ../controller_bsp//libhal_bsp.a(alt_irq_vars.o)
 .debug_aranges
                0x0000000000000088       0x20 ../controller_bsp//libhal_bsp.a(alt_load.o)
 .debug_aranges
                0x00000000000000a8       0x20 ../controller_bsp//libhal_bsp.a(alt_main.o)
 .debug_aranges
                0x00000000000000c8       0x20 ../controller_bsp//libhal_bsp.a(alt_printf.o)
 .debug_aranges
                0x00000000000000e8       0x20 ../controller_bsp//libhal_bsp.a(alt_putchar.o)
 .debug_aranges
                0x0000000000000108       0x20 ../controller_bsp//libhal_bsp.a(alt_sys_init.o)
 .debug_aranges
                0x0000000000000128       0x20 ../controller_bsp//libhal_bsp.a(altera_avalon_jtag_uart_write.o)
 .debug_aranges
                0x0000000000000148       0x20 ../controller_bsp//libhal_bsp.a(altera_up_avalon_accelerometer_spi.o)
 .debug_aranges
                0x0000000000000168       0x20 ../controller_bsp//libhal_bsp.a(alt_dcache_flush_all.o)
 .debug_aranges
                0x0000000000000188       0x20 ../controller_bsp//libhal_bsp.a(alt_dev.o)
 .debug_aranges
                0x00000000000001a8       0x20 ../controller_bsp//libhal_bsp.a(alt_dev_llist_insert.o)
 .debug_aranges
                0x00000000000001c8       0x18 ../controller_bsp//libhal_bsp.a(alt_errno.o)
 .debug_aranges
                0x00000000000001e0       0x20 ../controller_bsp//libhal_bsp.a(alt_find_dev.o)
 .debug_aranges
                0x0000000000000200       0x20 ../controller_bsp//libhal_bsp.a(alt_icache_flush_all.o)
 .debug_aranges
                0x0000000000000220       0x30 ../controller_bsp//libhal_bsp.a(alt_irq_entry.o)
 .debug_aranges
                0x0000000000000250       0x20 ../controller_bsp//libhal_bsp.a(alt_irq_handler.o)
 .debug_aranges
                0x0000000000000270       0x20 ../controller_bsp//libhal_bsp.a(altera_nios2_gen2_irq.o)
 .debug_aranges
                0x0000000000000290       0x30 ../controller_bsp//libhal_bsp.a(alt_exception_entry.o)
 .debug_aranges
                0x00000000000002c0       0x28 ../controller_bsp//libhal_bsp.a(alt_instruction_exception_entry.o)
 .debug_aranges
                0x00000000000002e8       0x18 /home/harry/intelFPGA_lite/22.1std/nios2eds/bin/gnu/H-x86_64-pc-linux-gnu/bin/../lib/gcc/nios2-elf/12.1.1/../../../../../H-x86_64-pc-linux-gnu/nios2-elf/lib/mno-hw-mul/libsmallc.a(lib_a-int_errno.o)
 .debug_aranges
                0x0000000000000300       0x20 /home/harry/intelFPGA_lite/22.1std/nios2eds/bin/gnu/H-x86_64-pc-linux-gnu/bin/../lib/gcc/nios2-elf/12.1.1/../../../../../H-x86_64-pc-linux-gnu/nios2-elf/lib/mno-hw-mul/libsmallc.a(lib_a-memcmp.o)
 .debug_aranges
                0x0000000000000320       0x20 /home/harry/intelFPGA_lite/22.1std/nios2eds/bin/gnu/H-x86_64-pc-linux-gnu/bin/../lib/gcc/nios2-elf/12.1.1/../../../../../H-x86_64-pc-linux-gnu/nios2-elf/lib/mno-hw-mul/libsmallc.a(lib_a-memcpy.o)
 .debug_aranges
                0x0000000000000340       0x20 /home/harry/intelFPGA_lite/22.1std/nios2eds/bin/gnu/H-x86_64-pc-linux-gnu/bin/../lib/gcc/nios2-elf/12.1.1/../../../../../H-x86_64-pc-linux-gnu/nios2-elf/lib/mno-hw-mul/libsmallc.a(lib_a-strlen.o)

.debug_pubnames
 *(.debug_pubnames)

.debug_info     0x0000000000000000     0x2dc9
 *(.debug_info .gnu.linkonce.wi.*)
 .debug_info    0x0000000000000000       0x22 ../controller_bsp//obj/HAL/src/crt0.o
 .debug_info    0x0000000000000022      0x5a0 obj/default/controller_main.o
 .debug_info    0x00000000000005c2      0x326 ../controller_bsp//libhal_bsp.a(alt_irq_register.o)
 .debug_info    0x00000000000008e8       0x88 ../controller_bsp//libhal_bsp.a(alt_irq_vars.o)
 .debug_info    0x0000000000000970      0x239 ../controller_bsp//libhal_bsp.a(alt_load.o)
 .debug_info    0x0000000000000ba9      0x13e ../controller_bsp//libhal_bsp.a(alt_main.o)
 .debug_info    0x0000000000000ce7      0x17e ../controller_bsp//libhal_bsp.a(alt_printf.o)
 .debug_info    0x0000000000000e65      0x130 ../controller_bsp//libhal_bsp.a(alt_putchar.o)
 .debug_info    0x0000000000000f95      0x428 ../controller_bsp//libhal_bsp.a(alt_sys_init.o)
 .debug_info    0x00000000000013bd      0x149 ../controller_bsp//libhal_bsp.a(altera_avalon_jtag_uart_write.o)
 .debug_info    0x0000000000001506      0x490 ../controller_bsp//libhal_bsp.a(altera_up_avalon_accelerometer_spi.o)
 .debug_info    0x0000000000001996       0x8d ../controller_bsp//libhal_bsp.a(alt_dcache_flush_all.o)
 .debug_info    0x0000000000001a23      0x564 ../controller_bsp//libhal_bsp.a(alt_dev.o)
 .debug_info    0x0000000000001f87      0x1c9 ../controller_bsp//libhal_bsp.a(alt_dev_llist_insert.o)
 .debug_info    0x0000000000002150       0xa8 ../controller_bsp//libhal_bsp.a(alt_errno.o)
 .debug_info    0x00000000000021f8      0x361 ../controller_bsp//libhal_bsp.a(alt_find_dev.o)
 .debug_info    0x0000000000002559       0x8d ../controller_bsp//libhal_bsp.a(alt_icache_flush_all.o)
 .debug_info    0x00000000000025e6       0x22 ../controller_bsp//libhal_bsp.a(alt_irq_entry.o)
 .debug_info    0x0000000000002608      0x19a ../controller_bsp//libhal_bsp.a(alt_irq_handler.o)
 .debug_info    0x00000000000027a2       0x8d ../controller_bsp//libhal_bsp.a(altera_nios2_gen2_irq.o)
 .debug_info    0x000000000000282f       0x22 ../controller_bsp//libhal_bsp.a(alt_exception_entry.o)
 .debug_info    0x0000000000002851      0x208 ../controller_bsp//libhal_bsp.a(alt_instruction_exception_entry.o)
 .debug_info    0x0000000000002a59       0x85 /home/harry/intelFPGA_lite/22.1std/nios2eds/bin/gnu/H-x86_64-pc-linux-gnu/bin/../lib/gcc/nios2-elf/12.1.1/../../../../../H-x86_64-pc-linux-gnu/nios2-elf/lib/mno-hw-mul/libsmallc.a(lib_a-int_errno.o)
 .debug_info    0x0000000000002ade       0xf9 /home/harry/intelFPGA_lite/22.1std/nios2eds/bin/gnu/H-x86_64-pc-linux-gnu/bin/../lib/gcc/nios2-elf/12.1.1/../../../../../H-x86_64-pc-linux-gnu/nios2-elf/lib/mno-hw-mul/libsmallc.a(lib_a-memcmp.o)
 .debug_info    0x0000000000002bd7      0x121 /home/harry/intelFPGA_lite/22.1std/nios2eds/bin/gnu/H-x86_64-pc-linux-gnu/bin/../lib/gcc/nios2-elf/12.1.1/../../../../../H-x86_64-pc-linux-gnu/nios2-elf/lib/mno-hw-mul/libsmallc.a(lib_a-memcpy.o)
 .debug_info    0x0000000000002cf8       0xd1 /home/harry/intelFPGA_lite/22.1std/nios2eds/bin/gnu/H-x86_64-pc-linux-gnu/bin/../lib/gcc/nios2-elf/12.1.1/../../../../../H-x86_64-pc-linux-gnu/nios2-elf/lib/mno-hw-mul/libsmallc.a(lib_a-strlen.o)

.debug_abbrev   0x0000000000000000     0x15cc
 *(.debug_abbrev)
 .debug_abbrev  0x0000000000000000       0x12 ../controller_bsp//obj/HAL/src/crt0.o
 .debug_abbrev  0x0000000000000012      0x20b obj/default/controller_main.o
 .debug_abbrev  0x000000000000021d      0x202 ../controller_bsp//libhal_bsp.a(alt_irq_register.o)
 .debug_abbrev  0x000000000000041f       0x46 ../controller_bsp//libhal_bsp.a(alt_irq_vars.o)
 .debug_abbrev  0x0000000000000465      0x12c ../controller_bsp//libhal_bsp.a(alt_load.o)
 .debug_abbrev  0x0000000000000591       0xeb ../controller_bsp//libhal_bsp.a(alt_main.o)
 .debug_abbrev  0x000000000000067c      0x10d ../controller_bsp//libhal_bsp.a(alt_printf.o)
 .debug_abbrev  0x0000000000000789       0xca ../controller_bsp//libhal_bsp.a(alt_putchar.o)
 .debug_abbrev  0x0000000000000853      0x1dc ../controller_bsp//libhal_bsp.a(alt_sys_init.o)
 .debug_abbrev  0x0000000000000a2f       0xdc ../controller_bsp//libhal_bsp.a(altera_avalon_jtag_uart_write.o)
 .debug_abbrev  0x0000000000000b0b      0x14f ../controller_bsp//libhal_bsp.a(altera_up_avalon_accelerometer_spi.o)
 .debug_abbrev  0x0000000000000c5a       0x43 ../controller_bsp//libhal_bsp.a(alt_dcache_flush_all.o)
 .debug_abbrev  0x0000000000000c9d      0x11b ../controller_bsp//libhal_bsp.a(alt_dev.o)
 .debug_abbrev  0x0000000000000db8      0x147 ../controller_bsp//libhal_bsp.a(alt_dev_llist_insert.o)
 .debug_abbrev  0x0000000000000eff       0x70 ../controller_bsp//libhal_bsp.a(alt_errno.o)
 .debug_abbrev  0x0000000000000f6f      0x132 ../controller_bsp//libhal_bsp.a(alt_find_dev.o)
 .debug_abbrev  0x00000000000010a1       0x43 ../controller_bsp//libhal_bsp.a(alt_icache_flush_all.o)
 .debug_abbrev  0x00000000000010e4       0x12 ../controller_bsp//libhal_bsp.a(alt_irq_entry.o)
 .debug_abbrev  0x00000000000010f6      0x147 ../controller_bsp//libhal_bsp.a(alt_irq_handler.o)
 .debug_abbrev  0x000000000000123d       0x43 ../controller_bsp//libhal_bsp.a(altera_nios2_gen2_irq.o)
 .debug_abbrev  0x0000000000001280       0x12 ../controller_bsp//libhal_bsp.a(alt_exception_entry.o)
 .debug_abbrev  0x0000000000001292      0x113 ../controller_bsp//libhal_bsp.a(alt_instruction_exception_entry.o)
 .debug_abbrev  0x00000000000013a5       0x39 /home/harry/intelFPGA_lite/22.1std/nios2eds/bin/gnu/H-x86_64-pc-linux-gnu/bin/../lib/gcc/nios2-elf/12.1.1/../../../../../H-x86_64-pc-linux-gnu/nios2-elf/lib/mno-hw-mul/libsmallc.a(lib_a-int_errno.o)
 .debug_abbrev  0x00000000000013de       0xa1 /home/harry/intelFPGA_lite/22.1std/nios2eds/bin/gnu/H-x86_64-pc-linux-gnu/bin/../lib/gcc/nios2-elf/12.1.1/../../../../../H-x86_64-pc-linux-gnu/nios2-elf/lib/mno-hw-mul/libsmallc.a(lib_a-memcmp.o)
 .debug_abbrev  0x000000000000147f       0xc1 /home/harry/intelFPGA_lite/22.1std/nios2eds/bin/gnu/H-x86_64-pc-linux-gnu/bin/../lib/gcc/nios2-elf/12.1.1/../../../../../H-x86_64-pc-linux-gnu/nios2-elf/lib/mno-hw-mul/libsmallc.a(lib_a-memcpy.o)
 .debug_abbrev  0x0000000000001540       0x8c /home/harry/intelFPGA_lite/22.1std/nios2eds/bin/gnu/H-x86_64-pc-linux-gnu/bin/../lib/gcc/nios2-elf/12.1.1/../../../../../H-x86_64-pc-linux-gnu/nios2-elf/lib/mno-hw-mul/libsmallc.a(lib_a-strlen.o)

.debug_line     0x0000000000000000     0x11b6
 *(.debug_line)
 .debug_line    0x0000000000000000       0x66 ../controller_bsp//obj/HAL/src/crt0.o
 .debug_line    0x0000000000000066      0x14a obj/default/controller_main.o
 .debug_line    0x00000000000001b0      0x166 ../controller_bsp//libhal_bsp.a(alt_irq_register.o)
 .debug_line    0x0000000000000316       0x43 ../controller_bsp//libhal_bsp.a(alt_irq_vars.o)
 .debug_line    0x0000000000000359       0xd2 ../controller_bsp//libhal_bsp.a(alt_load.o)
 .debug_line    0x000000000000042b       0xa2 ../controller_bsp//libhal_bsp.a(alt_main.o)
 .debug_line    0x00000000000004cd      0x177 ../controller_bsp//libhal_bsp.a(alt_printf.o)
 .debug_line    0x0000000000000644       0x82 ../controller_bsp//libhal_bsp.a(alt_putchar.o)
 .debug_line    0x00000000000006c6       0xcc ../controller_bsp//libhal_bsp.a(alt_sys_init.o)
 .debug_line    0x0000000000000792       0x93 ../controller_bsp//libhal_bsp.a(altera_avalon_jtag_uart_write.o)
 .debug_line    0x0000000000000825      0x188 ../controller_bsp//libhal_bsp.a(altera_up_avalon_accelerometer_spi.o)
 .debug_line    0x00000000000009ad       0x4e ../controller_bsp//libhal_bsp.a(alt_dcache_flush_all.o)
 .debug_line    0x00000000000009fb       0x9a ../controller_bsp//libhal_bsp.a(alt_dev.o)
 .debug_line    0x0000000000000a95       0xfd ../controller_bsp//libhal_bsp.a(alt_dev_llist_insert.o)
 .debug_line    0x0000000000000b92       0x4c ../controller_bsp//libhal_bsp.a(alt_errno.o)
 .debug_line    0x0000000000000bde       0xb7 ../controller_bsp//libhal_bsp.a(alt_find_dev.o)
 .debug_line    0x0000000000000c95       0x4c ../controller_bsp//libhal_bsp.a(alt_icache_flush_all.o)
 .debug_line    0x0000000000000ce1       0x6b ../controller_bsp//libhal_bsp.a(alt_irq_entry.o)
 .debug_line    0x0000000000000d4c       0xf8 ../controller_bsp//libhal_bsp.a(alt_irq_handler.o)
 .debug_line    0x0000000000000e44       0x54 ../controller_bsp//libhal_bsp.a(altera_nios2_gen2_irq.o)
 .debug_line    0x0000000000000e98       0x9d ../controller_bsp//libhal_bsp.a(alt_exception_entry.o)
 .debug_line    0x0000000000000f35       0xb0 ../controller_bsp//libhal_bsp.a(alt_instruction_exception_entry.o)
 .debug_line    0x0000000000000fe5       0x3a /home/harry/intelFPGA_lite/22.1std/nios2eds/bin/gnu/H-x86_64-pc-linux-gnu/bin/../lib/gcc/nios2-elf/12.1.1/../../../../../H-x86_64-pc-linux-gnu/nios2-elf/lib/mno-hw-mul/libsmallc.a(lib_a-int_errno.o)
 .debug_line    0x000000000000101f       0x8f /home/harry/intelFPGA_lite/22.1std/nios2eds/bin/gnu/H-x86_64-pc-linux-gnu/bin/../lib/gcc/nios2-elf/12.1.1/../../../../../H-x86_64-pc-linux-gnu/nios2-elf/lib/mno-hw-mul/libsmallc.a(lib_a-memcmp.o)
 .debug_line    0x00000000000010ae       0x8c /home/harry/intelFPGA_lite/22.1std/nios2eds/bin/gnu/H-x86_64-pc-linux-gnu/bin/../lib/gcc/nios2-elf/12.1.1/../../../../../H-x86_64-pc-linux-gnu/nios2-elf/lib/mno-hw-mul/libsmallc.a(lib_a-memcpy.o)
 .debug_line    0x000000000000113a       0x7c /home/harry/intelFPGA_lite/22.1std/nios2eds/bin/gnu/H-x86_64-pc-linux-gnu/bin/../lib/gcc/nios2-elf/12.1.1/../../../../../H-x86_64-pc-linux-gnu/nios2-elf/lib/mno-hw-mul/libsmallc.a(lib_a-strlen.o)

.debug_frame    0x0000000000000000      0x400
 *(.debug_frame)
 .debug_frame   0x0000000000000000       0x88 obj/default/controller_main.o
 .debug_frame   0x0000000000000088       0x20 ../controller_bsp//libhal_bsp.a(alt_irq_register.o)
 .debug_frame   0x00000000000000a8       0x2c ../controller_bsp//libhal_bsp.a(alt_load.o)
 .debug_frame   0x00000000000000d4       0x2c ../controller_bsp//libhal_bsp.a(alt_main.o)
 .debug_frame   0x0000000000000100       0x44 ../controller_bsp//libhal_bsp.a(alt_printf.o)
 .debug_frame   0x0000000000000144       0x30 ../controller_bsp//libhal_bsp.a(alt_putchar.o)
 .debug_frame   0x0000000000000174       0x3c ../controller_bsp//libhal_bsp.a(alt_sys_init.o)
 .debug_frame   0x00000000000001b0       0x20 ../controller_bsp//libhal_bsp.a(altera_avalon_jtag_uart_write.o)
 .debug_frame   0x00000000000001d0       0x80 ../controller_bsp//libhal_bsp.a(altera_up_avalon_accelerometer_spi.o)
 .debug_frame   0x0000000000000250       0x20 ../controller_bsp//libhal_bsp.a(alt_dcache_flush_all.o)
 .debug_frame   0x0000000000000270       0x20 ../controller_bsp//libhal_bsp.a(alt_dev.o)
 .debug_frame   0x0000000000000290       0x2c ../controller_bsp//libhal_bsp.a(alt_dev_llist_insert.o)
 .debug_frame   0x00000000000002bc       0x40 ../controller_bsp//libhal_bsp.a(alt_find_dev.o)
 .debug_frame   0x00000000000002fc       0x20 ../controller_bsp//libhal_bsp.a(alt_icache_flush_all.o)
 .debug_frame   0x000000000000031c       0x34 ../controller_bsp//libhal_bsp.a(alt_irq_handler.o)
 .debug_frame   0x0000000000000350       0x20 ../controller_bsp//libhal_bsp.a(altera_nios2_gen2_irq.o)
 .debug_frame   0x0000000000000370       0x30 ../controller_bsp//libhal_bsp.a(alt_instruction_exception_entry.o)
 .debug_frame   0x00000000000003a0       0x20 /home/harry/intelFPGA_lite/22.1std/nios2eds/bin/gnu/H-x86_64-pc-linux-gnu/bin/../lib/gcc/nios2-elf/12.1.1/../../../../../H-x86_64-pc-linux-gnu/nios2-elf/lib/mno-hw-mul/libsmallc.a(lib_a-memcmp.o)
 .debug_frame   0x00000000000003c0       0x20 /home/harry/intelFPGA_lite/22.1std/nios2eds/bin/gnu/H-x86_64-pc-linux-gnu/bin/../lib/gcc/nios2-elf/12.1.1/../../../../../H-x86_64-pc-linux-gnu/nios2-elf/lib/mno-hw-mul/libsmallc.a(lib_a-memcpy.o)
 .debug_frame   0x00000000000003e0       0x20 /home/harry/intelFPGA_lite/22.1std/nios2eds/bin/gnu/H-x86_64-pc-linux-gnu/bin/../lib/gcc/nios2-elf/12.1.1/../../../../../H-x86_64-pc-linux-gnu/nios2-elf/lib/mno-hw-mul/libsmallc.a(lib_a-strlen.o)

.debug_str      0x0000000000000000      0xd4e
 *(.debug_str)
 .debug_str     0x0000000000000000       0x6d ../controller_bsp//obj/HAL/src/crt0.o
 .debug_str     0x000000000000006d      0x285 obj/default/controller_main.o
                                        0x2d9 (size before relaxing)
 .debug_str     0x00000000000002f2       0x84 ../controller_bsp//libhal_bsp.a(alt_irq_register.o)
                                        0x1a2 (size before relaxing)
 .debug_str     0x0000000000000376       0x12 ../controller_bsp//libhal_bsp.a(alt_irq_vars.o)
                                         0xf3 (size before relaxing)
 .debug_str     0x0000000000000388      0x111 ../controller_bsp//libhal_bsp.a(alt_load.o)
                                        0x208 (size before relaxing)
 .debug_str     0x0000000000000499       0x4b ../controller_bsp//libhal_bsp.a(alt_main.o)
                                        0x138 (size before relaxing)
 .debug_str     0x00000000000004e4       0x44 ../controller_bsp//libhal_bsp.a(alt_printf.o)
                                         0xc1 (size before relaxing)
 .debug_str     0x0000000000000528       0x48 ../controller_bsp//libhal_bsp.a(alt_putchar.o)
                                        0x13c (size before relaxing)
 .debug_str     0x0000000000000570       0xa5 ../controller_bsp//libhal_bsp.a(alt_sys_init.o)
                                        0x286 (size before relaxing)
 .debug_str     0x0000000000000615        0x6 ../controller_bsp//libhal_bsp.a(altera_avalon_jtag_uart_write.o)
                                        0x15c (size before relaxing)
 .debug_str     0x000000000000061b       0x88 ../controller_bsp//libhal_bsp.a(altera_up_avalon_accelerometer_spi.o)
                                        0x2e4 (size before relaxing)
 .debug_str     0x00000000000006a3       0xfd ../controller_bsp//libhal_bsp.a(alt_dcache_flush_all.o)
 .debug_str     0x00000000000006a3      0x143 ../controller_bsp//libhal_bsp.a(alt_dev.o)
                                        0x319 (size before relaxing)
 .debug_str     0x00000000000007e6       0x29 ../controller_bsp//libhal_bsp.a(alt_dev_llist_insert.o)
                                        0x174 (size before relaxing)
 .debug_str     0x000000000000080f        0x8 ../controller_bsp//libhal_bsp.a(alt_errno.o)
                                         0xfa (size before relaxing)
 .debug_str     0x0000000000000817        0xe ../controller_bsp//libhal_bsp.a(alt_find_dev.o)
                                        0x1a4 (size before relaxing)
 .debug_str     0x0000000000000825       0xfd ../controller_bsp//libhal_bsp.a(alt_icache_flush_all.o)
 .debug_str     0x0000000000000825       0x18 ../controller_bsp//libhal_bsp.a(alt_irq_entry.o)
                                         0x76 (size before relaxing)
 .debug_str     0x000000000000083d       0x20 ../controller_bsp//libhal_bsp.a(alt_irq_handler.o)
                                        0x144 (size before relaxing)
 .debug_str     0x000000000000085d      0x103 ../controller_bsp//libhal_bsp.a(altera_nios2_gen2_irq.o)
 .debug_str     0x000000000000085d       0x1e ../controller_bsp//libhal_bsp.a(alt_exception_entry.o)
                                         0x7c (size before relaxing)
 .debug_str     0x000000000000087b      0x461 ../controller_bsp//libhal_bsp.a(alt_instruction_exception_entry.o)
                                        0x546 (size before relaxing)
 .debug_str     0x0000000000000cdc       0x5e /home/harry/intelFPGA_lite/22.1std/nios2eds/bin/gnu/H-x86_64-pc-linux-gnu/bin/../lib/gcc/nios2-elf/12.1.1/../../../../../H-x86_64-pc-linux-gnu/nios2-elf/lib/mno-hw-mul/libsmallc.a(lib_a-int_errno.o)
                                         0xf9 (size before relaxing)
 .debug_str     0x0000000000000d3a      0x101 /home/harry/intelFPGA_lite/22.1std/nios2eds/bin/gnu/H-x86_64-pc-linux-gnu/bin/../lib/gcc/nios2-elf/12.1.1/../../../../../H-x86_64-pc-linux-gnu/nios2-elf/lib/mno-hw-mul/libsmallc.a(lib_a-memcmp.o)
 .debug_str     0x0000000000000d3a       0x14 /home/harry/intelFPGA_lite/22.1std/nios2eds/bin/gnu/H-x86_64-pc-linux-gnu/bin/../lib/gcc/nios2-elf/12.1.1/../../../../../H-x86_64-pc-linux-gnu/nios2-elf/lib/mno-hw-mul/libsmallc.a(lib_a-memcpy.o)
                                        0x115 (size before relaxing)
 .debug_str     0x0000000000000d4e       0x14 /home/harry/intelFPGA_lite/22.1std/nios2eds/bin/gnu/H-x86_64-pc-linux-gnu/bin/../lib/gcc/nios2-elf/12.1.1/../../../../../H-x86_64-pc-linux-gnu/nios2-elf/lib/mno-hw-mul/libsmallc.a(lib_a-strlen.o)
                                        0x107 (size before relaxing)

.debug_loc
 *(.debug_loc)

.debug_macinfo
 *(.debug_macinfo)

.debug_weaknames
 *(.debug_weaknames)

.debug_funcnames
 *(.debug_funcnames)

.debug_typenames
 *(.debug_typenames)

.debug_varnames
 *(.debug_varnames)

.debug_alt_sim_info
                0x0000000000000000       0x10
 *(.debug_alt_sim_info)
 .debug_alt_sim_info
                0x0000000000000000       0x10 ../controller_bsp//obj/HAL/src/crt0.o
                0x0000000000020000                __alt_data_end = 0x20000
                0x0000000000020000                PROVIDE (__alt_stack_pointer = __alt_data_end)
                [!provide]                        PROVIDE (__alt_stack_limit = __alt_stack_base)
                [!provide]                        PROVIDE (__alt_heap_start = end)
                [!provide]                        PROVIDE (__alt_heap_limit = 0x20000)
OUTPUT(controller.elf elf32-littlenios2)
LOAD linker stubs

.debug_ranges   0x0000000000000000       0x70
 .debug_ranges  0x0000000000000000       0x20 ../controller_bsp//obj/HAL/src/crt0.o
 .debug_ranges  0x0000000000000020       0x28 ../controller_bsp//libhal_bsp.a(alt_irq_entry.o)
 .debug_ranges  0x0000000000000048       0x28 ../controller_bsp//libhal_bsp.a(alt_exception_entry.o)

.debug_loclists
                0x0000000000000000      0x681
 .debug_loclists
                0x0000000000000000       0x8a obj/default/controller_main.o
 .debug_loclists
                0x000000000000008a       0x9d ../controller_bsp//libhal_bsp.a(alt_irq_register.o)
 .debug_loclists
                0x0000000000000127      0x180 ../controller_bsp//libhal_bsp.a(alt_printf.o)
 .debug_loclists
                0x00000000000002a7       0x25 ../controller_bsp//libhal_bsp.a(alt_putchar.o)
 .debug_loclists
                0x00000000000002cc       0x1e ../controller_bsp//libhal_bsp.a(alt_sys_init.o)
 .debug_loclists
                0x00000000000002ea       0x5e ../controller_bsp//libhal_bsp.a(altera_avalon_jtag_uart_write.o)
 .debug_loclists
                0x0000000000000348       0x42 ../controller_bsp//libhal_bsp.a(altera_up_avalon_accelerometer_spi.o)
 .debug_loclists
                0x000000000000038a       0x4e ../controller_bsp//libhal_bsp.a(alt_dev_llist_insert.o)
 .debug_loclists
                0x00000000000003d8       0x6a ../controller_bsp//libhal_bsp.a(alt_find_dev.o)
 .debug_loclists
                0x0000000000000442       0x6e ../controller_bsp//libhal_bsp.a(alt_irq_handler.o)
 .debug_loclists
                0x00000000000004b0       0x47 ../controller_bsp//libhal_bsp.a(alt_instruction_exception_entry.o)
 .debug_loclists
                0x00000000000004f7       0x8c /home/harry/intelFPGA_lite/22.1std/nios2eds/bin/gnu/H-x86_64-pc-linux-gnu/bin/../lib/gcc/nios2-elf/12.1.1/../../../../../H-x86_64-pc-linux-gnu/nios2-elf/lib/mno-hw-mul/libsmallc.a(lib_a-memcmp.o)
 .debug_loclists
                0x0000000000000583       0xcc /home/harry/intelFPGA_lite/22.1std/nios2eds/bin/gnu/H-x86_64-pc-linux-gnu/bin/../lib/gcc/nios2-elf/12.1.1/../../../../../H-x86_64-pc-linux-gnu/nios2-elf/lib/mno-hw-mul/libsmallc.a(lib_a-memcpy.o)
 .debug_loclists
                0x000000000000064f       0x32 /home/harry/intelFPGA_lite/22.1std/nios2eds/bin/gnu/H-x86_64-pc-linux-gnu/bin/../lib/gcc/nios2-elf/12.1.1/../../../../../H-x86_64-pc-linux-gnu/nios2-elf/lib/mno-hw-mul/libsmallc.a(lib_a-strlen.o)

.debug_rnglists
                0x0000000000000000      0x111
 .debug_rnglists
                0x0000000000000000       0x1b obj/default/controller_main.o
 .debug_rnglists
                0x000000000000001b       0x22 ../controller_bsp//libhal_bsp.a(alt_irq_register.o)
 .debug_rnglists
                0x000000000000003d       0x23 ../controller_bsp//libhal_bsp.a(alt_load.o)
 .debug_rnglists
                0x0000000000000060       0x17 ../controller_bsp//libhal_bsp.a(alt_printf.o)
 .debug_rnglists
                0x0000000000000077       0x13 ../controller_bsp//libhal_bsp.a(alt_sys_init.o)
 .debug_rnglists
                0x000000000000008a       0x16 ../controller_bsp//libhal_bsp.a(alt_dev_llist_insert.o)
 .debug_rnglists
                0x00000000000000a0       0x1f ../controller_bsp//libhal_bsp.a(alt_irq_handler.o)
 .debug_rnglists
                0x00000000000000bf       0x19 ../controller_bsp//libhal_bsp.a(alt_instruction_exception_entry.o)
 .debug_rnglists
                0x00000000000000d8       0x13 /home/harry/intelFPGA_lite/22.1std/nios2eds/bin/gnu/H-x86_64-pc-linux-gnu/bin/../lib/gcc/nios2-elf/12.1.1/../../../../../H-x86_64-pc-linux-gnu/nios2-elf/lib/mno-hw-mul/libsmallc.a(lib_a-memcmp.o)
 .debug_rnglists
                0x00000000000000eb       0x13 /home/harry/intelFPGA_lite/22.1std/nios2eds/bin/gnu/H-x86_64-pc-linux-gnu/bin/../lib/gcc/nios2-elf/12.1.1/../../../../../H-x86_64-pc-linux-gnu/nios2-elf/lib/mno-hw-mul/libsmallc.a(lib_a-memcpy.o)
 .debug_rnglists
                0x00000000000000fe       0x13 /home/harry/intelFPGA_lite/22.1std/nios2eds/bin/gnu/H-x86_64-pc-linux-gnu/bin/../lib/gcc/nios2-elf/12.1.1/../../../../../H-x86_64-pc-linux-gnu/nios2-elf/lib/mno-hw-mul/libsmallc.a(lib_a-strlen.o)

.debug_line_str
                0x0000000000000000      0x9a6
 .debug_line_str
                0x0000000000000000      0x138 obj/default/controller_main.o
                                        0x1a7 (size before relaxing)
 .debug_line_str
                0x0000000000000138       0xa9 ../controller_bsp//libhal_bsp.a(alt_irq_register.o)
                                        0x14d (size before relaxing)
 .debug_line_str
                0x00000000000001e1       0x17 ../controller_bsp//libhal_bsp.a(alt_irq_vars.o)
                                         0xf9 (size before relaxing)
 .debug_line_str
                0x00000000000001f8       0x35 ../controller_bsp//libhal_bsp.a(alt_load.o)
                                        0x11d (size before relaxing)
 .debug_line_str
                0x000000000000022d       0x31 ../controller_bsp//libhal_bsp.a(alt_main.o)
                                        0x11c (size before relaxing)
 .debug_line_str
                0x000000000000025e       0x95 ../controller_bsp//libhal_bsp.a(alt_printf.o)
                                        0x16b (size before relaxing)
 .debug_line_str
                0x00000000000002f3       0x16 ../controller_bsp//libhal_bsp.a(alt_putchar.o)
                                         0xe0 (size before relaxing)
 .debug_line_str
                0x0000000000000309       0x5f ../controller_bsp//libhal_bsp.a(alt_sys_init.o)
                                        0x193 (size before relaxing)
 .debug_line_str
                0x0000000000000368       0x38 ../controller_bsp//libhal_bsp.a(altera_avalon_jtag_uart_write.o)
                                        0x160 (size before relaxing)
 .debug_line_str
                0x00000000000003a0       0x3c ../controller_bsp//libhal_bsp.a(altera_up_avalon_accelerometer_spi.o)
                                        0x1b8 (size before relaxing)
 .debug_line_str
                0x00000000000003dc       0x1f ../controller_bsp//libhal_bsp.a(alt_dcache_flush_all.o)
                                         0xfb (size before relaxing)
 .debug_line_str
                0x00000000000003fb      0x105 ../controller_bsp//libhal_bsp.a(alt_dev.o)
                                        0x22c (size before relaxing)
 .debug_line_str
                0x0000000000000500       0x2b ../controller_bsp//libhal_bsp.a(alt_dev_llist_insert.o)
                                        0x140 (size before relaxing)
 .debug_line_str
                0x000000000000052b       0x14 ../controller_bsp//libhal_bsp.a(alt_errno.o)
                                        0x15c (size before relaxing)
 .debug_line_str
                0x000000000000053f       0x85 ../controller_bsp//libhal_bsp.a(alt_find_dev.o)
                                        0x1f6 (size before relaxing)
 .debug_line_str
                0x00000000000005c4       0x1f ../controller_bsp//libhal_bsp.a(alt_icache_flush_all.o)
                                         0xfb (size before relaxing)
 .debug_line_str
                0x00000000000005e3       0x1a ../controller_bsp//libhal_bsp.a(alt_irq_handler.o)
                                        0x11a (size before relaxing)
 .debug_line_str
                0x00000000000005fd       0x20 ../controller_bsp//libhal_bsp.a(altera_nios2_gen2_irq.o)
                                         0xfe (size before relaxing)
 .debug_line_str
                0x000000000000061d       0x3b ../controller_bsp//libhal_bsp.a(alt_instruction_exception_entry.o)
                                        0x151 (size before relaxing)
 .debug_line_str
                0x0000000000000658      0x104 /home/harry/intelFPGA_lite/22.1std/nios2eds/bin/gnu/H-x86_64-pc-linux-gnu/bin/../lib/gcc/nios2-elf/12.1.1/../../../../../H-x86_64-pc-linux-gnu/nios2-elf/lib/mno-hw-mul/libsmallc.a(lib_a-int_errno.o)
                                        0x1df (size before relaxing)
 .debug_line_str
                0x000000000000075c      0x1cc /home/harry/intelFPGA_lite/22.1std/nios2eds/bin/gnu/H-x86_64-pc-linux-gnu/bin/../lib/gcc/nios2-elf/12.1.1/../../../../../H-x86_64-pc-linux-gnu/nios2-elf/lib/mno-hw-mul/libsmallc.a(lib_a-memcmp.o)
                                        0x2b5 (size before relaxing)
 .debug_line_str
                0x0000000000000928       0x3f /home/harry/intelFPGA_lite/22.1std/nios2eds/bin/gnu/H-x86_64-pc-linux-gnu/bin/../lib/gcc/nios2-elf/12.1.1/../../../../../H-x86_64-pc-linux-gnu/nios2-elf/lib/mno-hw-mul/libsmallc.a(lib_a-memcpy.o)
                                        0x2b5 (size before relaxing)
 .debug_line_str
                0x0000000000000967       0x3f /home/harry/intelFPGA_lite/22.1std/nios2eds/bin/gnu/H-x86_64-pc-linux-gnu/bin/../lib/gcc/nios2-elf/12.1.1/../../../../../H-x86_64-pc-linux-gnu/nios2-elf/lib/mno-hw-mul/libsmallc.a(lib_a-strlen.o)
                                        0x2b5 (size before relaxing)
