Archive member included to satisfy reference by file (symbol)

/home/harry/intelFPGA_lite/22.1std/nios2eds/bin/gnu/H-x86_64-pc-linux-gnu/bin/../lib/gcc/nios2-elf/12.1.1/mno-hw-mul/libgcc.a(lib2-divmod.o)
                              obj/default/controller_main.o (__umodsi3)
/home/harry/intelFPGA_lite/22.1std/nios2eds/bin/gnu/H-x86_64-pc-linux-gnu/bin/../lib/gcc/nios2-elf/12.1.1/mno-hw-mul/libgcc.a(lib2-mul.o)
                              obj/default/controller_main.o (__mulsi3)
../controller_bsp//libhal_bsp.a(alt_getchar.o)
                              obj/default/controller_main.o (alt_getchar)
../controller_bsp//libhal_bsp.a(alt_irq_register.o)
                              obj/default/controller_main.o (alt_irq_register)
../controller_bsp//libhal_bsp.a(alt_irq_vars.o)
                              ../controller_bsp//libhal_bsp.a(alt_irq_register.o) (alt_irq_active)
../controller_bsp//libhal_bsp.a(alt_load.o)
                              ../controller_bsp//obj/HAL/src/crt0.o (alt_load)
../controller_bsp//libhal_bsp.a(alt_main.o)
                              ../controller_bsp//obj/HAL/src/crt0.o (alt_main)
../controller_bsp//libhal_bsp.a(alt_printf.o)
                              obj/default/controller_main.o (alt_printf)
../controller_bsp//libhal_bsp.a(alt_putchar.o)
                              ../controller_bsp//libhal_bsp.a(alt_printf.o) (alt_putchar)
../controller_bsp//libhal_bsp.a(alt_sys_init.o)
                              ../controller_bsp//libhal_bsp.a(alt_main.o) (alt_irq_init)
../controller_bsp//libhal_bsp.a(altera_avalon_jtag_uart_read.o)
                              ../controller_bsp//libhal_bsp.a(alt_getchar.o) (altera_avalon_jtag_uart_read)
../controller_bsp//libhal_bsp.a(altera_avalon_jtag_uart_write.o)
                              ../controller_bsp//libhal_bsp.a(alt_putchar.o) (altera_avalon_jtag_uart_write)
../controller_bsp//libhal_bsp.a(altera_up_avalon_accelerometer_spi.o)
                              obj/default/controller_main.o (alt_up_accelerometer_spi_open_dev)
../controller_bsp//libhal_bsp.a(alt_dcache_flush_all.o)
                              ../controller_bsp//libhal_bsp.a(alt_load.o) (alt_dcache_flush_all)
../controller_bsp//libhal_bsp.a(alt_dev.o)
                              ../controller_bsp//libhal_bsp.a(alt_getchar.o) (alt_fd_list)
../controller_bsp//libhal_bsp.a(alt_dev_llist_insert.o)
                              ../controller_bsp//libhal_bsp.a(alt_sys_init.o) (alt_dev_llist_insert)
../controller_bsp//libhal_bsp.a(alt_errno.o)
                              ../controller_bsp//libhal_bsp.a(alt_dev_llist_insert.o) (alt_errno)
../controller_bsp//libhal_bsp.a(alt_find_dev.o)
                              ../controller_bsp//libhal_bsp.a(altera_up_avalon_accelerometer_spi.o) (alt_find_dev)
../controller_bsp//libhal_bsp.a(alt_icache_flush_all.o)
                              ../controller_bsp//libhal_bsp.a(alt_load.o) (alt_icache_flush_all)
../controller_bsp//libhal_bsp.a(alt_irq_entry.o)
                              ../controller_bsp//libhal_bsp.a(alt_irq_register.o) (alt_irq_entry)
../controller_bsp//libhal_bsp.a(alt_irq_handler.o)
                              ../controller_bsp//libhal_bsp.a(alt_irq_register.o) (alt_irq_handler)
../controller_bsp//libhal_bsp.a(altera_nios2_gen2_irq.o)
                              ../controller_bsp//libhal_bsp.a(alt_sys_init.o) (altera_nios2_gen2_irq_init)
../controller_bsp//libhal_bsp.a(alt_exception_entry.o)
                              ../controller_bsp//libhal_bsp.a(alt_irq_entry.o) (alt_exception)
../controller_bsp//libhal_bsp.a(alt_instruction_exception_entry.o)
                              ../controller_bsp//libhal_bsp.a(alt_exception_entry.o) (alt_instruction_exception_entry)
/home/harry/intelFPGA_lite/22.1std/nios2eds/bin/gnu/H-x86_64-pc-linux-gnu/bin/../lib/gcc/nios2-elf/12.1.1/../../../../../H-x86_64-pc-linux-gnu/nios2-elf/lib/mno-hw-mul/libsmallc.a(lib_a-int_errno.o)
                              ../controller_bsp//libhal_bsp.a(alt_dev_llist_insert.o) (errno)
/home/harry/intelFPGA_lite/22.1std/nios2eds/bin/gnu/H-x86_64-pc-linux-gnu/bin/../lib/gcc/nios2-elf/12.1.1/../../../../../H-x86_64-pc-linux-gnu/nios2-elf/lib/mno-hw-mul/libsmallc.a(lib_a-memcmp.o)
                              ../controller_bsp//libhal_bsp.a(alt_find_dev.o) (memcmp)
/home/harry/intelFPGA_lite/22.1std/nios2eds/bin/gnu/H-x86_64-pc-linux-gnu/bin/../lib/gcc/nios2-elf/12.1.1/../../../../../H-x86_64-pc-linux-gnu/nios2-elf/lib/mno-hw-mul/libsmallc.a(lib_a-memcpy.o)
                              ../controller_bsp//libhal_bsp.a(alt_load.o) (memcpy)
/home/harry/intelFPGA_lite/22.1std/nios2eds/bin/gnu/H-x86_64-pc-linux-gnu/bin/../lib/gcc/nios2-elf/12.1.1/../../../../../H-x86_64-pc-linux-gnu/nios2-elf/lib/mno-hw-mul/libsmallc.a(lib_a-strlen.o)
                              ../controller_bsp//libhal_bsp.a(alt_find_dev.o) (strlen)

Memory Configuration

Name             Origin             Length             Attributes
reset            0x0000000000020000 0x0000000000000020
onchip_memory    0x0000000000020020 0x000000000001ffe0
*default*        0x0000000000000000 0xffffffffffffffff

Linker script and memory map

LOAD ../controller_bsp//obj/HAL/src/crt0.o
LOAD obj/default/controller_main.o
LOAD /home/harry/intelFPGA_lite/22.1std/nios2eds/bin/gnu/H-x86_64-pc-linux-gnu/bin/../lib/gcc/nios2-elf/12.1.1/../../../../../H-x86_64-pc-linux-gnu/nios2-elf/lib/mno-hw-mul/libstdc++.a
LOAD /home/harry/intelFPGA_lite/22.1std/nios2eds/bin/gnu/H-x86_64-pc-linux-gnu/bin/../lib/gcc/nios2-elf/12.1.1/../../../../../H-x86_64-pc-linux-gnu/nios2-elf/lib/mno-hw-mul/libm.a
LOAD /home/harry/intelFPGA_lite/22.1std/nios2eds/bin/gnu/H-x86_64-pc-linux-gnu/bin/../lib/gcc/nios2-elf/12.1.1/mno-hw-mul/libgcc.a
START GROUP
LOAD /home/harry/intelFPGA_lite/22.1std/nios2eds/bin/gnu/H-x86_64-pc-linux-gnu/bin/../lib/gcc/nios2-elf/12.1.1/../../../../../H-x86_64-pc-linux-gnu/nios2-elf/lib/mno-hw-mul/libsmallc.a
LOAD /home/harry/intelFPGA_lite/22.1std/nios2eds/bin/gnu/H-x86_64-pc-linux-gnu/bin/../lib/gcc/nios2-elf/12.1.1/mno-hw-mul/libgcc.a
LOAD ../controller_bsp//libhal_bsp.a
LOAD /home/harry/intelFPGA_lite/22.1std/nios2eds/bin/gnu/H-x86_64-pc-linux-gnu/bin/../lib/gcc/nios2-elf/12.1.1/../../../../../H-x86_64-pc-linux-gnu/nios2-elf/lib/mno-hw-mul/libm.a
END GROUP
LOAD /home/harry/intelFPGA_lite/22.1std/nios2eds/bin/gnu/H-x86_64-pc-linux-gnu/bin/../lib/gcc/nios2-elf/12.1.1/mno-hw-mul/libgcc.a
                0x0000000000020000                __alt_mem_onchip_memory = 0x20000

.entry          0x0000000000020000       0x20
 *(.entry)
 .entry         0x0000000000020000       0x20 ../controller_bsp//obj/HAL/src/crt0.o
                0x0000000000020000                __reset
                0x000000000002000c                _exit

.exceptions     0x0000000000020020      0x160
                0x0000000000020020                PROVIDE (__ram_exceptions_start = ABSOLUTE (.))
                0x0000000000020020                . = ALIGN (0x20)
 *(.irq)
 *(.exceptions.entry.label)
 .exceptions.entry.label
                0x0000000000020020        0x0 ../controller_bsp//libhal_bsp.a(alt_irq_entry.o)
                0x0000000000020020                alt_irq_entry
 .exceptions.entry.label
                0x0000000000020020        0x0 ../controller_bsp//libhal_bsp.a(alt_exception_entry.o)
                0x0000000000020020                alt_exception
 *(.exceptions.entry.user)
 *(.exceptions.entry.ecc_fatal)
 *(.exceptions.entry)
 .exceptions.entry
                0x0000000000020020       0x54 ../controller_bsp//libhal_bsp.a(alt_exception_entry.o)
 *(.exceptions.irqtest.user)
 *(.exceptions.irqtest)
 .exceptions.irqtest
                0x0000000000020074       0x10 ../controller_bsp//libhal_bsp.a(alt_irq_entry.o)
 *(.exceptions.irqhandler.user)
 *(.exceptions.irqhandler)
 .exceptions.irqhandler
                0x0000000000020084        0x4 ../controller_bsp//libhal_bsp.a(alt_irq_entry.o)
 *(.exceptions.irqreturn.user)
 *(.exceptions.irqreturn)
 .exceptions.irqreturn
                0x0000000000020088        0x4 ../controller_bsp//libhal_bsp.a(alt_irq_entry.o)
 *(.exceptions.notirq.label)
 .exceptions.notirq.label
                0x000000000002008c        0x0 ../controller_bsp//libhal_bsp.a(alt_irq_entry.o)
 *(.exceptions.notirq.user)
 *(.exceptions.notirq)
 .exceptions.notirq
                0x000000000002008c        0x8 ../controller_bsp//libhal_bsp.a(alt_exception_entry.o)
 *(.exceptions.soft.user)
 *(.exceptions.soft)
 *(.exceptions.unknown.user)
 *(.exceptions.unknown)
 .exceptions.unknown
                0x0000000000020094       0x14 ../controller_bsp//libhal_bsp.a(alt_exception_entry.o)
 *(.exceptions.exit.label)
 .exceptions.exit.label
                0x00000000000200a8        0x0 ../controller_bsp//libhal_bsp.a(alt_irq_entry.o)
 .exceptions.exit.label
                0x00000000000200a8        0x0 ../controller_bsp//libhal_bsp.a(alt_exception_entry.o)
 *(.exceptions.exit.user)
 *(.exceptions.exit)
 .exceptions.exit
                0x00000000000200a8       0x54 ../controller_bsp//libhal_bsp.a(alt_exception_entry.o)
 *(.exceptions)
 .exceptions    0x00000000000200fc       0x60 ../controller_bsp//libhal_bsp.a(alt_irq_handler.o)
                0x00000000000200fc                alt_irq_handler
 .exceptions    0x000000000002015c       0x24 ../controller_bsp//libhal_bsp.a(alt_instruction_exception_entry.o)
                0x000000000002015c                alt_instruction_exception_entry
                0x0000000000020180                PROVIDE (__ram_exceptions_end = ABSOLUTE (.))
                0x0000000000020020                PROVIDE (__flash_exceptions_start = LOADADDR (.exceptions))

.text           0x0000000000020180      0xc60
                [!provide]                        PROVIDE (stext = ABSOLUTE (.))
 *(.interp)
 *(.hash)
 *(.dynsym)
 *(.dynstr)
 *(.gnu.version)
 *(.gnu.version_d)
 *(.gnu.version_r)
 *(.rel.init)
 *(.rela.init)
 *(.rel.text .rel.text.* .rel.gnu.linkonce.t.*)
 *(.rela.text .rela.text.* .rela.gnu.linkonce.t.*)
 *(.rel.fini)
 *(.rela.fini)
 *(.rel.rodata .rel.rodata.* .rel.gnu.linkonce.r.*)
 *(.rela.rodata .rela.rodata.* .rela.gnu.linkonce.r.*)
 *(.rel.data .rel.data.* .rel.gnu.linkonce.d.*)
 *(.rela.data .rela.data.* .rela.gnu.linkonce.d.*)
 *(.rel.tdata .rel.tdata.* .rel.gnu.linkonce.td.*)
 *(.rela.tdata .rela.tdata.* .rela.gnu.linkonce.td.*)
 *(.rel.tbss .rel.tbss.* .rel.gnu.linkonce.tb.*)
 *(.rela.tbss .rela.tbss.* .rela.gnu.linkonce.tb.*)
 *(.rel.ctors)
 *(.rela.ctors)
 *(.rel.dtors)
 *(.rela.dtors)
 *(.rel.got)
 *(.rela.got)
 *(.rel.sdata .rel.sdata.* .rel.gnu.linkonce.s.*)
 *(.rela.sdata .rela.sdata.* .rela.gnu.linkonce.s.*)
 *(.rel.sbss .rel.sbss.* .rel.gnu.linkonce.sb.*)
 *(.rela.sbss .rela.sbss.* .rela.gnu.linkonce.sb.*)
 *(.rel.sdata2 .rel.sdata2.* .rel.gnu.linkonce.s2.*)
 *(.rela.sdata2 .rela.sdata2.* .rela.gnu.linkonce.s2.*)
 *(.rel.sbss2 .rel.sbss2.* .rel.gnu.linkonce.sb2.*)
 *(.rela.sbss2 .rela.sbss2.* .rela.gnu.linkonce.sb2.*)
 *(.rel.bss .rel.bss.* .rel.gnu.linkonce.b.*)
 *(.rela.bss .rela.bss.* .rela.gnu.linkonce.b.*)
 *(.rel.plt)
 *(.rela.plt)
 *(.rel.dyn)
 *(.init)
 *(.plt)
 *(.text .stub .text.* .gnu.linkonce.t.*)
 .text          0x0000000000020180       0x3c ../controller_bsp//obj/HAL/src/crt0.o
                0x0000000000020180                _start
 .text          0x00000000000201bc      0x218 obj/default/controller_main.o
                0x00000000000201bc                uart_read_isr
                0x00000000000201ec                uart_init
                0x0000000000020208                filter
                0x000000000002037c                setText
 .text.startup  0x00000000000203d4      0x180 obj/default/controller_main.o
                0x00000000000203d4                main
 .text          0x0000000000020554      0x1b4 /home/harry/intelFPGA_lite/22.1std/nios2eds/bin/gnu/H-x86_64-pc-linux-gnu/bin/../lib/gcc/nios2-elf/12.1.1/mno-hw-mul/libgcc.a(lib2-divmod.o)
                0x0000000000020554                __divsi3
                0x00000000000205d4                __modsi3
                0x0000000000020648                __udivsi3
                0x00000000000206ac                __umodsi3
 .text          0x0000000000020708       0x28 /home/harry/intelFPGA_lite/22.1std/nios2eds/bin/gnu/H-x86_64-pc-linux-gnu/bin/../lib/gcc/nios2-elf/12.1.1/mno-hw-mul/libgcc.a(lib2-mul.o)
                0x0000000000020708                __mulsi3
 .text          0x0000000000020730       0x40 ../controller_bsp//libhal_bsp.a(alt_getchar.o)
                0x0000000000020730                alt_getchar
 .text          0x0000000000020770       0x90 ../controller_bsp//libhal_bsp.a(alt_irq_register.o)
                0x0000000000020770                alt_irq_register
 .text          0x0000000000020800        0x0 ../controller_bsp//libhal_bsp.a(alt_irq_vars.o)
 .text          0x0000000000020800       0x84 ../controller_bsp//libhal_bsp.a(alt_load.o)
                0x0000000000020800                alt_load
 .text          0x0000000000020884       0x2c ../controller_bsp//libhal_bsp.a(alt_main.o)
                0x0000000000020884                alt_main
 .text          0x00000000000208b0      0x144 ../controller_bsp//libhal_bsp.a(alt_printf.o)
                0x00000000000208b0                alt_printf
 .text          0x00000000000209f4       0x48 ../controller_bsp//libhal_bsp.a(alt_putchar.o)
                0x00000000000209f4                alt_putchar
 .text          0x0000000000020a3c       0x30 ../controller_bsp//libhal_bsp.a(alt_sys_init.o)
                0x0000000000020a3c                alt_irq_init
                0x0000000000020a5c                alt_sys_init
 .text          0x0000000000020a6c       0x5c ../controller_bsp//libhal_bsp.a(altera_avalon_jtag_uart_read.o)
                0x0000000000020a6c                altera_avalon_jtag_uart_read
 .text          0x0000000000020ac8       0x30 ../controller_bsp//libhal_bsp.a(altera_avalon_jtag_uart_write.o)
                0x0000000000020ac8                altera_avalon_jtag_uart_write
 .text          0x0000000000020af8      0x160 ../controller_bsp//libhal_bsp.a(altera_up_avalon_accelerometer_spi.o)
                0x0000000000020af8                alt_up_accelerometer_spi_open_dev
                0x0000000000020b00                alt_up_accelerometer_spi_read_address_register
                0x0000000000020b14                alt_up_accelerometer_spi_read
                0x0000000000020b34                alt_up_accelerometer_spi_write
                0x0000000000020b50                alt_up_accelerometer_spi_read_x_axis
                0x0000000000020ba8                alt_up_accelerometer_spi_read_y_axis
                0x0000000000020c00                alt_up_accelerometer_spi_read_z_axis
 .text          0x0000000000020c58        0x4 ../controller_bsp//libhal_bsp.a(alt_dcache_flush_all.o)
                0x0000000000020c58                alt_dcache_flush_all
 .text          0x0000000000020c5c        0x8 ../controller_bsp//libhal_bsp.a(alt_dev.o)
 .text          0x0000000000020c64       0x68 ../controller_bsp//libhal_bsp.a(alt_dev_llist_insert.o)
                0x0000000000020c64                alt_dev_llist_insert
 .text          0x0000000000020ccc        0x0 ../controller_bsp//libhal_bsp.a(alt_errno.o)
 .text          0x0000000000020ccc       0x70 ../controller_bsp//libhal_bsp.a(alt_find_dev.o)
                0x0000000000020ccc                alt_find_dev
 .text          0x0000000000020d3c        0x4 ../controller_bsp//libhal_bsp.a(alt_icache_flush_all.o)
                0x0000000000020d3c                alt_icache_flush_all
 .text          0x0000000000020d40        0x0 ../controller_bsp//libhal_bsp.a(alt_irq_entry.o)
 .text          0x0000000000020d40        0x0 ../controller_bsp//libhal_bsp.a(alt_irq_handler.o)
 .text          0x0000000000020d40        0x8 ../controller_bsp//libhal_bsp.a(altera_nios2_gen2_irq.o)
                0x0000000000020d40                altera_nios2_gen2_irq_init
 .text          0x0000000000020d48        0x0 ../controller_bsp//libhal_bsp.a(alt_exception_entry.o)
 .text          0x0000000000020d48       0x24 ../controller_bsp//libhal_bsp.a(alt_instruction_exception_entry.o)
                0x0000000000020d48                alt_exception_cause_generated_bad_addr
 .text          0x0000000000020d6c        0x0 /home/harry/intelFPGA_lite/22.1std/nios2eds/bin/gnu/H-x86_64-pc-linux-gnu/bin/../lib/gcc/nios2-elf/12.1.1/../../../../../H-x86_64-pc-linux-gnu/nios2-elf/lib/mno-hw-mul/libsmallc.a(lib_a-int_errno.o)
 .text          0x0000000000020d6c        0x0 /home/harry/intelFPGA_lite/22.1std/nios2eds/bin/gnu/H-x86_64-pc-linux-gnu/bin/../lib/gcc/nios2-elf/12.1.1/../../../../../H-x86_64-pc-linux-gnu/nios2-elf/lib/mno-hw-mul/libsmallc.a(lib_a-memcmp.o)
 .text.memcmp   0x0000000000020d6c       0x30 /home/harry/intelFPGA_lite/22.1std/nios2eds/bin/gnu/H-x86_64-pc-linux-gnu/bin/../lib/gcc/nios2-elf/12.1.1/../../../../../H-x86_64-pc-linux-gnu/nios2-elf/lib/mno-hw-mul/libsmallc.a(lib_a-memcmp.o)
                0x0000000000020d6c                memcmp
 .text          0x0000000000020d9c        0x0 /home/harry/intelFPGA_lite/22.1std/nios2eds/bin/gnu/H-x86_64-pc-linux-gnu/bin/../lib/gcc/nios2-elf/12.1.1/../../../../../H-x86_64-pc-linux-gnu/nios2-elf/lib/mno-hw-mul/libsmallc.a(lib_a-memcpy.o)
 .text.memcpy   0x0000000000020d9c       0x28 /home/harry/intelFPGA_lite/22.1std/nios2eds/bin/gnu/H-x86_64-pc-linux-gnu/bin/../lib/gcc/nios2-elf/12.1.1/../../../../../H-x86_64-pc-linux-gnu/nios2-elf/lib/mno-hw-mul/libsmallc.a(lib_a-memcpy.o)
                0x0000000000020d9c                memcpy
 .text          0x0000000000020dc4        0x0 /home/harry/intelFPGA_lite/22.1std/nios2eds/bin/gnu/H-x86_64-pc-linux-gnu/bin/../lib/gcc/nios2-elf/12.1.1/../../../../../H-x86_64-pc-linux-gnu/nios2-elf/lib/mno-hw-mul/libsmallc.a(lib_a-strlen.o)
 .text.strlen   0x0000000000020dc4       0x1c /home/harry/intelFPGA_lite/22.1std/nios2eds/bin/gnu/H-x86_64-pc-linux-gnu/bin/../lib/gcc/nios2-elf/12.1.1/../../../../../H-x86_64-pc-linux-gnu/nios2-elf/lib/mno-hw-mul/libsmallc.a(lib_a-strlen.o)
                0x0000000000020dc4                strlen
 *(.gnu.warning.*)
 *(.fini)
                [!provide]                        PROVIDE (__etext = ABSOLUTE (.))
                [!provide]                        PROVIDE (_etext = ABSOLUTE (.))
                [!provide]                        PROVIDE (etext = ABSOLUTE (.))
 *(.eh_frame_hdr)
                0x0000000000020de0                . = ALIGN (0x4)
                [!provide]                        PROVIDE (__preinit_array_start = ABSOLUTE (.))
 *(.preinit_array)
                [!provide]                        PROVIDE (__preinit_array_end = ABSOLUTE (.))
                [!provide]                        PROVIDE (__init_array_start = ABSOLUTE (.))
 *(.init_array)
                [!provide]                        PROVIDE (__init_array_end = ABSOLUTE (.))
                [!provide]                        PROVIDE (__fini_array_start = ABSOLUTE (.))
 *(.fini_array)
                [!provide]                        PROVIDE (__fini_array_end = ABSOLUTE (.))
 *(.eh_frame)
 *(.gcc_except_table .gcc_except_table.*)
 *(.dynamic)
                [!provide]                        PROVIDE (__CTOR_LIST__ = ABSOLUTE (.))
 *(.ctors)
 *(SORT_BY_NAME(.ctors.*))
                [!provide]                        PROVIDE (__CTOR_END__ = ABSOLUTE (.))
                [!provide]                        PROVIDE (__DTOR_LIST__ = ABSOLUTE (.))
 *(.dtors)
 *(SORT_BY_NAME(.dtors.*))
                [!provide]                        PROVIDE (__DTOR_END__ = ABSOLUTE (.))
 *(.jcr)
                0x0000000000020de0                . = ALIGN (0x4)

.rodata         0x0000000000020de0       0x94
                0x0000000000020de0                PROVIDE (__ram_rodata_start = ABSOLUTE (.))
                0x0000000000020de0                . = ALIGN (0x4)
 *(.rodata .rodata.* .gnu.linkonce.r.*)
 .rodata.str1.4
                0x0000000000020de0       0x24 obj/default/controller_main.o
 .rodata        0x0000000000020e04       0x64 obj/default/controller_main.o
                0x0000000000020e04                FILTER_TAPS
 .rodata.str1.4
                0x0000000000020e68       0x17 ../controller_bsp//libhal_bsp.a(alt_sys_init.o)
 .rodata.str1.4
                0x0000000000020e68        0xa ../controller_bsp//libhal_bsp.a(alt_dev.o)
 *(.rodata1)
                0x0000000000020e80                . = ALIGN (0x4)
 *fill*         0x0000000000020e72        0x2 
                0x0000000000020e74                PROVIDE (__ram_rodata_end = ABSOLUTE (.))
                0x0000000000020de0                PROVIDE (__flash_rodata_start = LOADADDR (.rodata))

.rwdata         0x0000000000020e74       0xac load address 0x0000000000020f20
                0x0000000000020e74                PROVIDE (__ram_rwdata_start = ABSOLUTE (.))
                0x0000000000020e74                . = ALIGN (0x4)
 *(.got.plt)
 *(.got)
 *(.data1)
 *(.data .data.* .gnu.linkonce.d.*)
 .data          0x0000000000020e74        0x0 ../controller_bsp//obj/HAL/src/crt0.o
 .data          0x0000000000020e74        0x0 obj/default/controller_main.o
 .data          0x0000000000020e74        0x0 /home/harry/intelFPGA_lite/22.1std/nios2eds/bin/gnu/H-x86_64-pc-linux-gnu/bin/../lib/gcc/nios2-elf/12.1.1/mno-hw-mul/libgcc.a(lib2-divmod.o)
 .data          0x0000000000020e74        0x0 /home/harry/intelFPGA_lite/22.1std/nios2eds/bin/gnu/H-x86_64-pc-linux-gnu/bin/../lib/gcc/nios2-elf/12.1.1/mno-hw-mul/libgcc.a(lib2-mul.o)
 .data          0x0000000000020e74        0x0 ../controller_bsp//libhal_bsp.a(alt_getchar.o)
 .data          0x0000000000020e74        0x0 ../controller_bsp//libhal_bsp.a(alt_irq_register.o)
 .data          0x0000000000020e74        0x0 ../controller_bsp//libhal_bsp.a(alt_irq_vars.o)
 .data          0x0000000000020e74        0x0 ../controller_bsp//libhal_bsp.a(alt_load.o)
 .data          0x0000000000020e74        0x0 ../controller_bsp//libhal_bsp.a(alt_main.o)
 .data          0x0000000000020e74        0x0 ../controller_bsp//libhal_bsp.a(alt_printf.o)
 .data          0x0000000000020e74        0x0 ../controller_bsp//libhal_bsp.a(alt_putchar.o)
 .data          0x0000000000020e74       0x2c ../controller_bsp//libhal_bsp.a(alt_sys_init.o)
 .data          0x0000000000020ea0        0x0 ../controller_bsp//libhal_bsp.a(altera_avalon_jtag_uart_read.o)
 .data          0x0000000000020ea0        0x0 ../controller_bsp//libhal_bsp.a(altera_avalon_jtag_uart_write.o)
 .data          0x0000000000020ea0        0x0 ../controller_bsp//libhal_bsp.a(altera_up_avalon_accelerometer_spi.o)
 .data          0x0000000000020ea0        0x0 ../controller_bsp//libhal_bsp.a(alt_dcache_flush_all.o)
 .data          0x0000000000020ea0       0x58 ../controller_bsp//libhal_bsp.a(alt_dev.o)
                0x0000000000020ea0                alt_fd_list
                0x0000000000020ed0                alt_dev_null
 .data          0x0000000000020ef8        0x0 ../controller_bsp//libhal_bsp.a(alt_dev_llist_insert.o)
 .data          0x0000000000020ef8        0x0 ../controller_bsp//libhal_bsp.a(alt_errno.o)
 .data          0x0000000000020ef8        0x0 ../controller_bsp//libhal_bsp.a(alt_find_dev.o)
 .data          0x0000000000020ef8        0x0 ../controller_bsp//libhal_bsp.a(alt_icache_flush_all.o)
 .data          0x0000000000020ef8        0x0 ../controller_bsp//libhal_bsp.a(alt_irq_entry.o)
 .data          0x0000000000020ef8        0x0 ../controller_bsp//libhal_bsp.a(alt_irq_handler.o)
 .data          0x0000000000020ef8        0x0 ../controller_bsp//libhal_bsp.a(altera_nios2_gen2_irq.o)
 .data          0x0000000000020ef8        0x0 ../controller_bsp//libhal_bsp.a(alt_exception_entry.o)
 .data          0x0000000000020ef8        0x0 ../controller_bsp//libhal_bsp.a(alt_instruction_exception_entry.o)
 .data          0x0000000000020ef8        0x0 /home/harry/intelFPGA_lite/22.1std/nios2eds/bin/gnu/H-x86_64-pc-linux-gnu/bin/../lib/gcc/nios2-elf/12.1.1/../../../../../H-x86_64-pc-linux-gnu/nios2-elf/lib/mno-hw-mul/libsmallc.a(lib_a-int_errno.o)
 .data          0x0000000000020ef8        0x0 /home/harry/intelFPGA_lite/22.1std/nios2eds/bin/gnu/H-x86_64-pc-linux-gnu/bin/../lib/gcc/nios2-elf/12.1.1/../../../../../H-x86_64-pc-linux-gnu/nios2-elf/lib/mno-hw-mul/libsmallc.a(lib_a-memcmp.o)
 .data          0x0000000000020ef8        0x0 /home/harry/intelFPGA_lite/22.1std/nios2eds/bin/gnu/H-x86_64-pc-linux-gnu/bin/../lib/gcc/nios2-elf/12.1.1/../../../../../H-x86_64-pc-linux-gnu/nios2-elf/lib/mno-hw-mul/libsmallc.a(lib_a-memcpy.o)
 .data          0x0000000000020ef8        0x0 /home/harry/intelFPGA_lite/22.1std/nios2eds/bin/gnu/H-x86_64-pc-linux-gnu/bin/../lib/gcc/nios2-elf/12.1.1/../../../../../H-x86_64-pc-linux-gnu/nios2-elf/lib/mno-hw-mul/libsmallc.a(lib_a-strlen.o)
                0x0000000000028ef8                _gp = ABSOLUTE ((. + 0x8000))
                [!provide]                        PROVIDE (gp = _gp)
 *(.rwdata .rwdata.*)
 *(.sdata .sdata.* .gnu.linkonce.s.*)
 .sdata         0x0000000000020ef8        0x8 obj/default/controller_main.o
                0x0000000000020ef8                uartCntrlRegPtr
                0x0000000000020efc                uartDataRegPtr
 .sdata         0x0000000000020f00        0x4 ../controller_bsp//libhal_bsp.a(alt_irq_vars.o)
                0x0000000000020f00                alt_priority_mask
 .sdata         0x0000000000020f04        0x4 ../controller_bsp//libhal_bsp.a(alt_sys_init.o)
                0x0000000000020f04                jtag_uart
 .sdata         0x0000000000020f08       0x14 ../controller_bsp//libhal_bsp.a(alt_dev.o)
                0x0000000000020f08                alt_max_fd
                0x0000000000020f0c                alt_dev_list
                0x0000000000020f14                alt_fs_list
 .sdata         0x0000000000020f1c        0x4 ../controller_bsp//libhal_bsp.a(alt_errno.o)
                0x0000000000020f1c                alt_errno
 *(.sdata2 .sdata2.* .gnu.linkonce.s2.*)
                0x0000000000020f20                . = ALIGN (0x4)
                0x0000000000020f20                _edata = ABSOLUTE (.)
                [!provide]                        PROVIDE (edata = ABSOLUTE (.))
                0x0000000000020f20                PROVIDE (__ram_rwdata_end = ABSOLUTE (.))
                0x0000000000020f20                PROVIDE (__flash_rwdata_start = LOADADDR (.rwdata))

.bss            0x0000000000020fcc      0x13c
                0x0000000000020fcc                __bss_start = ABSOLUTE (.)
                [!provide]                        PROVIDE (__sbss_start = ABSOLUTE (.))
                [!provide]                        PROVIDE (___sbss_start = ABSOLUTE (.))
 *(.dynsbss)
 *(.sbss .sbss.* .gnu.linkonce.sb.*)
 .sbss          0x0000000000020fcc       0x24 obj/default/controller_main.o
                0x0000000000020fcc                FILTER_HEAD
                0x0000000000020fd0                RECV_FLAG
                0x0000000000020fd1                RECV_CHAR
                0x0000000000020fd4                LEDS
                0x0000000000020fd8                z_filter
                0x0000000000020fdc                y_filter
                0x0000000000020fe0                x_filter
                0x0000000000020fe4                z_read
                0x0000000000020fe8                y_read
                0x0000000000020fec                x_read
 .sbss          0x0000000000020ff0        0x4 ../controller_bsp//libhal_bsp.a(alt_irq_vars.o)
                0x0000000000020ff0                alt_irq_active
 .sbss          0x0000000000020ff4        0xc ../controller_bsp//libhal_bsp.a(alt_main.o)
                0x0000000000020ff4                alt_envp
                0x0000000000020ff8                alt_argv
                0x0000000000020ffc                alt_argc
 .sbss          0x0000000000021000        0x4 ../controller_bsp//libhal_bsp.a(alt_instruction_exception_entry.o)
                0x0000000000021000                alt_instruction_exception_handler
 .sbss.errno    0x0000000000021004        0x4 /home/harry/intelFPGA_lite/22.1std/nios2eds/bin/gnu/H-x86_64-pc-linux-gnu/bin/../lib/gcc/nios2-elf/12.1.1/../../../../../H-x86_64-pc-linux-gnu/nios2-elf/lib/mno-hw-mul/libsmallc.a(lib_a-int_errno.o)
                0x0000000000021004                errno
 *(.sbss2 .sbss2.* .gnu.linkonce.sb2.*)
 *(.scommon)
                [!provide]                        PROVIDE (__sbss_end = ABSOLUTE (.))
                [!provide]                        PROVIDE (___sbss_end = ABSOLUTE (.))
 *(.dynbss)
 *(.bss .bss.* .gnu.linkonce.b.*)
 .bss           0x0000000000021008        0x0 ../controller_bsp//obj/HAL/src/crt0.o
 .bss           0x0000000000021008        0x0 obj/default/controller_main.o
 .bss           0x0000000000021008        0x0 /home/harry/intelFPGA_lite/22.1std/nios2eds/bin/gnu/H-x86_64-pc-linux-gnu/bin/../lib/gcc/nios2-elf/12.1.1/mno-hw-mul/libgcc.a(lib2-divmod.o)
 .bss           0x0000000000021008        0x0 /home/harry/intelFPGA_lite/22.1std/nios2eds/bin/gnu/H-x86_64-pc-linux-gnu/bin/../lib/gcc/nios2-elf/12.1.1/mno-hw-mul/libgcc.a(lib2-mul.o)
 .bss           0x0000000000021008        0x0 ../controller_bsp//libhal_bsp.a(alt_getchar.o)
 .bss           0x0000000000021008        0x0 ../controller_bsp//libhal_bsp.a(alt_irq_register.o)
 .bss           0x0000000000021008        0x0 ../controller_bsp//libhal_bsp.a(alt_irq_vars.o)
 .bss           0x0000000000021008        0x0 ../controller_bsp//libhal_bsp.a(alt_load.o)
 .bss           0x0000000000021008        0x0 ../controller_bsp//libhal_bsp.a(alt_main.o)
 .bss           0x0000000000021008        0x0 ../controller_bsp//libhal_bsp.a(alt_printf.o)
 .bss           0x0000000000021008        0x0 ../controller_bsp//libhal_bsp.a(alt_putchar.o)
 .bss           0x0000000000021008        0x0 ../controller_bsp//libhal_bsp.a(alt_sys_init.o)
 .bss           0x0000000000021008        0x0 ../controller_bsp//libhal_bsp.a(altera_avalon_jtag_uart_read.o)
 .bss           0x0000000000021008        0x0 ../controller_bsp//libhal_bsp.a(altera_avalon_jtag_uart_write.o)
 .bss           0x0000000000021008        0x0 ../controller_bsp//libhal_bsp.a(altera_up_avalon_accelerometer_spi.o)
 .bss           0x0000000000021008        0x0 ../controller_bsp//libhal_bsp.a(alt_dcache_flush_all.o)
 .bss           0x0000000000021008        0x0 ../controller_bsp//libhal_bsp.a(alt_dev.o)
 .bss           0x0000000000021008        0x0 ../controller_bsp//libhal_bsp.a(alt_dev_llist_insert.o)
 .bss           0x0000000000021008        0x0 ../controller_bsp//libhal_bsp.a(alt_errno.o)
 .bss           0x0000000000021008        0x0 ../controller_bsp//libhal_bsp.a(alt_find_dev.o)
 .bss           0x0000000000021008        0x0 ../controller_bsp//libhal_bsp.a(alt_icache_flush_all.o)
 .bss           0x0000000000021008        0x0 ../controller_bsp//libhal_bsp.a(alt_irq_entry.o)
 .bss           0x0000000000021008      0x100 ../controller_bsp//libhal_bsp.a(alt_irq_handler.o)
                0x0000000000021008                alt_irq
 .bss           0x0000000000021108        0x0 ../controller_bsp//libhal_bsp.a(altera_nios2_gen2_irq.o)
 .bss           0x0000000000021108        0x0 ../controller_bsp//libhal_bsp.a(alt_exception_entry.o)
 .bss           0x0000000000021108        0x0 ../controller_bsp//libhal_bsp.a(alt_instruction_exception_entry.o)
 .bss           0x0000000000021108        0x0 /home/harry/intelFPGA_lite/22.1std/nios2eds/bin/gnu/H-x86_64-pc-linux-gnu/bin/../lib/gcc/nios2-elf/12.1.1/../../../../../H-x86_64-pc-linux-gnu/nios2-elf/lib/mno-hw-mul/libsmallc.a(lib_a-int_errno.o)
 .bss           0x0000000000021108        0x0 /home/harry/intelFPGA_lite/22.1std/nios2eds/bin/gnu/H-x86_64-pc-linux-gnu/bin/../lib/gcc/nios2-elf/12.1.1/../../../../../H-x86_64-pc-linux-gnu/nios2-elf/lib/mno-hw-mul/libsmallc.a(lib_a-memcmp.o)
 .bss           0x0000000000021108        0x0 /home/harry/intelFPGA_lite/22.1std/nios2eds/bin/gnu/H-x86_64-pc-linux-gnu/bin/../lib/gcc/nios2-elf/12.1.1/../../../../../H-x86_64-pc-linux-gnu/nios2-elf/lib/mno-hw-mul/libsmallc.a(lib_a-memcpy.o)
 .bss           0x0000000000021108        0x0 /home/harry/intelFPGA_lite/22.1std/nios2eds/bin/gnu/H-x86_64-pc-linux-gnu/bin/../lib/gcc/nios2-elf/12.1.1/../../../../../H-x86_64-pc-linux-gnu/nios2-elf/lib/mno-hw-mul/libsmallc.a(lib_a-strlen.o)
 *(COMMON)
                0x0000000000021108                . = ALIGN (0x4)
                0x0000000000021108                __bss_end = ABSOLUTE (.)

.onchip_memory  0x0000000000021108        0x0
                [!provide]                        PROVIDE (_alt_partition_onchip_memory_start = ABSOLUTE (.))
 *(.onchip_memory .onchip_memory. onchip_memory.*)
                0x0000000000021108                . = ALIGN (0x4)
                [!provide]                        PROVIDE (_alt_partition_onchip_memory_end = ABSOLUTE (.))
                0x0000000000021108                _end = ABSOLUTE (.)
                0x0000000000021108                end = ABSOLUTE (.)
                0x0000000000021108                __alt_stack_base = ABSOLUTE (.)
                [!provide]                        PROVIDE (_alt_partition_onchip_memory_load_addr = LOADADDR (.onchip_memory))

.stab
 *(.stab)

.stabstr
 *(.stabstr)

.stab.excl
 *(.stab.excl)

.stab.exclstr
 *(.stab.exclstr)

.stab.index
 *(.stab.index)

.stab.indexstr
 *(.stab.indexstr)

.comment        0x0000000000000000       0x2d
 *(.comment)
 .comment       0x0000000000000000       0x2d obj/default/controller_main.o
                                         0x2e (size before relaxing)
 .comment       0x000000000000002d       0x2e /home/harry/intelFPGA_lite/22.1std/nios2eds/bin/gnu/H-x86_64-pc-linux-gnu/bin/../lib/gcc/nios2-elf/12.1.1/mno-hw-mul/libgcc.a(lib2-divmod.o)
 .comment       0x000000000000002d       0x2e /home/harry/intelFPGA_lite/22.1std/nios2eds/bin/gnu/H-x86_64-pc-linux-gnu/bin/../lib/gcc/nios2-elf/12.1.1/mno-hw-mul/libgcc.a(lib2-mul.o)
 .comment       0x000000000000002d       0x2e ../controller_bsp//libhal_bsp.a(alt_getchar.o)
 .comment       0x000000000000002d       0x2e ../controller_bsp//libhal_bsp.a(alt_irq_register.o)
 .comment       0x000000000000002d       0x2e ../controller_bsp//libhal_bsp.a(alt_irq_vars.o)
 .comment       0x000000000000002d       0x2e ../controller_bsp//libhal_bsp.a(alt_load.o)
 .comment       0x000000000000002d       0x2e ../controller_bsp//libhal_bsp.a(alt_main.o)
 .comment       0x000000000000002d       0x2e ../controller_bsp//libhal_bsp.a(alt_printf.o)
 .comment       0x000000000000002d       0x2e ../controller_bsp//libhal_bsp.a(alt_putchar.o)
 .comment       0x000000000000002d       0x2e ../controller_bsp//libhal_bsp.a(alt_sys_init.o)
 .comment       0x000000000000002d       0x2e ../controller_bsp//libhal_bsp.a(altera_avalon_jtag_uart_read.o)
 .comment       0x000000000000002d       0x2e ../controller_bsp//libhal_bsp.a(altera_avalon_jtag_uart_write.o)
 .comment       0x000000000000002d       0x2e ../controller_bsp//libhal_bsp.a(altera_up_avalon_accelerometer_spi.o)
 .comment       0x000000000000002d       0x2e ../controller_bsp//libhal_bsp.a(alt_dcache_flush_all.o)
 .comment       0x000000000000002d       0x2e ../controller_bsp//libhal_bsp.a(alt_dev.o)
 .comment       0x000000000000002d       0x2e ../controller_bsp//libhal_bsp.a(alt_dev_llist_insert.o)
 .comment       0x000000000000002d       0x2e ../controller_bsp//libhal_bsp.a(alt_errno.o)
 .comment       0x000000000000002d       0x2e ../controller_bsp//libhal_bsp.a(alt_find_dev.o)
 .comment       0x000000000000002d       0x2e ../controller_bsp//libhal_bsp.a(alt_icache_flush_all.o)
 .comment       0x000000000000002d       0x2e ../controller_bsp//libhal_bsp.a(alt_irq_handler.o)
 .comment       0x000000000000002d       0x2e ../controller_bsp//libhal_bsp.a(altera_nios2_gen2_irq.o)
 .comment       0x000000000000002d       0x2e ../controller_bsp//libhal_bsp.a(alt_instruction_exception_entry.o)
 .comment       0x000000000000002d       0x2e /home/harry/intelFPGA_lite/22.1std/nios2eds/bin/gnu/H-x86_64-pc-linux-gnu/bin/../lib/gcc/nios2-elf/12.1.1/../../../../../H-x86_64-pc-linux-gnu/nios2-elf/lib/mno-hw-mul/libsmallc.a(lib_a-int_errno.o)
 .comment       0x000000000000002d       0x2e /home/harry/intelFPGA_lite/22.1std/nios2eds/bin/gnu/H-x86_64-pc-linux-gnu/bin/../lib/gcc/nios2-elf/12.1.1/../../../../../H-x86_64-pc-linux-gnu/nios2-elf/lib/mno-hw-mul/libsmallc.a(lib_a-memcmp.o)
 .comment       0x000000000000002d       0x2e /home/harry/intelFPGA_lite/22.1std/nios2eds/bin/gnu/H-x86_64-pc-linux-gnu/bin/../lib/gcc/nios2-elf/12.1.1/../../../../../H-x86_64-pc-linux-gnu/nios2-elf/lib/mno-hw-mul/libsmallc.a(lib_a-memcpy.o)
 .comment       0x000000000000002d       0x2e /home/harry/intelFPGA_lite/22.1std/nios2eds/bin/gnu/H-x86_64-pc-linux-gnu/bin/../lib/gcc/nios2-elf/12.1.1/../../../../../H-x86_64-pc-linux-gnu/nios2-elf/lib/mno-hw-mul/libsmallc.a(lib_a-strlen.o)

.debug
 *(.debug)

.line
 *(.line)

.debug_srcinfo
 *(.debug_srcinfo)

.debug_sfnames
 *(.debug_sfnames)

.debug_aranges  0x0000000000000000      0x3e0
 *(.debug_aranges)
 .debug_aranges
                0x0000000000000000       0x28 ../controller_bsp//obj/HAL/src/crt0.o
 .debug_aranges
                0x0000000000000028       0x28 obj/default/controller_main.o
 .debug_aranges
                0x0000000000000050       0x20 /home/harry/intelFPGA_lite/22.1std/nios2eds/bin/gnu/H-x86_64-pc-linux-gnu/bin/../lib/gcc/nios2-elf/12.1.1/mno-hw-mul/libgcc.a(lib2-divmod.o)
 .debug_aranges
                0x0000000000000070       0x20 /home/harry/intelFPGA_lite/22.1std/nios2eds/bin/gnu/H-x86_64-pc-linux-gnu/bin/../lib/gcc/nios2-elf/12.1.1/mno-hw-mul/libgcc.a(lib2-mul.o)
 .debug_aranges
                0x0000000000000090       0x20 ../controller_bsp//libhal_bsp.a(alt_getchar.o)
 .debug_aranges
                0x00000000000000b0       0x20 ../controller_bsp//libhal_bsp.a(alt_irq_register.o)
 .debug_aranges
                0x00000000000000d0       0x18 ../controller_bsp//libhal_bsp.a(alt_irq_vars.o)
 .debug_aranges
                0x00000000000000e8       0x20 ../controller_bsp//libhal_bsp.a(alt_load.o)
 .debug_aranges
                0x0000000000000108       0x20 ../controller_bsp//libhal_bsp.a(alt_main.o)
 .debug_aranges
                0x0000000000000128       0x20 ../controller_bsp//libhal_bsp.a(alt_printf.o)
 .debug_aranges
                0x0000000000000148       0x20 ../controller_bsp//libhal_bsp.a(alt_putchar.o)
 .debug_aranges
                0x0000000000000168       0x20 ../controller_bsp//libhal_bsp.a(alt_sys_init.o)
 .debug_aranges
                0x0000000000000188       0x20 ../controller_bsp//libhal_bsp.a(altera_avalon_jtag_uart_read.o)
 .debug_aranges
                0x00000000000001a8       0x20 ../controller_bsp//libhal_bsp.a(altera_avalon_jtag_uart_write.o)
 .debug_aranges
                0x00000000000001c8       0x20 ../controller_bsp//libhal_bsp.a(altera_up_avalon_accelerometer_spi.o)
 .debug_aranges
                0x00000000000001e8       0x20 ../controller_bsp//libhal_bsp.a(alt_dcache_flush_all.o)
 .debug_aranges
                0x0000000000000208       0x20 ../controller_bsp//libhal_bsp.a(alt_dev.o)
 .debug_aranges
                0x0000000000000228       0x20 ../controller_bsp//libhal_bsp.a(alt_dev_llist_insert.o)
 .debug_aranges
                0x0000000000000248       0x18 ../controller_bsp//libhal_bsp.a(alt_errno.o)
 .debug_aranges
                0x0000000000000260       0x20 ../controller_bsp//libhal_bsp.a(alt_find_dev.o)
 .debug_aranges
                0x0000000000000280       0x20 ../controller_bsp//libhal_bsp.a(alt_icache_flush_all.o)
 .debug_aranges
                0x00000000000002a0       0x30 ../controller_bsp//libhal_bsp.a(alt_irq_entry.o)
 .debug_aranges
                0x00000000000002d0       0x20 ../controller_bsp//libhal_bsp.a(alt_irq_handler.o)
 .debug_aranges
                0x00000000000002f0       0x20 ../controller_bsp//libhal_bsp.a(altera_nios2_gen2_irq.o)
 .debug_aranges
                0x0000000000000310       0x30 ../controller_bsp//libhal_bsp.a(alt_exception_entry.o)
 .debug_aranges
                0x0000000000000340       0x28 ../controller_bsp//libhal_bsp.a(alt_instruction_exception_entry.o)
 .debug_aranges
                0x0000000000000368       0x18 /home/harry/intelFPGA_lite/22.1std/nios2eds/bin/gnu/H-x86_64-pc-linux-gnu/bin/../lib/gcc/nios2-elf/12.1.1/../../../../../H-x86_64-pc-linux-gnu/nios2-elf/lib/mno-hw-mul/libsmallc.a(lib_a-int_errno.o)
 .debug_aranges
                0x0000000000000380       0x20 /home/harry/intelFPGA_lite/22.1std/nios2eds/bin/gnu/H-x86_64-pc-linux-gnu/bin/../lib/gcc/nios2-elf/12.1.1/../../../../../H-x86_64-pc-linux-gnu/nios2-elf/lib/mno-hw-mul/libsmallc.a(lib_a-memcmp.o)
 .debug_aranges
                0x00000000000003a0       0x20 /home/harry/intelFPGA_lite/22.1std/nios2eds/bin/gnu/H-x86_64-pc-linux-gnu/bin/../lib/gcc/nios2-elf/12.1.1/../../../../../H-x86_64-pc-linux-gnu/nios2-elf/lib/mno-hw-mul/libsmallc.a(lib_a-memcpy.o)
 .debug_aranges
                0x00000000000003c0       0x20 /home/harry/intelFPGA_lite/22.1std/nios2eds/bin/gnu/H-x86_64-pc-linux-gnu/bin/../lib/gcc/nios2-elf/12.1.1/../../../../../H-x86_64-pc-linux-gnu/nios2-elf/lib/mno-hw-mul/libsmallc.a(lib_a-strlen.o)

.debug_pubnames
 *(.debug_pubnames)

.debug_info     0x0000000000000000     0x38ca
 *(.debug_info .gnu.linkonce.wi.*)
 .debug_info    0x0000000000000000       0x22 ../controller_bsp//obj/HAL/src/crt0.o
 .debug_info    0x0000000000000022      0x802 obj/default/controller_main.o
 .debug_info    0x0000000000000824      0x347 /home/harry/intelFPGA_lite/22.1std/nios2eds/bin/gnu/H-x86_64-pc-linux-gnu/bin/../lib/gcc/nios2-elf/12.1.1/mno-hw-mul/libgcc.a(lib2-divmod.o)
 .debug_info    0x0000000000000b6b       0xc4 /home/harry/intelFPGA_lite/22.1std/nios2eds/bin/gnu/H-x86_64-pc-linux-gnu/bin/../lib/gcc/nios2-elf/12.1.1/mno-hw-mul/libgcc.a(lib2-mul.o)
 .debug_info    0x0000000000000c2f      0x32c ../controller_bsp//libhal_bsp.a(alt_getchar.o)
 .debug_info    0x0000000000000f5b      0x326 ../controller_bsp//libhal_bsp.a(alt_irq_register.o)
 .debug_info    0x0000000000001281       0x88 ../controller_bsp//libhal_bsp.a(alt_irq_vars.o)
 .debug_info    0x0000000000001309      0x239 ../controller_bsp//libhal_bsp.a(alt_load.o)
 .debug_info    0x0000000000001542      0x13e ../controller_bsp//libhal_bsp.a(alt_main.o)
 .debug_info    0x0000000000001680      0x17e ../controller_bsp//libhal_bsp.a(alt_printf.o)
 .debug_info    0x00000000000017fe      0x130 ../controller_bsp//libhal_bsp.a(alt_putchar.o)
 .debug_info    0x000000000000192e      0x428 ../controller_bsp//libhal_bsp.a(alt_sys_init.o)
 .debug_info    0x0000000000001d56      0x168 ../controller_bsp//libhal_bsp.a(altera_avalon_jtag_uart_read.o)
 .debug_info    0x0000000000001ebe      0x149 ../controller_bsp//libhal_bsp.a(altera_avalon_jtag_uart_write.o)
 .debug_info    0x0000000000002007      0x490 ../controller_bsp//libhal_bsp.a(altera_up_avalon_accelerometer_spi.o)
 .debug_info    0x0000000000002497       0x8d ../controller_bsp//libhal_bsp.a(alt_dcache_flush_all.o)
 .debug_info    0x0000000000002524      0x564 ../controller_bsp//libhal_bsp.a(alt_dev.o)
 .debug_info    0x0000000000002a88      0x1c9 ../controller_bsp//libhal_bsp.a(alt_dev_llist_insert.o)
 .debug_info    0x0000000000002c51       0xa8 ../controller_bsp//libhal_bsp.a(alt_errno.o)
 .debug_info    0x0000000000002cf9      0x361 ../controller_bsp//libhal_bsp.a(alt_find_dev.o)
 .debug_info    0x000000000000305a       0x8d ../controller_bsp//libhal_bsp.a(alt_icache_flush_all.o)
 .debug_info    0x00000000000030e7       0x22 ../controller_bsp//libhal_bsp.a(alt_irq_entry.o)
 .debug_info    0x0000000000003109      0x19a ../controller_bsp//libhal_bsp.a(alt_irq_handler.o)
 .debug_info    0x00000000000032a3       0x8d ../controller_bsp//libhal_bsp.a(altera_nios2_gen2_irq.o)
 .debug_info    0x0000000000003330       0x22 ../controller_bsp//libhal_bsp.a(alt_exception_entry.o)
 .debug_info    0x0000000000003352      0x208 ../controller_bsp//libhal_bsp.a(alt_instruction_exception_entry.o)
 .debug_info    0x000000000000355a       0x85 /home/harry/intelFPGA_lite/22.1std/nios2eds/bin/gnu/H-x86_64-pc-linux-gnu/bin/../lib/gcc/nios2-elf/12.1.1/../../../../../H-x86_64-pc-linux-gnu/nios2-elf/lib/mno-hw-mul/libsmallc.a(lib_a-int_errno.o)
 .debug_info    0x00000000000035df       0xf9 /home/harry/intelFPGA_lite/22.1std/nios2eds/bin/gnu/H-x86_64-pc-linux-gnu/bin/../lib/gcc/nios2-elf/12.1.1/../../../../../H-x86_64-pc-linux-gnu/nios2-elf/lib/mno-hw-mul/libsmallc.a(lib_a-memcmp.o)
 .debug_info    0x00000000000036d8      0x121 /home/harry/intelFPGA_lite/22.1std/nios2eds/bin/gnu/H-x86_64-pc-linux-gnu/bin/../lib/gcc/nios2-elf/12.1.1/../../../../../H-x86_64-pc-linux-gnu/nios2-elf/lib/mno-hw-mul/libsmallc.a(lib_a-memcpy.o)
 .debug_info    0x00000000000037f9       0xd1 /home/harry/intelFPGA_lite/22.1std/nios2eds/bin/gnu/H-x86_64-pc-linux-gnu/bin/../lib/gcc/nios2-elf/12.1.1/../../../../../H-x86_64-pc-linux-gnu/nios2-elf/lib/mno-hw-mul/libsmallc.a(lib_a-strlen.o)

.debug_abbrev   0x0000000000000000     0x19db
 *(.debug_abbrev)
 .debug_abbrev  0x0000000000000000       0x12 ../controller_bsp//obj/HAL/src/crt0.o
 .debug_abbrev  0x0000000000000012      0x287 obj/default/controller_main.o
 .debug_abbrev  0x0000000000000299      0x10c /home/harry/intelFPGA_lite/22.1std/nios2eds/bin/gnu/H-x86_64-pc-linux-gnu/bin/../lib/gcc/nios2-elf/12.1.1/mno-hw-mul/libgcc.a(lib2-divmod.o)
 .debug_abbrev  0x00000000000003a5       0x80 /home/harry/intelFPGA_lite/22.1std/nios2eds/bin/gnu/H-x86_64-pc-linux-gnu/bin/../lib/gcc/nios2-elf/12.1.1/mno-hw-mul/libgcc.a(lib2-mul.o)
 .debug_abbrev  0x0000000000000425      0x118 ../controller_bsp//libhal_bsp.a(alt_getchar.o)
 .debug_abbrev  0x000000000000053d      0x202 ../controller_bsp//libhal_bsp.a(alt_irq_register.o)
 .debug_abbrev  0x000000000000073f       0x46 ../controller_bsp//libhal_bsp.a(alt_irq_vars.o)
 .debug_abbrev  0x0000000000000785      0x12c ../controller_bsp//libhal_bsp.a(alt_load.o)
 .debug_abbrev  0x00000000000008b1       0xeb ../controller_bsp//libhal_bsp.a(alt_main.o)
 .debug_abbrev  0x000000000000099c      0x10d ../controller_bsp//libhal_bsp.a(alt_printf.o)
 .debug_abbrev  0x0000000000000aa9       0xca ../controller_bsp//libhal_bsp.a(alt_putchar.o)
 .debug_abbrev  0x0000000000000b73      0x1dc ../controller_bsp//libhal_bsp.a(alt_sys_init.o)
 .debug_abbrev  0x0000000000000d4f       0xef ../controller_bsp//libhal_bsp.a(altera_avalon_jtag_uart_read.o)
 .debug_abbrev  0x0000000000000e3e       0xdc ../controller_bsp//libhal_bsp.a(altera_avalon_jtag_uart_write.o)
 .debug_abbrev  0x0000000000000f1a      0x14f ../controller_bsp//libhal_bsp.a(altera_up_avalon_accelerometer_spi.o)
 .debug_abbrev  0x0000000000001069       0x43 ../controller_bsp//libhal_bsp.a(alt_dcache_flush_all.o)
 .debug_abbrev  0x00000000000010ac      0x11b ../controller_bsp//libhal_bsp.a(alt_dev.o)
 .debug_abbrev  0x00000000000011c7      0x147 ../controller_bsp//libhal_bsp.a(alt_dev_llist_insert.o)
 .debug_abbrev  0x000000000000130e       0x70 ../controller_bsp//libhal_bsp.a(alt_errno.o)
 .debug_abbrev  0x000000000000137e      0x132 ../controller_bsp//libhal_bsp.a(alt_find_dev.o)
 .debug_abbrev  0x00000000000014b0       0x43 ../controller_bsp//libhal_bsp.a(alt_icache_flush_all.o)
 .debug_abbrev  0x00000000000014f3       0x12 ../controller_bsp//libhal_bsp.a(alt_irq_entry.o)
 .debug_abbrev  0x0000000000001505      0x147 ../controller_bsp//libhal_bsp.a(alt_irq_handler.o)
 .debug_abbrev  0x000000000000164c       0x43 ../controller_bsp//libhal_bsp.a(altera_nios2_gen2_irq.o)
 .debug_abbrev  0x000000000000168f       0x12 ../controller_bsp//libhal_bsp.a(alt_exception_entry.o)
 .debug_abbrev  0x00000000000016a1      0x113 ../controller_bsp//libhal_bsp.a(alt_instruction_exception_entry.o)
 .debug_abbrev  0x00000000000017b4       0x39 /home/harry/intelFPGA_lite/22.1std/nios2eds/bin/gnu/H-x86_64-pc-linux-gnu/bin/../lib/gcc/nios2-elf/12.1.1/../../../../../H-x86_64-pc-linux-gnu/nios2-elf/lib/mno-hw-mul/libsmallc.a(lib_a-int_errno.o)
 .debug_abbrev  0x00000000000017ed       0xa1 /home/harry/intelFPGA_lite/22.1std/nios2eds/bin/gnu/H-x86_64-pc-linux-gnu/bin/../lib/gcc/nios2-elf/12.1.1/../../../../../H-x86_64-pc-linux-gnu/nios2-elf/lib/mno-hw-mul/libsmallc.a(lib_a-memcmp.o)
 .debug_abbrev  0x000000000000188e       0xc1 /home/harry/intelFPGA_lite/22.1std/nios2eds/bin/gnu/H-x86_64-pc-linux-gnu/bin/../lib/gcc/nios2-elf/12.1.1/../../../../../H-x86_64-pc-linux-gnu/nios2-elf/lib/mno-hw-mul/libsmallc.a(lib_a-memcpy.o)
 .debug_abbrev  0x000000000000194f       0x8c /home/harry/intelFPGA_lite/22.1std/nios2eds/bin/gnu/H-x86_64-pc-linux-gnu/bin/../lib/gcc/nios2-elf/12.1.1/../../../../../H-x86_64-pc-linux-gnu/nios2-elf/lib/mno-hw-mul/libsmallc.a(lib_a-strlen.o)

.debug_line     0x0000000000000000     0x184a
 *(.debug_line)
 .debug_line    0x0000000000000000       0x66 ../controller_bsp//obj/HAL/src/crt0.o
 .debug_line    0x0000000000000066      0x2fb obj/default/controller_main.o
 .debug_line    0x0000000000000361      0x2e3 /home/harry/intelFPGA_lite/22.1std/nios2eds/bin/gnu/H-x86_64-pc-linux-gnu/bin/../lib/gcc/nios2-elf/12.1.1/mno-hw-mul/libgcc.a(lib2-divmod.o)
 .debug_line    0x0000000000000644       0x88 /home/harry/intelFPGA_lite/22.1std/nios2eds/bin/gnu/H-x86_64-pc-linux-gnu/bin/../lib/gcc/nios2-elf/12.1.1/mno-hw-mul/libgcc.a(lib2-mul.o)
 .debug_line    0x00000000000006cc       0xa1 ../controller_bsp//libhal_bsp.a(alt_getchar.o)
 .debug_line    0x000000000000076d      0x166 ../controller_bsp//libhal_bsp.a(alt_irq_register.o)
 .debug_line    0x00000000000008d3       0x43 ../controller_bsp//libhal_bsp.a(alt_irq_vars.o)
 .debug_line    0x0000000000000916       0xd2 ../controller_bsp//libhal_bsp.a(alt_load.o)
 .debug_line    0x00000000000009e8       0xa2 ../controller_bsp//libhal_bsp.a(alt_main.o)
 .debug_line    0x0000000000000a8a      0x177 ../controller_bsp//libhal_bsp.a(alt_printf.o)
 .debug_line    0x0000000000000c01       0x82 ../controller_bsp//libhal_bsp.a(alt_putchar.o)
 .debug_line    0x0000000000000c83       0xcc ../controller_bsp//libhal_bsp.a(alt_sys_init.o)
 .debug_line    0x0000000000000d4f       0xd7 ../controller_bsp//libhal_bsp.a(altera_avalon_jtag_uart_read.o)
 .debug_line    0x0000000000000e26       0x93 ../controller_bsp//libhal_bsp.a(altera_avalon_jtag_uart_write.o)
 .debug_line    0x0000000000000eb9      0x188 ../controller_bsp//libhal_bsp.a(altera_up_avalon_accelerometer_spi.o)
 .debug_line    0x0000000000001041       0x4e ../controller_bsp//libhal_bsp.a(alt_dcache_flush_all.o)
 .debug_line    0x000000000000108f       0x9a ../controller_bsp//libhal_bsp.a(alt_dev.o)
 .debug_line    0x0000000000001129       0xfd ../controller_bsp//libhal_bsp.a(alt_dev_llist_insert.o)
 .debug_line    0x0000000000001226       0x4c ../controller_bsp//libhal_bsp.a(alt_errno.o)
 .debug_line    0x0000000000001272       0xb7 ../controller_bsp//libhal_bsp.a(alt_find_dev.o)
 .debug_line    0x0000000000001329       0x4c ../controller_bsp//libhal_bsp.a(alt_icache_flush_all.o)
 .debug_line    0x0000000000001375       0x6b ../controller_bsp//libhal_bsp.a(alt_irq_entry.o)
 .debug_line    0x00000000000013e0       0xf8 ../controller_bsp//libhal_bsp.a(alt_irq_handler.o)
 .debug_line    0x00000000000014d8       0x54 ../controller_bsp//libhal_bsp.a(altera_nios2_gen2_irq.o)
 .debug_line    0x000000000000152c       0x9d ../controller_bsp//libhal_bsp.a(alt_exception_entry.o)
 .debug_line    0x00000000000015c9       0xb0 ../controller_bsp//libhal_bsp.a(alt_instruction_exception_entry.o)
 .debug_line    0x0000000000001679       0x3a /home/harry/intelFPGA_lite/22.1std/nios2eds/bin/gnu/H-x86_64-pc-linux-gnu/bin/../lib/gcc/nios2-elf/12.1.1/../../../../../H-x86_64-pc-linux-gnu/nios2-elf/lib/mno-hw-mul/libsmallc.a(lib_a-int_errno.o)
 .debug_line    0x00000000000016b3       0x8f /home/harry/intelFPGA_lite/22.1std/nios2eds/bin/gnu/H-x86_64-pc-linux-gnu/bin/../lib/gcc/nios2-elf/12.1.1/../../../../../H-x86_64-pc-linux-gnu/nios2-elf/lib/mno-hw-mul/libsmallc.a(lib_a-memcmp.o)
 .debug_line    0x0000000000001742       0x8c /home/harry/intelFPGA_lite/22.1std/nios2eds/bin/gnu/H-x86_64-pc-linux-gnu/bin/../lib/gcc/nios2-elf/12.1.1/../../../../../H-x86_64-pc-linux-gnu/nios2-elf/lib/mno-hw-mul/libsmallc.a(lib_a-memcpy.o)
 .debug_line    0x00000000000017ce       0x7c /home/harry/intelFPGA_lite/22.1std/nios2eds/bin/gnu/H-x86_64-pc-linux-gnu/bin/../lib/gcc/nios2-elf/12.1.1/../../../../../H-x86_64-pc-linux-gnu/nios2-elf/lib/mno-hw-mul/libsmallc.a(lib_a-strlen.o)

.debug_frame    0x0000000000000000      0x4f0
 *(.debug_frame)
 .debug_frame   0x0000000000000000       0xb8 obj/default/controller_main.o
 .debug_frame   0x00000000000000b8       0x50 /home/harry/intelFPGA_lite/22.1std/nios2eds/bin/gnu/H-x86_64-pc-linux-gnu/bin/../lib/gcc/nios2-elf/12.1.1/mno-hw-mul/libgcc.a(lib2-divmod.o)
 .debug_frame   0x0000000000000108       0x20 /home/harry/intelFPGA_lite/22.1std/nios2eds/bin/gnu/H-x86_64-pc-linux-gnu/bin/../lib/gcc/nios2-elf/12.1.1/mno-hw-mul/libgcc.a(lib2-mul.o)
 .debug_frame   0x0000000000000128       0x30 ../controller_bsp//libhal_bsp.a(alt_getchar.o)
 .debug_frame   0x0000000000000158       0x20 ../controller_bsp//libhal_bsp.a(alt_irq_register.o)
 .debug_frame   0x0000000000000178       0x2c ../controller_bsp//libhal_bsp.a(alt_load.o)
 .debug_frame   0x00000000000001a4       0x2c ../controller_bsp//libhal_bsp.a(alt_main.o)
 .debug_frame   0x00000000000001d0       0x44 ../controller_bsp//libhal_bsp.a(alt_printf.o)
 .debug_frame   0x0000000000000214       0x30 ../controller_bsp//libhal_bsp.a(alt_putchar.o)
 .debug_frame   0x0000000000000244       0x3c ../controller_bsp//libhal_bsp.a(alt_sys_init.o)
 .debug_frame   0x0000000000000280       0x20 ../controller_bsp//libhal_bsp.a(altera_avalon_jtag_uart_read.o)
 .debug_frame   0x00000000000002a0       0x20 ../controller_bsp//libhal_bsp.a(altera_avalon_jtag_uart_write.o)
 .debug_frame   0x00000000000002c0       0x80 ../controller_bsp//libhal_bsp.a(altera_up_avalon_accelerometer_spi.o)
 .debug_frame   0x0000000000000340       0x20 ../controller_bsp//libhal_bsp.a(alt_dcache_flush_all.o)
 .debug_frame   0x0000000000000360       0x20 ../controller_bsp//libhal_bsp.a(alt_dev.o)
 .debug_frame   0x0000000000000380       0x2c ../controller_bsp//libhal_bsp.a(alt_dev_llist_insert.o)
 .debug_frame   0x00000000000003ac       0x40 ../controller_bsp//libhal_bsp.a(alt_find_dev.o)
 .debug_frame   0x00000000000003ec       0x20 ../controller_bsp//libhal_bsp.a(alt_icache_flush_all.o)
 .debug_frame   0x000000000000040c       0x34 ../controller_bsp//libhal_bsp.a(alt_irq_handler.o)
 .debug_frame   0x0000000000000440       0x20 ../controller_bsp//libhal_bsp.a(altera_nios2_gen2_irq.o)
 .debug_frame   0x0000000000000460       0x30 ../controller_bsp//libhal_bsp.a(alt_instruction_exception_entry.o)
 .debug_frame   0x0000000000000490       0x20 /home/harry/intelFPGA_lite/22.1std/nios2eds/bin/gnu/H-x86_64-pc-linux-gnu/bin/../lib/gcc/nios2-elf/12.1.1/../../../../../H-x86_64-pc-linux-gnu/nios2-elf/lib/mno-hw-mul/libsmallc.a(lib_a-memcmp.o)
 .debug_frame   0x00000000000004b0       0x20 /home/harry/intelFPGA_lite/22.1std/nios2eds/bin/gnu/H-x86_64-pc-linux-gnu/bin/../lib/gcc/nios2-elf/12.1.1/../../../../../H-x86_64-pc-linux-gnu/nios2-elf/lib/mno-hw-mul/libsmallc.a(lib_a-memcpy.o)
 .debug_frame   0x00000000000004d0       0x20 /home/harry/intelFPGA_lite/22.1std/nios2eds/bin/gnu/H-x86_64-pc-linux-gnu/bin/../lib/gcc/nios2-elf/12.1.1/../../../../../H-x86_64-pc-linux-gnu/nios2-elf/lib/mno-hw-mul/libsmallc.a(lib_a-strlen.o)

.debug_str      0x0000000000000000      0xeac
 *(.debug_str)
 .debug_str     0x0000000000000000       0x6d ../controller_bsp//obj/HAL/src/crt0.o
 .debug_str     0x000000000000006d      0x2f3 obj/default/controller_main.o
                                        0x34e (size before relaxing)
 .debug_str     0x0000000000000360       0xcd /home/harry/intelFPGA_lite/22.1std/nios2eds/bin/gnu/H-x86_64-pc-linux-gnu/bin/../lib/gcc/nios2-elf/12.1.1/mno-hw-mul/libgcc.a(lib2-divmod.o)
                                        0x122 (size before relaxing)
 .debug_str     0x000000000000042d       0xe6 /home/harry/intelFPGA_lite/22.1std/nios2eds/bin/gnu/H-x86_64-pc-linux-gnu/bin/../lib/gcc/nios2-elf/12.1.1/mno-hw-mul/libgcc.a(lib2-mul.o)
 .debug_str     0x000000000000042d       0x53 ../controller_bsp//libhal_bsp.a(alt_getchar.o)
                                        0x1da (size before relaxing)
 .debug_str     0x0000000000000480       0x84 ../controller_bsp//libhal_bsp.a(alt_irq_register.o)
                                        0x1a2 (size before relaxing)
 .debug_str     0x0000000000000504       0x12 ../controller_bsp//libhal_bsp.a(alt_irq_vars.o)
                                         0xf3 (size before relaxing)
 .debug_str     0x0000000000000516      0x111 ../controller_bsp//libhal_bsp.a(alt_load.o)
                                        0x208 (size before relaxing)
 .debug_str     0x0000000000000627       0x4b ../controller_bsp//libhal_bsp.a(alt_main.o)
                                        0x138 (size before relaxing)
 .debug_str     0x0000000000000672       0x44 ../controller_bsp//libhal_bsp.a(alt_printf.o)
                                         0xc1 (size before relaxing)
 .debug_str     0x00000000000006b6       0x1e ../controller_bsp//libhal_bsp.a(alt_putchar.o)
                                        0x13c (size before relaxing)
 .debug_str     0x00000000000006d4       0xa5 ../controller_bsp//libhal_bsp.a(alt_sys_init.o)
                                        0x286 (size before relaxing)
 .debug_str     0x0000000000000779        0xb ../controller_bsp//libhal_bsp.a(altera_avalon_jtag_uart_read.o)
                                        0x167 (size before relaxing)
 .debug_str     0x0000000000000784        0x6 ../controller_bsp//libhal_bsp.a(altera_avalon_jtag_uart_write.o)
                                        0x15c (size before relaxing)
 .debug_str     0x000000000000078a       0x83 ../controller_bsp//libhal_bsp.a(altera_up_avalon_accelerometer_spi.o)
                                        0x2e4 (size before relaxing)
 .debug_str     0x000000000000080d       0xfd ../controller_bsp//libhal_bsp.a(alt_dcache_flush_all.o)
 .debug_str     0x000000000000080d      0x137 ../controller_bsp//libhal_bsp.a(alt_dev.o)
                                        0x319 (size before relaxing)
 .debug_str     0x0000000000000944       0x29 ../controller_bsp//libhal_bsp.a(alt_dev_llist_insert.o)
                                        0x174 (size before relaxing)
 .debug_str     0x000000000000096d        0x8 ../controller_bsp//libhal_bsp.a(alt_errno.o)
                                         0xfa (size before relaxing)
 .debug_str     0x0000000000000975        0xe ../controller_bsp//libhal_bsp.a(alt_find_dev.o)
                                        0x1a4 (size before relaxing)
 .debug_str     0x0000000000000983       0xfd ../controller_bsp//libhal_bsp.a(alt_icache_flush_all.o)
 .debug_str     0x0000000000000983       0x18 ../controller_bsp//libhal_bsp.a(alt_irq_entry.o)
                                         0x76 (size before relaxing)
 .debug_str     0x000000000000099b       0x20 ../controller_bsp//libhal_bsp.a(alt_irq_handler.o)
                                        0x144 (size before relaxing)
 .debug_str     0x00000000000009bb      0x103 ../controller_bsp//libhal_bsp.a(altera_nios2_gen2_irq.o)
 .debug_str     0x00000000000009bb       0x1e ../controller_bsp//libhal_bsp.a(alt_exception_entry.o)
                                         0x7c (size before relaxing)
 .debug_str     0x00000000000009d9      0x461 ../controller_bsp//libhal_bsp.a(alt_instruction_exception_entry.o)
                                        0x546 (size before relaxing)
 .debug_str     0x0000000000000e3a       0x5e /home/harry/intelFPGA_lite/22.1std/nios2eds/bin/gnu/H-x86_64-pc-linux-gnu/bin/../lib/gcc/nios2-elf/12.1.1/../../../../../H-x86_64-pc-linux-gnu/nios2-elf/lib/mno-hw-mul/libsmallc.a(lib_a-int_errno.o)
                                         0xf9 (size before relaxing)
 .debug_str     0x0000000000000e98      0x101 /home/harry/intelFPGA_lite/22.1std/nios2eds/bin/gnu/H-x86_64-pc-linux-gnu/bin/../lib/gcc/nios2-elf/12.1.1/../../../../../H-x86_64-pc-linux-gnu/nios2-elf/lib/mno-hw-mul/libsmallc.a(lib_a-memcmp.o)
 .debug_str     0x0000000000000e98       0x14 /home/harry/intelFPGA_lite/22.1std/nios2eds/bin/gnu/H-x86_64-pc-linux-gnu/bin/../lib/gcc/nios2-elf/12.1.1/../../../../../H-x86_64-pc-linux-gnu/nios2-elf/lib/mno-hw-mul/libsmallc.a(lib_a-memcpy.o)
                                        0x115 (size before relaxing)
 .debug_str     0x0000000000000eac       0x14 /home/harry/intelFPGA_lite/22.1std/nios2eds/bin/gnu/H-x86_64-pc-linux-gnu/bin/../lib/gcc/nios2-elf/12.1.1/../../../../../H-x86_64-pc-linux-gnu/nios2-elf/lib/mno-hw-mul/libsmallc.a(lib_a-strlen.o)
                                        0x107 (size before relaxing)

.debug_loc
 *(.debug_loc)

.debug_macinfo
 *(.debug_macinfo)

.debug_weaknames
 *(.debug_weaknames)

.debug_funcnames
 *(.debug_funcnames)

.debug_typenames
 *(.debug_typenames)

.debug_varnames
 *(.debug_varnames)

.debug_alt_sim_info
                0x0000000000000000       0x10
 *(.debug_alt_sim_info)
 .debug_alt_sim_info
                0x0000000000000000       0x10 ../controller_bsp//obj/HAL/src/crt0.o
                0x0000000000040000                __alt_data_end = 0x40000
                0x0000000000040000                PROVIDE (__alt_stack_pointer = __alt_data_end)
                [!provide]                        PROVIDE (__alt_stack_limit = __alt_stack_base)
                [!provide]                        PROVIDE (__alt_heap_start = end)
                [!provide]                        PROVIDE (__alt_heap_limit = 0x40000)
OUTPUT(controller.elf elf32-littlenios2)
LOAD linker stubs

.debug_ranges   0x0000000000000000       0x70
 .debug_ranges  0x0000000000000000       0x20 ../controller_bsp//obj/HAL/src/crt0.o
 .debug_ranges  0x0000000000000020       0x28 ../controller_bsp//libhal_bsp.a(alt_irq_entry.o)
 .debug_ranges  0x0000000000000048       0x28 ../controller_bsp//libhal_bsp.a(alt_exception_entry.o)

.debug_loclists
                0x0000000000000000      0xbca
 .debug_loclists
                0x0000000000000000      0x15f obj/default/controller_main.o
 .debug_loclists
                0x000000000000015f      0x37a /home/harry/intelFPGA_lite/22.1std/nios2eds/bin/gnu/H-x86_64-pc-linux-gnu/bin/../lib/gcc/nios2-elf/12.1.1/mno-hw-mul/libgcc.a(lib2-divmod.o)
 .debug_loclists
                0x00000000000004d9       0x5b /home/harry/intelFPGA_lite/22.1std/nios2eds/bin/gnu/H-x86_64-pc-linux-gnu/bin/../lib/gcc/nios2-elf/12.1.1/mno-hw-mul/libgcc.a(lib2-mul.o)
 .debug_loclists
                0x0000000000000534       0x9d ../controller_bsp//libhal_bsp.a(alt_irq_register.o)
 .debug_loclists
                0x00000000000005d1      0x180 ../controller_bsp//libhal_bsp.a(alt_printf.o)
 .debug_loclists
                0x0000000000000751       0x25 ../controller_bsp//libhal_bsp.a(alt_putchar.o)
 .debug_loclists
                0x0000000000000776       0x1e ../controller_bsp//libhal_bsp.a(alt_sys_init.o)
 .debug_loclists
                0x0000000000000794       0x9f ../controller_bsp//libhal_bsp.a(altera_avalon_jtag_uart_read.o)
 .debug_loclists
                0x0000000000000833       0x5e ../controller_bsp//libhal_bsp.a(altera_avalon_jtag_uart_write.o)
 .debug_loclists
                0x0000000000000891       0x42 ../controller_bsp//libhal_bsp.a(altera_up_avalon_accelerometer_spi.o)
 .debug_loclists
                0x00000000000008d3       0x4e ../controller_bsp//libhal_bsp.a(alt_dev_llist_insert.o)
 .debug_loclists
                0x0000000000000921       0x6a ../controller_bsp//libhal_bsp.a(alt_find_dev.o)
 .debug_loclists
                0x000000000000098b       0x6e ../controller_bsp//libhal_bsp.a(alt_irq_handler.o)
 .debug_loclists
                0x00000000000009f9       0x47 ../controller_bsp//libhal_bsp.a(alt_instruction_exception_entry.o)
 .debug_loclists
                0x0000000000000a40       0x8c /home/harry/intelFPGA_lite/22.1std/nios2eds/bin/gnu/H-x86_64-pc-linux-gnu/bin/../lib/gcc/nios2-elf/12.1.1/../../../../../H-x86_64-pc-linux-gnu/nios2-elf/lib/mno-hw-mul/libsmallc.a(lib_a-memcmp.o)
 .debug_loclists
                0x0000000000000acc       0xcc /home/harry/intelFPGA_lite/22.1std/nios2eds/bin/gnu/H-x86_64-pc-linux-gnu/bin/../lib/gcc/nios2-elf/12.1.1/../../../../../H-x86_64-pc-linux-gnu/nios2-elf/lib/mno-hw-mul/libsmallc.a(lib_a-memcpy.o)
 .debug_loclists
                0x0000000000000b98       0x32 /home/harry/intelFPGA_lite/22.1std/nios2eds/bin/gnu/H-x86_64-pc-linux-gnu/bin/../lib/gcc/nios2-elf/12.1.1/../../../../../H-x86_64-pc-linux-gnu/nios2-elf/lib/mno-hw-mul/libsmallc.a(lib_a-strlen.o)

.debug_rnglists
                0x0000000000000000      0x17f
 .debug_rnglists
                0x0000000000000000       0x34 obj/default/controller_main.o
 .debug_rnglists
                0x0000000000000034       0x3f /home/harry/intelFPGA_lite/22.1std/nios2eds/bin/gnu/H-x86_64-pc-linux-gnu/bin/../lib/gcc/nios2-elf/12.1.1/mno-hw-mul/libgcc.a(lib2-divmod.o)
 .debug_rnglists
                0x0000000000000073       0x22 ../controller_bsp//libhal_bsp.a(alt_irq_register.o)
 .debug_rnglists
                0x0000000000000095       0x23 ../controller_bsp//libhal_bsp.a(alt_load.o)
 .debug_rnglists
                0x00000000000000b8       0x17 ../controller_bsp//libhal_bsp.a(alt_printf.o)
 .debug_rnglists
                0x00000000000000cf       0x13 ../controller_bsp//libhal_bsp.a(alt_sys_init.o)
 .debug_rnglists
                0x00000000000000e2       0x16 ../controller_bsp//libhal_bsp.a(altera_avalon_jtag_uart_read.o)
 .debug_rnglists
                0x00000000000000f8       0x16 ../controller_bsp//libhal_bsp.a(alt_dev_llist_insert.o)
 .debug_rnglists
                0x000000000000010e       0x1f ../controller_bsp//libhal_bsp.a(alt_irq_handler.o)
 .debug_rnglists
                0x000000000000012d       0x19 ../controller_bsp//libhal_bsp.a(alt_instruction_exception_entry.o)
 .debug_rnglists
                0x0000000000000146       0x13 /home/harry/intelFPGA_lite/22.1std/nios2eds/bin/gnu/H-x86_64-pc-linux-gnu/bin/../lib/gcc/nios2-elf/12.1.1/../../../../../H-x86_64-pc-linux-gnu/nios2-elf/lib/mno-hw-mul/libsmallc.a(lib_a-memcmp.o)
 .debug_rnglists
                0x0000000000000159       0x13 /home/harry/intelFPGA_lite/22.1std/nios2eds/bin/gnu/H-x86_64-pc-linux-gnu/bin/../lib/gcc/nios2-elf/12.1.1/../../../../../H-x86_64-pc-linux-gnu/nios2-elf/lib/mno-hw-mul/libsmallc.a(lib_a-memcpy.o)
 .debug_rnglists
                0x000000000000016c       0x13 /home/harry/intelFPGA_lite/22.1std/nios2eds/bin/gnu/H-x86_64-pc-linux-gnu/bin/../lib/gcc/nios2-elf/12.1.1/../../../../../H-x86_64-pc-linux-gnu/nios2-elf/lib/mno-hw-mul/libsmallc.a(lib_a-strlen.o)

.debug_line_str
                0x0000000000000000      0xb14
 .debug_line_str
                0x0000000000000000      0x138 obj/default/controller_main.o
                                        0x1a7 (size before relaxing)
 .debug_line_str
                0x0000000000000138       0xf3 /home/harry/intelFPGA_lite/22.1std/nios2eds/bin/gnu/H-x86_64-pc-linux-gnu/bin/../lib/gcc/nios2-elf/12.1.1/mno-hw-mul/libgcc.a(lib2-divmod.o)
                                        0x1b8 (size before relaxing)
 .debug_line_str
                0x000000000000022b       0x3a /home/harry/intelFPGA_lite/22.1std/nios2eds/bin/gnu/H-x86_64-pc-linux-gnu/bin/../lib/gcc/nios2-elf/12.1.1/mno-hw-mul/libgcc.a(lib2-mul.o)
                                        0x1af (size before relaxing)
 .debug_line_str
                0x0000000000000265       0x9f ../controller_bsp//libhal_bsp.a(alt_getchar.o)
                                        0x134 (size before relaxing)
 .debug_line_str
                0x0000000000000304       0x2b ../controller_bsp//libhal_bsp.a(alt_irq_register.o)
                                        0x14d (size before relaxing)
 .debug_line_str
                0x000000000000032f       0x17 ../controller_bsp//libhal_bsp.a(alt_irq_vars.o)
                                         0xf9 (size before relaxing)
 .debug_line_str
                0x0000000000000346       0x35 ../controller_bsp//libhal_bsp.a(alt_load.o)
                                        0x11d (size before relaxing)
 .debug_line_str
                0x000000000000037b       0x31 ../controller_bsp//libhal_bsp.a(alt_main.o)
                                        0x11c (size before relaxing)
 .debug_line_str
                0x00000000000003ac       0x95 ../controller_bsp//libhal_bsp.a(alt_printf.o)
                                        0x16b (size before relaxing)
 .debug_line_str
                0x0000000000000441       0x16 ../controller_bsp//libhal_bsp.a(alt_putchar.o)
                                         0xe0 (size before relaxing)
 .debug_line_str
                0x0000000000000457       0x5f ../controller_bsp//libhal_bsp.a(alt_sys_init.o)
                                        0x193 (size before relaxing)
 .debug_line_str
                0x00000000000004b6       0x37 ../controller_bsp//libhal_bsp.a(altera_avalon_jtag_uart_read.o)
                                        0x15d (size before relaxing)
 .debug_line_str
                0x00000000000004ed       0x2c ../controller_bsp//libhal_bsp.a(altera_avalon_jtag_uart_write.o)
                                        0x160 (size before relaxing)
 .debug_line_str
                0x0000000000000519       0x31 ../controller_bsp//libhal_bsp.a(altera_up_avalon_accelerometer_spi.o)
                                        0x1b8 (size before relaxing)
 .debug_line_str
                0x000000000000054a       0x1f ../controller_bsp//libhal_bsp.a(alt_dcache_flush_all.o)
                                         0xfb (size before relaxing)
 .debug_line_str
                0x0000000000000569      0x105 ../controller_bsp//libhal_bsp.a(alt_dev.o)
                                        0x22c (size before relaxing)
 .debug_line_str
                0x000000000000066e       0x2b ../controller_bsp//libhal_bsp.a(alt_dev_llist_insert.o)
                                        0x140 (size before relaxing)
 .debug_line_str
                0x0000000000000699       0x14 ../controller_bsp//libhal_bsp.a(alt_errno.o)
                                        0x15c (size before relaxing)
 .debug_line_str
                0x00000000000006ad       0x85 ../controller_bsp//libhal_bsp.a(alt_find_dev.o)
                                        0x1f6 (size before relaxing)
 .debug_line_str
                0x0000000000000732       0x1f ../controller_bsp//libhal_bsp.a(alt_icache_flush_all.o)
                                         0xfb (size before relaxing)
 .debug_line_str
                0x0000000000000751       0x1a ../controller_bsp//libhal_bsp.a(alt_irq_handler.o)
                                        0x11a (size before relaxing)
 .debug_line_str
                0x000000000000076b       0x20 ../controller_bsp//libhal_bsp.a(altera_nios2_gen2_irq.o)
                                         0xfe (size before relaxing)
 .debug_line_str
                0x000000000000078b       0x3b ../controller_bsp//libhal_bsp.a(alt_instruction_exception_entry.o)
                                        0x151 (size before relaxing)
 .debug_line_str
                0x00000000000007c6      0x104 /home/harry/intelFPGA_lite/22.1std/nios2eds/bin/gnu/H-x86_64-pc-linux-gnu/bin/../lib/gcc/nios2-elf/12.1.1/../../../../../H-x86_64-pc-linux-gnu/nios2-elf/lib/mno-hw-mul/libsmallc.a(lib_a-int_errno.o)
                                        0x1df (size before relaxing)
 .debug_line_str
                0x00000000000008ca      0x1cc /home/harry/intelFPGA_lite/22.1std/nios2eds/bin/gnu/H-x86_64-pc-linux-gnu/bin/../lib/gcc/nios2-elf/12.1.1/../../../../../H-x86_64-pc-linux-gnu/nios2-elf/lib/mno-hw-mul/libsmallc.a(lib_a-memcmp.o)
                                        0x2b5 (size before relaxing)
 .debug_line_str
                0x0000000000000a96       0x3f /home/harry/intelFPGA_lite/22.1std/nios2eds/bin/gnu/H-x86_64-pc-linux-gnu/bin/../lib/gcc/nios2-elf/12.1.1/../../../../../H-x86_64-pc-linux-gnu/nios2-elf/lib/mno-hw-mul/libsmallc.a(lib_a-memcpy.o)
                                        0x2b5 (size before relaxing)
 .debug_line_str
                0x0000000000000ad5       0x3f /home/harry/intelFPGA_lite/22.1std/nios2eds/bin/gnu/H-x86_64-pc-linux-gnu/bin/../lib/gcc/nios2-elf/12.1.1/../../../../../H-x86_64-pc-linux-gnu/nios2-elf/lib/mno-hw-mul/libsmallc.a(lib_a-strlen.o)
                                        0x2b5 (size before relaxing)
