Archive member included to satisfy reference by file (symbol)

/home/harry/intelFPGA_lite/22.1std/nios2eds/bin/gnu/H-x86_64-pc-linux-gnu/bin/../lib/gcc/nios2-elf/12.1.1/mno-hw-mul/libgcc.a(lib2-divmod.o)
                              obj/default/controller_main.o (__umodsi3)
/home/harry/intelFPGA_lite/22.1std/nios2eds/bin/gnu/H-x86_64-pc-linux-gnu/bin/../lib/gcc/nios2-elf/12.1.1/mno-hw-mul/libgcc.a(lib2-mul.o)
                              obj/default/controller_main.o (__mulsi3)
../controller_bsp//libhal_bsp.a(alt_getchar.o)
                              obj/default/controller_main.o (alt_getchar)
../controller_bsp//libhal_bsp.a(alt_irq_register.o)
                              obj/default/controller_main.o (alt_irq_register)
../controller_bsp//libhal_bsp.a(alt_irq_vars.o)
                              ../controller_bsp//libhal_bsp.a(alt_irq_register.o) (alt_irq_active)
../controller_bsp//libhal_bsp.a(alt_load.o)
                              ../controller_bsp//obj/HAL/src/crt0.o (alt_load)
../controller_bsp//libhal_bsp.a(alt_main.o)
                              ../controller_bsp//obj/HAL/src/crt0.o (alt_main)
../controller_bsp//libhal_bsp.a(alt_printf.o)
                              obj/default/controller_main.o (alt_printf)
../controller_bsp//libhal_bsp.a(alt_putchar.o)
                              ../controller_bsp//libhal_bsp.a(alt_printf.o) (alt_putchar)
../controller_bsp//libhal_bsp.a(alt_sys_init.o)
                              ../controller_bsp//libhal_bsp.a(alt_main.o) (alt_irq_init)
../controller_bsp//libhal_bsp.a(altera_avalon_jtag_uart_read.o)
                              ../controller_bsp//libhal_bsp.a(alt_getchar.o) (altera_avalon_jtag_uart_read)
../controller_bsp//libhal_bsp.a(altera_avalon_jtag_uart_write.o)
                              ../controller_bsp//libhal_bsp.a(alt_putchar.o) (altera_avalon_jtag_uart_write)
../controller_bsp//libhal_bsp.a(altera_up_avalon_accelerometer_spi.o)
                              obj/default/controller_main.o (alt_up_accelerometer_spi_open_dev)
../controller_bsp//libhal_bsp.a(alt_dcache_flush_all.o)
                              ../controller_bsp//libhal_bsp.a(alt_load.o) (alt_dcache_flush_all)
../controller_bsp//libhal_bsp.a(alt_dev.o)
                              ../controller_bsp//libhal_bsp.a(alt_getchar.o) (alt_fd_list)
../controller_bsp//libhal_bsp.a(alt_dev_llist_insert.o)
                              ../controller_bsp//libhal_bsp.a(alt_sys_init.o) (alt_dev_llist_insert)
../controller_bsp//libhal_bsp.a(alt_errno.o)
                              ../controller_bsp//libhal_bsp.a(alt_dev_llist_insert.o) (alt_errno)
../controller_bsp//libhal_bsp.a(alt_find_dev.o)
                              ../controller_bsp//libhal_bsp.a(altera_up_avalon_accelerometer_spi.o) (alt_find_dev)
../controller_bsp//libhal_bsp.a(alt_icache_flush_all.o)
                              ../controller_bsp//libhal_bsp.a(alt_load.o) (alt_icache_flush_all)
../controller_bsp//libhal_bsp.a(alt_irq_entry.o)
                              ../controller_bsp//libhal_bsp.a(alt_irq_register.o) (alt_irq_entry)
../controller_bsp//libhal_bsp.a(alt_irq_handler.o)
                              ../controller_bsp//libhal_bsp.a(alt_irq_register.o) (alt_irq_handler)
../controller_bsp//libhal_bsp.a(altera_nios2_gen2_irq.o)
                              ../controller_bsp//libhal_bsp.a(alt_sys_init.o) (altera_nios2_gen2_irq_init)
../controller_bsp//libhal_bsp.a(alt_exception_entry.o)
                              ../controller_bsp//libhal_bsp.a(alt_irq_entry.o) (alt_exception)
../controller_bsp//libhal_bsp.a(alt_instruction_exception_entry.o)
                              ../controller_bsp//libhal_bsp.a(alt_exception_entry.o) (alt_instruction_exception_entry)
/home/harry/intelFPGA_lite/22.1std/nios2eds/bin/gnu/H-x86_64-pc-linux-gnu/bin/../lib/gcc/nios2-elf/12.1.1/../../../../../H-x86_64-pc-linux-gnu/nios2-elf/lib/mno-hw-mul/libsmallc.a(lib_a-int_errno.o)
                              ../controller_bsp//libhal_bsp.a(alt_dev_llist_insert.o) (errno)
/home/harry/intelFPGA_lite/22.1std/nios2eds/bin/gnu/H-x86_64-pc-linux-gnu/bin/../lib/gcc/nios2-elf/12.1.1/../../../../../H-x86_64-pc-linux-gnu/nios2-elf/lib/mno-hw-mul/libsmallc.a(lib_a-memcmp.o)
                              ../controller_bsp//libhal_bsp.a(alt_find_dev.o) (memcmp)
/home/harry/intelFPGA_lite/22.1std/nios2eds/bin/gnu/H-x86_64-pc-linux-gnu/bin/../lib/gcc/nios2-elf/12.1.1/../../../../../H-x86_64-pc-linux-gnu/nios2-elf/lib/mno-hw-mul/libsmallc.a(lib_a-memcpy.o)
                              ../controller_bsp//libhal_bsp.a(alt_load.o) (memcpy)
/home/harry/intelFPGA_lite/22.1std/nios2eds/bin/gnu/H-x86_64-pc-linux-gnu/bin/../lib/gcc/nios2-elf/12.1.1/../../../../../H-x86_64-pc-linux-gnu/nios2-elf/lib/mno-hw-mul/libsmallc.a(lib_a-strlen.o)
                              ../controller_bsp//libhal_bsp.a(alt_find_dev.o) (strlen)

Memory Configuration

Name             Origin             Length             Attributes
reset            0x0000000000020000 0x0000000000000020
onchip_memory    0x0000000000020020 0x000000000001ffe0
*default*        0x0000000000000000 0xffffffffffffffff

Linker script and memory map

LOAD ../controller_bsp//obj/HAL/src/crt0.o
LOAD obj/default/controller_main.o
LOAD /home/harry/intelFPGA_lite/22.1std/nios2eds/bin/gnu/H-x86_64-pc-linux-gnu/bin/../lib/gcc/nios2-elf/12.1.1/../../../../../H-x86_64-pc-linux-gnu/nios2-elf/lib/mno-hw-mul/libstdc++.a
LOAD /home/harry/intelFPGA_lite/22.1std/nios2eds/bin/gnu/H-x86_64-pc-linux-gnu/bin/../lib/gcc/nios2-elf/12.1.1/../../../../../H-x86_64-pc-linux-gnu/nios2-elf/lib/mno-hw-mul/libm.a
LOAD /home/harry/intelFPGA_lite/22.1std/nios2eds/bin/gnu/H-x86_64-pc-linux-gnu/bin/../lib/gcc/nios2-elf/12.1.1/mno-hw-mul/libgcc.a
START GROUP
LOAD /home/harry/intelFPGA_lite/22.1std/nios2eds/bin/gnu/H-x86_64-pc-linux-gnu/bin/../lib/gcc/nios2-elf/12.1.1/../../../../../H-x86_64-pc-linux-gnu/nios2-elf/lib/mno-hw-mul/libsmallc.a
LOAD /home/harry/intelFPGA_lite/22.1std/nios2eds/bin/gnu/H-x86_64-pc-linux-gnu/bin/../lib/gcc/nios2-elf/12.1.1/mno-hw-mul/libgcc.a
LOAD ../controller_bsp//libhal_bsp.a
LOAD /home/harry/intelFPGA_lite/22.1std/nios2eds/bin/gnu/H-x86_64-pc-linux-gnu/bin/../lib/gcc/nios2-elf/12.1.1/../../../../../H-x86_64-pc-linux-gnu/nios2-elf/lib/mno-hw-mul/libm.a
END GROUP
LOAD /home/harry/intelFPGA_lite/22.1std/nios2eds/bin/gnu/H-x86_64-pc-linux-gnu/bin/../lib/gcc/nios2-elf/12.1.1/mno-hw-mul/libgcc.a
                0x0000000000020000                __alt_mem_onchip_memory = 0x20000

.entry          0x0000000000020000       0x20
 *(.entry)
 .entry         0x0000000000020000       0x20 ../controller_bsp//obj/HAL/src/crt0.o
                0x0000000000020000                __reset
                0x000000000002000c                _exit

.exceptions     0x0000000000020020      0x160
                0x0000000000020020                PROVIDE (__ram_exceptions_start = ABSOLUTE (.))
                0x0000000000020020                . = ALIGN (0x20)
 *(.irq)
 *(.exceptions.entry.label)
 .exceptions.entry.label
                0x0000000000020020        0x0 ../controller_bsp//libhal_bsp.a(alt_irq_entry.o)
                0x0000000000020020                alt_irq_entry
 .exceptions.entry.label
                0x0000000000020020        0x0 ../controller_bsp//libhal_bsp.a(alt_exception_entry.o)
                0x0000000000020020                alt_exception
 *(.exceptions.entry.user)
 *(.exceptions.entry.ecc_fatal)
 *(.exceptions.entry)
 .exceptions.entry
                0x0000000000020020       0x54 ../controller_bsp//libhal_bsp.a(alt_exception_entry.o)
 *(.exceptions.irqtest.user)
 *(.exceptions.irqtest)
 .exceptions.irqtest
                0x0000000000020074       0x10 ../controller_bsp//libhal_bsp.a(alt_irq_entry.o)
 *(.exceptions.irqhandler.user)
 *(.exceptions.irqhandler)
 .exceptions.irqhandler
                0x0000000000020084        0x4 ../controller_bsp//libhal_bsp.a(alt_irq_entry.o)
 *(.exceptions.irqreturn.user)
 *(.exceptions.irqreturn)
 .exceptions.irqreturn
                0x0000000000020088        0x4 ../controller_bsp//libhal_bsp.a(alt_irq_entry.o)
 *(.exceptions.notirq.label)
 .exceptions.notirq.label
                0x000000000002008c        0x0 ../controller_bsp//libhal_bsp.a(alt_irq_entry.o)
 *(.exceptions.notirq.user)
 *(.exceptions.notirq)
 .exceptions.notirq
                0x000000000002008c        0x8 ../controller_bsp//libhal_bsp.a(alt_exception_entry.o)
 *(.exceptions.soft.user)
 *(.exceptions.soft)
 *(.exceptions.unknown.user)
 *(.exceptions.unknown)
 .exceptions.unknown
                0x0000000000020094       0x14 ../controller_bsp//libhal_bsp.a(alt_exception_entry.o)
 *(.exceptions.exit.label)
 .exceptions.exit.label
                0x00000000000200a8        0x0 ../controller_bsp//libhal_bsp.a(alt_irq_entry.o)
 .exceptions.exit.label
                0x00000000000200a8        0x0 ../controller_bsp//libhal_bsp.a(alt_exception_entry.o)
 *(.exceptions.exit.user)
 *(.exceptions.exit)
 .exceptions.exit
                0x00000000000200a8       0x54 ../controller_bsp//libhal_bsp.a(alt_exception_entry.o)
 *(.exceptions)
 .exceptions    0x00000000000200fc       0x60 ../controller_bsp//libhal_bsp.a(alt_irq_handler.o)
                0x00000000000200fc                alt_irq_handler
 .exceptions    0x000000000002015c       0x24 ../controller_bsp//libhal_bsp.a(alt_instruction_exception_entry.o)
                0x000000000002015c                alt_instruction_exception_entry
                0x0000000000020180                PROVIDE (__ram_exceptions_end = ABSOLUTE (.))
                0x0000000000020020                PROVIDE (__flash_exceptions_start = LOADADDR (.exceptions))

.text           0x0000000000020180      0xb6c
                [!provide]                        PROVIDE (stext = ABSOLUTE (.))
 *(.interp)
 *(.hash)
 *(.dynsym)
 *(.dynstr)
 *(.gnu.version)
 *(.gnu.version_d)
 *(.gnu.version_r)
 *(.rel.init)
 *(.rela.init)
 *(.rel.text .rel.text.* .rel.gnu.linkonce.t.*)
 *(.rela.text .rela.text.* .rela.gnu.linkonce.t.*)
 *(.rel.fini)
 *(.rela.fini)
 *(.rel.rodata .rel.rodata.* .rel.gnu.linkonce.r.*)
 *(.rela.rodata .rela.rodata.* .rela.gnu.linkonce.r.*)
 *(.rel.data .rel.data.* .rel.gnu.linkonce.d.*)
 *(.rela.data .rela.data.* .rela.gnu.linkonce.d.*)
 *(.rel.tdata .rel.tdata.* .rel.gnu.linkonce.td.*)
 *(.rela.tdata .rela.tdata.* .rela.gnu.linkonce.td.*)
 *(.rel.tbss .rel.tbss.* .rel.gnu.linkonce.tb.*)
 *(.rela.tbss .rela.tbss.* .rela.gnu.linkonce.tb.*)
 *(.rel.ctors)
 *(.rela.ctors)
 *(.rel.dtors)
 *(.rela.dtors)
 *(.rel.got)
 *(.rela.got)
 *(.rel.sdata .rel.sdata.* .rel.gnu.linkonce.s.*)
 *(.rela.sdata .rela.sdata.* .rela.gnu.linkonce.s.*)
 *(.rel.sbss .rel.sbss.* .rel.gnu.linkonce.sb.*)
 *(.rela.sbss .rela.sbss.* .rela.gnu.linkonce.sb.*)
 *(.rel.sdata2 .rel.sdata2.* .rel.gnu.linkonce.s2.*)
 *(.rela.sdata2 .rela.sdata2.* .rela.gnu.linkonce.s2.*)
 *(.rel.sbss2 .rel.sbss2.* .rel.gnu.linkonce.sb2.*)
 *(.rela.sbss2 .rela.sbss2.* .rela.gnu.linkonce.sb2.*)
 *(.rel.bss .rel.bss.* .rel.gnu.linkonce.b.*)
 *(.rela.bss .rela.bss.* .rela.gnu.linkonce.b.*)
 *(.rel.plt)
 *(.rela.plt)
 *(.rel.dyn)
 *(.init)
 *(.plt)
 *(.text .stub .text.* .gnu.linkonce.t.*)
 .text          0x0000000000020180       0x3c ../controller_bsp//obj/HAL/src/crt0.o
                0x0000000000020180                _start
 .text          0x00000000000201bc      0x1c0 obj/default/controller_main.o
                0x00000000000201bc                uart_read_isr
                0x00000000000201ec                uart_init
                0x0000000000020208                filter
 .text.startup  0x000000000002037c       0xe4 obj/default/controller_main.o
                0x000000000002037c                main
 .text          0x0000000000020460      0x1b4 /home/harry/intelFPGA_lite/22.1std/nios2eds/bin/gnu/H-x86_64-pc-linux-gnu/bin/../lib/gcc/nios2-elf/12.1.1/mno-hw-mul/libgcc.a(lib2-divmod.o)
                0x0000000000020460                __divsi3
                0x00000000000204e0                __modsi3
                0x0000000000020554                __udivsi3
                0x00000000000205b8                __umodsi3
 .text          0x0000000000020614       0x28 /home/harry/intelFPGA_lite/22.1std/nios2eds/bin/gnu/H-x86_64-pc-linux-gnu/bin/../lib/gcc/nios2-elf/12.1.1/mno-hw-mul/libgcc.a(lib2-mul.o)
                0x0000000000020614                __mulsi3
 .text          0x000000000002063c       0x40 ../controller_bsp//libhal_bsp.a(alt_getchar.o)
                0x000000000002063c                alt_getchar
 .text          0x000000000002067c       0x90 ../controller_bsp//libhal_bsp.a(alt_irq_register.o)
                0x000000000002067c                alt_irq_register
 .text          0x000000000002070c        0x0 ../controller_bsp//libhal_bsp.a(alt_irq_vars.o)
 .text          0x000000000002070c       0x84 ../controller_bsp//libhal_bsp.a(alt_load.o)
                0x000000000002070c                alt_load
 .text          0x0000000000020790       0x2c ../controller_bsp//libhal_bsp.a(alt_main.o)
                0x0000000000020790                alt_main
 .text          0x00000000000207bc      0x144 ../controller_bsp//libhal_bsp.a(alt_printf.o)
                0x00000000000207bc                alt_printf
 .text          0x0000000000020900       0x48 ../controller_bsp//libhal_bsp.a(alt_putchar.o)
                0x0000000000020900                alt_putchar
 .text          0x0000000000020948       0x30 ../controller_bsp//libhal_bsp.a(alt_sys_init.o)
                0x0000000000020948                alt_irq_init
                0x0000000000020968                alt_sys_init
 .text          0x0000000000020978       0x5c ../controller_bsp//libhal_bsp.a(altera_avalon_jtag_uart_read.o)
                0x0000000000020978                altera_avalon_jtag_uart_read
 .text          0x00000000000209d4       0x30 ../controller_bsp//libhal_bsp.a(altera_avalon_jtag_uart_write.o)
                0x00000000000209d4                altera_avalon_jtag_uart_write
 .text          0x0000000000020a04      0x160 ../controller_bsp//libhal_bsp.a(altera_up_avalon_accelerometer_spi.o)
                0x0000000000020a04                alt_up_accelerometer_spi_open_dev
                0x0000000000020a0c                alt_up_accelerometer_spi_read_address_register
                0x0000000000020a20                alt_up_accelerometer_spi_read
                0x0000000000020a40                alt_up_accelerometer_spi_write
                0x0000000000020a5c                alt_up_accelerometer_spi_read_x_axis
                0x0000000000020ab4                alt_up_accelerometer_spi_read_y_axis
                0x0000000000020b0c                alt_up_accelerometer_spi_read_z_axis
 .text          0x0000000000020b64        0x4 ../controller_bsp//libhal_bsp.a(alt_dcache_flush_all.o)
                0x0000000000020b64                alt_dcache_flush_all
 .text          0x0000000000020b68        0x8 ../controller_bsp//libhal_bsp.a(alt_dev.o)
 .text          0x0000000000020b70       0x68 ../controller_bsp//libhal_bsp.a(alt_dev_llist_insert.o)
                0x0000000000020b70                alt_dev_llist_insert
 .text          0x0000000000020bd8        0x0 ../controller_bsp//libhal_bsp.a(alt_errno.o)
 .text          0x0000000000020bd8       0x70 ../controller_bsp//libhal_bsp.a(alt_find_dev.o)
                0x0000000000020bd8                alt_find_dev
 .text          0x0000000000020c48        0x4 ../controller_bsp//libhal_bsp.a(alt_icache_flush_all.o)
                0x0000000000020c48                alt_icache_flush_all
 .text          0x0000000000020c4c        0x0 ../controller_bsp//libhal_bsp.a(alt_irq_entry.o)
 .text          0x0000000000020c4c        0x0 ../controller_bsp//libhal_bsp.a(alt_irq_handler.o)
 .text          0x0000000000020c4c        0x8 ../controller_bsp//libhal_bsp.a(altera_nios2_gen2_irq.o)
                0x0000000000020c4c                altera_nios2_gen2_irq_init
 .text          0x0000000000020c54        0x0 ../controller_bsp//libhal_bsp.a(alt_exception_entry.o)
 .text          0x0000000000020c54       0x24 ../controller_bsp//libhal_bsp.a(alt_instruction_exception_entry.o)
                0x0000000000020c54                alt_exception_cause_generated_bad_addr
 .text          0x0000000000020c78        0x0 /home/harry/intelFPGA_lite/22.1std/nios2eds/bin/gnu/H-x86_64-pc-linux-gnu/bin/../lib/gcc/nios2-elf/12.1.1/../../../../../H-x86_64-pc-linux-gnu/nios2-elf/lib/mno-hw-mul/libsmallc.a(lib_a-int_errno.o)
 .text          0x0000000000020c78        0x0 /home/harry/intelFPGA_lite/22.1std/nios2eds/bin/gnu/H-x86_64-pc-linux-gnu/bin/../lib/gcc/nios2-elf/12.1.1/../../../../../H-x86_64-pc-linux-gnu/nios2-elf/lib/mno-hw-mul/libsmallc.a(lib_a-memcmp.o)
 .text.memcmp   0x0000000000020c78       0x30 /home/harry/intelFPGA_lite/22.1std/nios2eds/bin/gnu/H-x86_64-pc-linux-gnu/bin/../lib/gcc/nios2-elf/12.1.1/../../../../../H-x86_64-pc-linux-gnu/nios2-elf/lib/mno-hw-mul/libsmallc.a(lib_a-memcmp.o)
                0x0000000000020c78                memcmp
 .text          0x0000000000020ca8        0x0 /home/harry/intelFPGA_lite/22.1std/nios2eds/bin/gnu/H-x86_64-pc-linux-gnu/bin/../lib/gcc/nios2-elf/12.1.1/../../../../../H-x86_64-pc-linux-gnu/nios2-elf/lib/mno-hw-mul/libsmallc.a(lib_a-memcpy.o)
 .text.memcpy   0x0000000000020ca8       0x28 /home/harry/intelFPGA_lite/22.1std/nios2eds/bin/gnu/H-x86_64-pc-linux-gnu/bin/../lib/gcc/nios2-elf/12.1.1/../../../../../H-x86_64-pc-linux-gnu/nios2-elf/lib/mno-hw-mul/libsmallc.a(lib_a-memcpy.o)
                0x0000000000020ca8                memcpy
 .text          0x0000000000020cd0        0x0 /home/harry/intelFPGA_lite/22.1std/nios2eds/bin/gnu/H-x86_64-pc-linux-gnu/bin/../lib/gcc/nios2-elf/12.1.1/../../../../../H-x86_64-pc-linux-gnu/nios2-elf/lib/mno-hw-mul/libsmallc.a(lib_a-strlen.o)
 .text.strlen   0x0000000000020cd0       0x1c /home/harry/intelFPGA_lite/22.1std/nios2eds/bin/gnu/H-x86_64-pc-linux-gnu/bin/../lib/gcc/nios2-elf/12.1.1/../../../../../H-x86_64-pc-linux-gnu/nios2-elf/lib/mno-hw-mul/libsmallc.a(lib_a-strlen.o)
                0x0000000000020cd0                strlen
 *(.gnu.warning.*)
 *(.fini)
                [!provide]                        PROVIDE (__etext = ABSOLUTE (.))
                [!provide]                        PROVIDE (_etext = ABSOLUTE (.))
                [!provide]                        PROVIDE (etext = ABSOLUTE (.))
 *(.eh_frame_hdr)
                0x0000000000020cec                . = ALIGN (0x4)
                [!provide]                        PROVIDE (__preinit_array_start = ABSOLUTE (.))
 *(.preinit_array)
                [!provide]                        PROVIDE (__preinit_array_end = ABSOLUTE (.))
                [!provide]                        PROVIDE (__init_array_start = ABSOLUTE (.))
 *(.init_array)
                [!provide]                        PROVIDE (__init_array_end = ABSOLUTE (.))
                [!provide]                        PROVIDE (__fini_array_start = ABSOLUTE (.))
 *(.fini_array)
                [!provide]                        PROVIDE (__fini_array_end = ABSOLUTE (.))
 *(.eh_frame)
 *(.gcc_except_table .gcc_except_table.*)
 *(.dynamic)
                [!provide]                        PROVIDE (__CTOR_LIST__ = ABSOLUTE (.))
 *(.ctors)
 *(SORT_BY_NAME(.ctors.*))
                [!provide]                        PROVIDE (__CTOR_END__ = ABSOLUTE (.))
                [!provide]                        PROVIDE (__DTOR_LIST__ = ABSOLUTE (.))
 *(.dtors)
 *(SORT_BY_NAME(.dtors.*))
                [!provide]                        PROVIDE (__DTOR_END__ = ABSOLUTE (.))
 *(.jcr)
                0x0000000000020cec                . = ALIGN (0x4)

.rodata         0x0000000000020cec       0x94
                0x0000000000020cec                PROVIDE (__ram_rodata_start = ABSOLUTE (.))
                0x0000000000020cec                . = ALIGN (0x4)
 *(.rodata .rodata.* .gnu.linkonce.r.*)
 .rodata.str1.4
                0x0000000000020cec       0x24 obj/default/controller_main.o
 .rodata        0x0000000000020d10       0x64 obj/default/controller_main.o
                0x0000000000020d10                FILTER_TAPS
 .rodata.str1.4
                0x0000000000020d74       0x17 ../controller_bsp//libhal_bsp.a(alt_sys_init.o)
 .rodata.str1.4
                0x0000000000020d74        0xa ../controller_bsp//libhal_bsp.a(alt_dev.o)
 *(.rodata1)
                0x0000000000020d8c                . = ALIGN (0x4)
 *fill*         0x0000000000020d7e        0x2 
                0x0000000000020d80                PROVIDE (__ram_rodata_end = ABSOLUTE (.))
                0x0000000000020cec                PROVIDE (__flash_rodata_start = LOADADDR (.rodata))

.rwdata         0x0000000000020d80       0xac load address 0x0000000000020e2c
                0x0000000000020d80                PROVIDE (__ram_rwdata_start = ABSOLUTE (.))
                0x0000000000020d80                . = ALIGN (0x4)
 *(.got.plt)
 *(.got)
 *(.data1)
 *(.data .data.* .gnu.linkonce.d.*)
 .data          0x0000000000020d80        0x0 ../controller_bsp//obj/HAL/src/crt0.o
 .data          0x0000000000020d80        0x0 obj/default/controller_main.o
 .data          0x0000000000020d80        0x0 /home/harry/intelFPGA_lite/22.1std/nios2eds/bin/gnu/H-x86_64-pc-linux-gnu/bin/../lib/gcc/nios2-elf/12.1.1/mno-hw-mul/libgcc.a(lib2-divmod.o)
 .data          0x0000000000020d80        0x0 /home/harry/intelFPGA_lite/22.1std/nios2eds/bin/gnu/H-x86_64-pc-linux-gnu/bin/../lib/gcc/nios2-elf/12.1.1/mno-hw-mul/libgcc.a(lib2-mul.o)
 .data          0x0000000000020d80        0x0 ../controller_bsp//libhal_bsp.a(alt_getchar.o)
 .data          0x0000000000020d80        0x0 ../controller_bsp//libhal_bsp.a(alt_irq_register.o)
 .data          0x0000000000020d80        0x0 ../controller_bsp//libhal_bsp.a(alt_irq_vars.o)
 .data          0x0000000000020d80        0x0 ../controller_bsp//libhal_bsp.a(alt_load.o)
 .data          0x0000000000020d80        0x0 ../controller_bsp//libhal_bsp.a(alt_main.o)
 .data          0x0000000000020d80        0x0 ../controller_bsp//libhal_bsp.a(alt_printf.o)
 .data          0x0000000000020d80        0x0 ../controller_bsp//libhal_bsp.a(alt_putchar.o)
 .data          0x0000000000020d80       0x2c ../controller_bsp//libhal_bsp.a(alt_sys_init.o)
 .data          0x0000000000020dac        0x0 ../controller_bsp//libhal_bsp.a(altera_avalon_jtag_uart_read.o)
 .data          0x0000000000020dac        0x0 ../controller_bsp//libhal_bsp.a(altera_avalon_jtag_uart_write.o)
 .data          0x0000000000020dac        0x0 ../controller_bsp//libhal_bsp.a(altera_up_avalon_accelerometer_spi.o)
 .data          0x0000000000020dac        0x0 ../controller_bsp//libhal_bsp.a(alt_dcache_flush_all.o)
 .data          0x0000000000020dac       0x58 ../controller_bsp//libhal_bsp.a(alt_dev.o)
                0x0000000000020dac                alt_fd_list
                0x0000000000020ddc                alt_dev_null
 .data          0x0000000000020e04        0x0 ../controller_bsp//libhal_bsp.a(alt_dev_llist_insert.o)
 .data          0x0000000000020e04        0x0 ../controller_bsp//libhal_bsp.a(alt_errno.o)
 .data          0x0000000000020e04        0x0 ../controller_bsp//libhal_bsp.a(alt_find_dev.o)
 .data          0x0000000000020e04        0x0 ../controller_bsp//libhal_bsp.a(alt_icache_flush_all.o)
 .data          0x0000000000020e04        0x0 ../controller_bsp//libhal_bsp.a(alt_irq_entry.o)
 .data          0x0000000000020e04        0x0 ../controller_bsp//libhal_bsp.a(alt_irq_handler.o)
 .data          0x0000000000020e04        0x0 ../controller_bsp//libhal_bsp.a(altera_nios2_gen2_irq.o)
 .data          0x0000000000020e04        0x0 ../controller_bsp//libhal_bsp.a(alt_exception_entry.o)
 .data          0x0000000000020e04        0x0 ../controller_bsp//libhal_bsp.a(alt_instruction_exception_entry.o)
 .data          0x0000000000020e04        0x0 /home/harry/intelFPGA_lite/22.1std/nios2eds/bin/gnu/H-x86_64-pc-linux-gnu/bin/../lib/gcc/nios2-elf/12.1.1/../../../../../H-x86_64-pc-linux-gnu/nios2-elf/lib/mno-hw-mul/libsmallc.a(lib_a-int_errno.o)
 .data          0x0000000000020e04        0x0 /home/harry/intelFPGA_lite/22.1std/nios2eds/bin/gnu/H-x86_64-pc-linux-gnu/bin/../lib/gcc/nios2-elf/12.1.1/../../../../../H-x86_64-pc-linux-gnu/nios2-elf/lib/mno-hw-mul/libsmallc.a(lib_a-memcmp.o)
 .data          0x0000000000020e04        0x0 /home/harry/intelFPGA_lite/22.1std/nios2eds/bin/gnu/H-x86_64-pc-linux-gnu/bin/../lib/gcc/nios2-elf/12.1.1/../../../../../H-x86_64-pc-linux-gnu/nios2-elf/lib/mno-hw-mul/libsmallc.a(lib_a-memcpy.o)
 .data          0x0000000000020e04        0x0 /home/harry/intelFPGA_lite/22.1std/nios2eds/bin/gnu/H-x86_64-pc-linux-gnu/bin/../lib/gcc/nios2-elf/12.1.1/../../../../../H-x86_64-pc-linux-gnu/nios2-elf/lib/mno-hw-mul/libsmallc.a(lib_a-strlen.o)
                0x0000000000028e04                _gp = ABSOLUTE ((. + 0x8000))
                [!provide]                        PROVIDE (gp = _gp)
 *(.rwdata .rwdata.*)
 *(.sdata .sdata.* .gnu.linkonce.s.*)
 .sdata         0x0000000000020e04        0x8 obj/default/controller_main.o
                0x0000000000020e04                uartCntrlRegPtr
                0x0000000000020e08                uartDataRegPtr
 .sdata         0x0000000000020e0c        0x4 ../controller_bsp//libhal_bsp.a(alt_irq_vars.o)
                0x0000000000020e0c                alt_priority_mask
 .sdata         0x0000000000020e10        0x4 ../controller_bsp//libhal_bsp.a(alt_sys_init.o)
                0x0000000000020e10                jtag_uart
 .sdata         0x0000000000020e14       0x14 ../controller_bsp//libhal_bsp.a(alt_dev.o)
                0x0000000000020e14                alt_max_fd
                0x0000000000020e18                alt_dev_list
                0x0000000000020e20                alt_fs_list
 .sdata         0x0000000000020e28        0x4 ../controller_bsp//libhal_bsp.a(alt_errno.o)
                0x0000000000020e28                alt_errno
 *(.sdata2 .sdata2.* .gnu.linkonce.s2.*)
                0x0000000000020e2c                . = ALIGN (0x4)
                0x0000000000020e2c                _edata = ABSOLUTE (.)
                [!provide]                        PROVIDE (edata = ABSOLUTE (.))
                0x0000000000020e2c                PROVIDE (__ram_rwdata_end = ABSOLUTE (.))
                0x0000000000020e2c                PROVIDE (__flash_rwdata_start = LOADADDR (.rwdata))

.bss            0x0000000000020ed8      0x138
                0x0000000000020ed8                __bss_start = ABSOLUTE (.)
                [!provide]                        PROVIDE (__sbss_start = ABSOLUTE (.))
                [!provide]                        PROVIDE (___sbss_start = ABSOLUTE (.))
 *(.dynsbss)
 *(.sbss .sbss.* .gnu.linkonce.sb.*)
 .sbss          0x0000000000020ed8       0x20 obj/default/controller_main.o
                0x0000000000020ed8                FILTER_HEAD
                0x0000000000020edc                RECV_FLAG
                0x0000000000020edd                RECV_CHAR
                0x0000000000020ee0                z_filter
                0x0000000000020ee4                y_filter
                0x0000000000020ee8                x_filter
                0x0000000000020eec                z_read
                0x0000000000020ef0                y_read
                0x0000000000020ef4                x_read
 .sbss          0x0000000000020ef8        0x4 ../controller_bsp//libhal_bsp.a(alt_irq_vars.o)
                0x0000000000020ef8                alt_irq_active
 .sbss          0x0000000000020efc        0xc ../controller_bsp//libhal_bsp.a(alt_main.o)
                0x0000000000020efc                alt_envp
                0x0000000000020f00                alt_argv
                0x0000000000020f04                alt_argc
 .sbss          0x0000000000020f08        0x4 ../controller_bsp//libhal_bsp.a(alt_instruction_exception_entry.o)
                0x0000000000020f08                alt_instruction_exception_handler
 .sbss.errno    0x0000000000020f0c        0x4 /home/harry/intelFPGA_lite/22.1std/nios2eds/bin/gnu/H-x86_64-pc-linux-gnu/bin/../lib/gcc/nios2-elf/12.1.1/../../../../../H-x86_64-pc-linux-gnu/nios2-elf/lib/mno-hw-mul/libsmallc.a(lib_a-int_errno.o)
                0x0000000000020f0c                errno
 *(.sbss2 .sbss2.* .gnu.linkonce.sb2.*)
 *(.scommon)
                [!provide]                        PROVIDE (__sbss_end = ABSOLUTE (.))
                [!provide]                        PROVIDE (___sbss_end = ABSOLUTE (.))
 *(.dynbss)
 *(.bss .bss.* .gnu.linkonce.b.*)
 .bss           0x0000000000020f10        0x0 ../controller_bsp//obj/HAL/src/crt0.o
 .bss           0x0000000000020f10        0x0 obj/default/controller_main.o
 .bss           0x0000000000020f10        0x0 /home/harry/intelFPGA_lite/22.1std/nios2eds/bin/gnu/H-x86_64-pc-linux-gnu/bin/../lib/gcc/nios2-elf/12.1.1/mno-hw-mul/libgcc.a(lib2-divmod.o)
 .bss           0x0000000000020f10        0x0 /home/harry/intelFPGA_lite/22.1std/nios2eds/bin/gnu/H-x86_64-pc-linux-gnu/bin/../lib/gcc/nios2-elf/12.1.1/mno-hw-mul/libgcc.a(lib2-mul.o)
 .bss           0x0000000000020f10        0x0 ../controller_bsp//libhal_bsp.a(alt_getchar.o)
 .bss           0x0000000000020f10        0x0 ../controller_bsp//libhal_bsp.a(alt_irq_register.o)
 .bss           0x0000000000020f10        0x0 ../controller_bsp//libhal_bsp.a(alt_irq_vars.o)
 .bss           0x0000000000020f10        0x0 ../controller_bsp//libhal_bsp.a(alt_load.o)
 .bss           0x0000000000020f10        0x0 ../controller_bsp//libhal_bsp.a(alt_main.o)
 .bss           0x0000000000020f10        0x0 ../controller_bsp//libhal_bsp.a(alt_printf.o)
 .bss           0x0000000000020f10        0x0 ../controller_bsp//libhal_bsp.a(alt_putchar.o)
 .bss           0x0000000000020f10        0x0 ../controller_bsp//libhal_bsp.a(alt_sys_init.o)
 .bss           0x0000000000020f10        0x0 ../controller_bsp//libhal_bsp.a(altera_avalon_jtag_uart_read.o)
 .bss           0x0000000000020f10        0x0 ../controller_bsp//libhal_bsp.a(altera_avalon_jtag_uart_write.o)
 .bss           0x0000000000020f10        0x0 ../controller_bsp//libhal_bsp.a(altera_up_avalon_accelerometer_spi.o)
 .bss           0x0000000000020f10        0x0 ../controller_bsp//libhal_bsp.a(alt_dcache_flush_all.o)
 .bss           0x0000000000020f10        0x0 ../controller_bsp//libhal_bsp.a(alt_dev.o)
 .bss           0x0000000000020f10        0x0 ../controller_bsp//libhal_bsp.a(alt_dev_llist_insert.o)
 .bss           0x0000000000020f10        0x0 ../controller_bsp//libhal_bsp.a(alt_errno.o)
 .bss           0x0000000000020f10        0x0 ../controller_bsp//libhal_bsp.a(alt_find_dev.o)
 .bss           0x0000000000020f10        0x0 ../controller_bsp//libhal_bsp.a(alt_icache_flush_all.o)
 .bss           0x0000000000020f10        0x0 ../controller_bsp//libhal_bsp.a(alt_irq_entry.o)
 .bss           0x0000000000020f10      0x100 ../controller_bsp//libhal_bsp.a(alt_irq_handler.o)
                0x0000000000020f10                alt_irq
 .bss           0x0000000000021010        0x0 ../controller_bsp//libhal_bsp.a(altera_nios2_gen2_irq.o)
 .bss           0x0000000000021010        0x0 ../controller_bsp//libhal_bsp.a(alt_exception_entry.o)
 .bss           0x0000000000021010        0x0 ../controller_bsp//libhal_bsp.a(alt_instruction_exception_entry.o)
 .bss           0x0000000000021010        0x0 /home/harry/intelFPGA_lite/22.1std/nios2eds/bin/gnu/H-x86_64-pc-linux-gnu/bin/../lib/gcc/nios2-elf/12.1.1/../../../../../H-x86_64-pc-linux-gnu/nios2-elf/lib/mno-hw-mul/libsmallc.a(lib_a-int_errno.o)
 .bss           0x0000000000021010        0x0 /home/harry/intelFPGA_lite/22.1std/nios2eds/bin/gnu/H-x86_64-pc-linux-gnu/bin/../lib/gcc/nios2-elf/12.1.1/../../../../../H-x86_64-pc-linux-gnu/nios2-elf/lib/mno-hw-mul/libsmallc.a(lib_a-memcmp.o)
 .bss           0x0000000000021010        0x0 /home/harry/intelFPGA_lite/22.1std/nios2eds/bin/gnu/H-x86_64-pc-linux-gnu/bin/../lib/gcc/nios2-elf/12.1.1/../../../../../H-x86_64-pc-linux-gnu/nios2-elf/lib/mno-hw-mul/libsmallc.a(lib_a-memcpy.o)
 .bss           0x0000000000021010        0x0 /home/harry/intelFPGA_lite/22.1std/nios2eds/bin/gnu/H-x86_64-pc-linux-gnu/bin/../lib/gcc/nios2-elf/12.1.1/../../../../../H-x86_64-pc-linux-gnu/nios2-elf/lib/mno-hw-mul/libsmallc.a(lib_a-strlen.o)
 *(COMMON)
                0x0000000000021010                . = ALIGN (0x4)
                0x0000000000021010                __bss_end = ABSOLUTE (.)

.onchip_memory  0x0000000000021010        0x0
                [!provide]                        PROVIDE (_alt_partition_onchip_memory_start = ABSOLUTE (.))
 *(.onchip_memory .onchip_memory. onchip_memory.*)
                0x0000000000021010                . = ALIGN (0x4)
                [!provide]                        PROVIDE (_alt_partition_onchip_memory_end = ABSOLUTE (.))
                0x0000000000021010                _end = ABSOLUTE (.)
                0x0000000000021010                end = ABSOLUTE (.)
                0x0000000000021010                __alt_stack_base = ABSOLUTE (.)
                [!provide]                        PROVIDE (_alt_partition_onchip_memory_load_addr = LOADADDR (.onchip_memory))

.stab
 *(.stab)

.stabstr
 *(.stabstr)

.stab.excl
 *(.stab.excl)

.stab.exclstr
 *(.stab.exclstr)

.stab.index
 *(.stab.index)

.stab.indexstr
 *(.stab.indexstr)

.comment        0x0000000000000000       0x2d
 *(.comment)
 .comment       0x0000000000000000       0x2d obj/default/controller_main.o
                                         0x2e (size before relaxing)
 .comment       0x000000000000002d       0x2e /home/harry/intelFPGA_lite/22.1std/nios2eds/bin/gnu/H-x86_64-pc-linux-gnu/bin/../lib/gcc/nios2-elf/12.1.1/mno-hw-mul/libgcc.a(lib2-divmod.o)
 .comment       0x000000000000002d       0x2e /home/harry/intelFPGA_lite/22.1std/nios2eds/bin/gnu/H-x86_64-pc-linux-gnu/bin/../lib/gcc/nios2-elf/12.1.1/mno-hw-mul/libgcc.a(lib2-mul.o)
 .comment       0x000000000000002d       0x2e ../controller_bsp//libhal_bsp.a(alt_getchar.o)
 .comment       0x000000000000002d       0x2e ../controller_bsp//libhal_bsp.a(alt_irq_register.o)
 .comment       0x000000000000002d       0x2e ../controller_bsp//libhal_bsp.a(alt_irq_vars.o)
 .comment       0x000000000000002d       0x2e ../controller_bsp//libhal_bsp.a(alt_load.o)
 .comment       0x000000000000002d       0x2e ../controller_bsp//libhal_bsp.a(alt_main.o)
 .comment       0x000000000000002d       0x2e ../controller_bsp//libhal_bsp.a(alt_printf.o)
 .comment       0x000000000000002d       0x2e ../controller_bsp//libhal_bsp.a(alt_putchar.o)
 .comment       0x000000000000002d       0x2e ../controller_bsp//libhal_bsp.a(alt_sys_init.o)
 .comment       0x000000000000002d       0x2e ../controller_bsp//libhal_bsp.a(altera_avalon_jtag_uart_read.o)
 .comment       0x000000000000002d       0x2e ../controller_bsp//libhal_bsp.a(altera_avalon_jtag_uart_write.o)
 .comment       0x000000000000002d       0x2e ../controller_bsp//libhal_bsp.a(altera_up_avalon_accelerometer_spi.o)
 .comment       0x000000000000002d       0x2e ../controller_bsp//libhal_bsp.a(alt_dcache_flush_all.o)
 .comment       0x000000000000002d       0x2e ../controller_bsp//libhal_bsp.a(alt_dev.o)
 .comment       0x000000000000002d       0x2e ../controller_bsp//libhal_bsp.a(alt_dev_llist_insert.o)
 .comment       0x000000000000002d       0x2e ../controller_bsp//libhal_bsp.a(alt_errno.o)
 .comment       0x000000000000002d       0x2e ../controller_bsp//libhal_bsp.a(alt_find_dev.o)
 .comment       0x000000000000002d       0x2e ../controller_bsp//libhal_bsp.a(alt_icache_flush_all.o)
 .comment       0x000000000000002d       0x2e ../controller_bsp//libhal_bsp.a(alt_irq_handler.o)
 .comment       0x000000000000002d       0x2e ../controller_bsp//libhal_bsp.a(altera_nios2_gen2_irq.o)
 .comment       0x000000000000002d       0x2e ../controller_bsp//libhal_bsp.a(alt_instruction_exception_entry.o)
 .comment       0x000000000000002d       0x2e /home/harry/intelFPGA_lite/22.1std/nios2eds/bin/gnu/H-x86_64-pc-linux-gnu/bin/../lib/gcc/nios2-elf/12.1.1/../../../../../H-x86_64-pc-linux-gnu/nios2-elf/lib/mno-hw-mul/libsmallc.a(lib_a-int_errno.o)
 .comment       0x000000000000002d       0x2e /home/harry/intelFPGA_lite/22.1std/nios2eds/bin/gnu/H-x86_64-pc-linux-gnu/bin/../lib/gcc/nios2-elf/12.1.1/../../../../../H-x86_64-pc-linux-gnu/nios2-elf/lib/mno-hw-mul/libsmallc.a(lib_a-memcmp.o)
 .comment       0x000000000000002d       0x2e /home/harry/intelFPGA_lite/22.1std/nios2eds/bin/gnu/H-x86_64-pc-linux-gnu/bin/../lib/gcc/nios2-elf/12.1.1/../../../../../H-x86_64-pc-linux-gnu/nios2-elf/lib/mno-hw-mul/libsmallc.a(lib_a-memcpy.o)
 .comment       0x000000000000002d       0x2e /home/harry/intelFPGA_lite/22.1std/nios2eds/bin/gnu/H-x86_64-pc-linux-gnu/bin/../lib/gcc/nios2-elf/12.1.1/../../../../../H-x86_64-pc-linux-gnu/nios2-elf/lib/mno-hw-mul/libsmallc.a(lib_a-strlen.o)

.debug
 *(.debug)

.line
 *(.line)

.debug_srcinfo
 *(.debug_srcinfo)

.debug_sfnames
 *(.debug_sfnames)

.debug_aranges  0x0000000000000000      0x3e0
 *(.debug_aranges)
 .debug_aranges
                0x0000000000000000       0x28 ../controller_bsp//obj/HAL/src/crt0.o
 .debug_aranges
                0x0000000000000028       0x28 obj/default/controller_main.o
 .debug_aranges
                0x0000000000000050       0x20 /home/harry/intelFPGA_lite/22.1std/nios2eds/bin/gnu/H-x86_64-pc-linux-gnu/bin/../lib/gcc/nios2-elf/12.1.1/mno-hw-mul/libgcc.a(lib2-divmod.o)
 .debug_aranges
                0x0000000000000070       0x20 /home/harry/intelFPGA_lite/22.1std/nios2eds/bin/gnu/H-x86_64-pc-linux-gnu/bin/../lib/gcc/nios2-elf/12.1.1/mno-hw-mul/libgcc.a(lib2-mul.o)
 .debug_aranges
                0x0000000000000090       0x20 ../controller_bsp//libhal_bsp.a(alt_getchar.o)
 .debug_aranges
                0x00000000000000b0       0x20 ../controller_bsp//libhal_bsp.a(alt_irq_register.o)
 .debug_aranges
                0x00000000000000d0       0x18 ../controller_bsp//libhal_bsp.a(alt_irq_vars.o)
 .debug_aranges
                0x00000000000000e8       0x20 ../controller_bsp//libhal_bsp.a(alt_load.o)
 .debug_aranges
                0x0000000000000108       0x20 ../controller_bsp//libhal_bsp.a(alt_main.o)
 .debug_aranges
                0x0000000000000128       0x20 ../controller_bsp//libhal_bsp.a(alt_printf.o)
 .debug_aranges
                0x0000000000000148       0x20 ../controller_bsp//libhal_bsp.a(alt_putchar.o)
 .debug_aranges
                0x0000000000000168       0x20 ../controller_bsp//libhal_bsp.a(alt_sys_init.o)
 .debug_aranges
                0x0000000000000188       0x20 ../controller_bsp//libhal_bsp.a(altera_avalon_jtag_uart_read.o)
 .debug_aranges
                0x00000000000001a8       0x20 ../controller_bsp//libhal_bsp.a(altera_avalon_jtag_uart_write.o)
 .debug_aranges
                0x00000000000001c8       0x20 ../controller_bsp//libhal_bsp.a(altera_up_avalon_accelerometer_spi.o)
 .debug_aranges
                0x00000000000001e8       0x20 ../controller_bsp//libhal_bsp.a(alt_dcache_flush_all.o)
 .debug_aranges
                0x0000000000000208       0x20 ../controller_bsp//libhal_bsp.a(alt_dev.o)
 .debug_aranges
                0x0000000000000228       0x20 ../controller_bsp//libhal_bsp.a(alt_dev_llist_insert.o)
 .debug_aranges
                0x0000000000000248       0x18 ../controller_bsp//libhal_bsp.a(alt_errno.o)
 .debug_aranges
                0x0000000000000260       0x20 ../controller_bsp//libhal_bsp.a(alt_find_dev.o)
 .debug_aranges
                0x0000000000000280       0x20 ../controller_bsp//libhal_bsp.a(alt_icache_flush_all.o)
 .debug_aranges
                0x00000000000002a0       0x30 ../controller_bsp//libhal_bsp.a(alt_irq_entry.o)
 .debug_aranges
                0x00000000000002d0       0x20 ../controller_bsp//libhal_bsp.a(alt_irq_handler.o)
 .debug_aranges
                0x00000000000002f0       0x20 ../controller_bsp//libhal_bsp.a(altera_nios2_gen2_irq.o)
 .debug_aranges
                0x0000000000000310       0x30 ../controller_bsp//libhal_bsp.a(alt_exception_entry.o)
 .debug_aranges
                0x0000000000000340       0x28 ../controller_bsp//libhal_bsp.a(alt_instruction_exception_entry.o)
 .debug_aranges
                0x0000000000000368       0x18 /home/harry/intelFPGA_lite/22.1std/nios2eds/bin/gnu/H-x86_64-pc-linux-gnu/bin/../lib/gcc/nios2-elf/12.1.1/../../../../../H-x86_64-pc-linux-gnu/nios2-elf/lib/mno-hw-mul/libsmallc.a(lib_a-int_errno.o)
 .debug_aranges
                0x0000000000000380       0x20 /home/harry/intelFPGA_lite/22.1std/nios2eds/bin/gnu/H-x86_64-pc-linux-gnu/bin/../lib/gcc/nios2-elf/12.1.1/../../../../../H-x86_64-pc-linux-gnu/nios2-elf/lib/mno-hw-mul/libsmallc.a(lib_a-memcmp.o)
 .debug_aranges
                0x00000000000003a0       0x20 /home/harry/intelFPGA_lite/22.1std/nios2eds/bin/gnu/H-x86_64-pc-linux-gnu/bin/../lib/gcc/nios2-elf/12.1.1/../../../../../H-x86_64-pc-linux-gnu/nios2-elf/lib/mno-hw-mul/libsmallc.a(lib_a-memcpy.o)
 .debug_aranges
                0x00000000000003c0       0x20 /home/harry/intelFPGA_lite/22.1std/nios2eds/bin/gnu/H-x86_64-pc-linux-gnu/bin/../lib/gcc/nios2-elf/12.1.1/../../../../../H-x86_64-pc-linux-gnu/nios2-elf/lib/mno-hw-mul/libsmallc.a(lib_a-strlen.o)

.debug_pubnames
 *(.debug_pubnames)

.debug_info     0x0000000000000000     0x3804
 *(.debug_info .gnu.linkonce.wi.*)
 .debug_info    0x0000000000000000       0x22 ../controller_bsp//obj/HAL/src/crt0.o
 .debug_info    0x0000000000000022      0x73c obj/default/controller_main.o
 .debug_info    0x000000000000075e      0x347 /home/harry/intelFPGA_lite/22.1std/nios2eds/bin/gnu/H-x86_64-pc-linux-gnu/bin/../lib/gcc/nios2-elf/12.1.1/mno-hw-mul/libgcc.a(lib2-divmod.o)
 .debug_info    0x0000000000000aa5       0xc4 /home/harry/intelFPGA_lite/22.1std/nios2eds/bin/gnu/H-x86_64-pc-linux-gnu/bin/../lib/gcc/nios2-elf/12.1.1/mno-hw-mul/libgcc.a(lib2-mul.o)
 .debug_info    0x0000000000000b69      0x32c ../controller_bsp//libhal_bsp.a(alt_getchar.o)
 .debug_info    0x0000000000000e95      0x326 ../controller_bsp//libhal_bsp.a(alt_irq_register.o)
 .debug_info    0x00000000000011bb       0x88 ../controller_bsp//libhal_bsp.a(alt_irq_vars.o)
 .debug_info    0x0000000000001243      0x239 ../controller_bsp//libhal_bsp.a(alt_load.o)
 .debug_info    0x000000000000147c      0x13e ../controller_bsp//libhal_bsp.a(alt_main.o)
 .debug_info    0x00000000000015ba      0x17e ../controller_bsp//libhal_bsp.a(alt_printf.o)
 .debug_info    0x0000000000001738      0x130 ../controller_bsp//libhal_bsp.a(alt_putchar.o)
 .debug_info    0x0000000000001868      0x428 ../controller_bsp//libhal_bsp.a(alt_sys_init.o)
 .debug_info    0x0000000000001c90      0x168 ../controller_bsp//libhal_bsp.a(altera_avalon_jtag_uart_read.o)
 .debug_info    0x0000000000001df8      0x149 ../controller_bsp//libhal_bsp.a(altera_avalon_jtag_uart_write.o)
 .debug_info    0x0000000000001f41      0x490 ../controller_bsp//libhal_bsp.a(altera_up_avalon_accelerometer_spi.o)
 .debug_info    0x00000000000023d1       0x8d ../controller_bsp//libhal_bsp.a(alt_dcache_flush_all.o)
 .debug_info    0x000000000000245e      0x564 ../controller_bsp//libhal_bsp.a(alt_dev.o)
 .debug_info    0x00000000000029c2      0x1c9 ../controller_bsp//libhal_bsp.a(alt_dev_llist_insert.o)
 .debug_info    0x0000000000002b8b       0xa8 ../controller_bsp//libhal_bsp.a(alt_errno.o)
 .debug_info    0x0000000000002c33      0x361 ../controller_bsp//libhal_bsp.a(alt_find_dev.o)
 .debug_info    0x0000000000002f94       0x8d ../controller_bsp//libhal_bsp.a(alt_icache_flush_all.o)
 .debug_info    0x0000000000003021       0x22 ../controller_bsp//libhal_bsp.a(alt_irq_entry.o)
 .debug_info    0x0000000000003043      0x19a ../controller_bsp//libhal_bsp.a(alt_irq_handler.o)
 .debug_info    0x00000000000031dd       0x8d ../controller_bsp//libhal_bsp.a(altera_nios2_gen2_irq.o)
 .debug_info    0x000000000000326a       0x22 ../controller_bsp//libhal_bsp.a(alt_exception_entry.o)
 .debug_info    0x000000000000328c      0x208 ../controller_bsp//libhal_bsp.a(alt_instruction_exception_entry.o)
 .debug_info    0x0000000000003494       0x85 /home/harry/intelFPGA_lite/22.1std/nios2eds/bin/gnu/H-x86_64-pc-linux-gnu/bin/../lib/gcc/nios2-elf/12.1.1/../../../../../H-x86_64-pc-linux-gnu/nios2-elf/lib/mno-hw-mul/libsmallc.a(lib_a-int_errno.o)
 .debug_info    0x0000000000003519       0xf9 /home/harry/intelFPGA_lite/22.1std/nios2eds/bin/gnu/H-x86_64-pc-linux-gnu/bin/../lib/gcc/nios2-elf/12.1.1/../../../../../H-x86_64-pc-linux-gnu/nios2-elf/lib/mno-hw-mul/libsmallc.a(lib_a-memcmp.o)
 .debug_info    0x0000000000003612      0x121 /home/harry/intelFPGA_lite/22.1std/nios2eds/bin/gnu/H-x86_64-pc-linux-gnu/bin/../lib/gcc/nios2-elf/12.1.1/../../../../../H-x86_64-pc-linux-gnu/nios2-elf/lib/mno-hw-mul/libsmallc.a(lib_a-memcpy.o)
 .debug_info    0x0000000000003733       0xd1 /home/harry/intelFPGA_lite/22.1std/nios2eds/bin/gnu/H-x86_64-pc-linux-gnu/bin/../lib/gcc/nios2-elf/12.1.1/../../../../../H-x86_64-pc-linux-gnu/nios2-elf/lib/mno-hw-mul/libsmallc.a(lib_a-strlen.o)

.debug_abbrev   0x0000000000000000     0x196a
 *(.debug_abbrev)
 .debug_abbrev  0x0000000000000000       0x12 ../controller_bsp//obj/HAL/src/crt0.o
 .debug_abbrev  0x0000000000000012      0x216 obj/default/controller_main.o
 .debug_abbrev  0x0000000000000228      0x10c /home/harry/intelFPGA_lite/22.1std/nios2eds/bin/gnu/H-x86_64-pc-linux-gnu/bin/../lib/gcc/nios2-elf/12.1.1/mno-hw-mul/libgcc.a(lib2-divmod.o)
 .debug_abbrev  0x0000000000000334       0x80 /home/harry/intelFPGA_lite/22.1std/nios2eds/bin/gnu/H-x86_64-pc-linux-gnu/bin/../lib/gcc/nios2-elf/12.1.1/mno-hw-mul/libgcc.a(lib2-mul.o)
 .debug_abbrev  0x00000000000003b4      0x118 ../controller_bsp//libhal_bsp.a(alt_getchar.o)
 .debug_abbrev  0x00000000000004cc      0x202 ../controller_bsp//libhal_bsp.a(alt_irq_register.o)
 .debug_abbrev  0x00000000000006ce       0x46 ../controller_bsp//libhal_bsp.a(alt_irq_vars.o)
 .debug_abbrev  0x0000000000000714      0x12c ../controller_bsp//libhal_bsp.a(alt_load.o)
 .debug_abbrev  0x0000000000000840       0xeb ../controller_bsp//libhal_bsp.a(alt_main.o)
 .debug_abbrev  0x000000000000092b      0x10d ../controller_bsp//libhal_bsp.a(alt_printf.o)
 .debug_abbrev  0x0000000000000a38       0xca ../controller_bsp//libhal_bsp.a(alt_putchar.o)
 .debug_abbrev  0x0000000000000b02      0x1dc ../controller_bsp//libhal_bsp.a(alt_sys_init.o)
 .debug_abbrev  0x0000000000000cde       0xef ../controller_bsp//libhal_bsp.a(altera_avalon_jtag_uart_read.o)
 .debug_abbrev  0x0000000000000dcd       0xdc ../controller_bsp//libhal_bsp.a(altera_avalon_jtag_uart_write.o)
 .debug_abbrev  0x0000000000000ea9      0x14f ../controller_bsp//libhal_bsp.a(altera_up_avalon_accelerometer_spi.o)
 .debug_abbrev  0x0000000000000ff8       0x43 ../controller_bsp//libhal_bsp.a(alt_dcache_flush_all.o)
 .debug_abbrev  0x000000000000103b      0x11b ../controller_bsp//libhal_bsp.a(alt_dev.o)
 .debug_abbrev  0x0000000000001156      0x147 ../controller_bsp//libhal_bsp.a(alt_dev_llist_insert.o)
 .debug_abbrev  0x000000000000129d       0x70 ../controller_bsp//libhal_bsp.a(alt_errno.o)
 .debug_abbrev  0x000000000000130d      0x132 ../controller_bsp//libhal_bsp.a(alt_find_dev.o)
 .debug_abbrev  0x000000000000143f       0x43 ../controller_bsp//libhal_bsp.a(alt_icache_flush_all.o)
 .debug_abbrev  0x0000000000001482       0x12 ../controller_bsp//libhal_bsp.a(alt_irq_entry.o)
 .debug_abbrev  0x0000000000001494      0x147 ../controller_bsp//libhal_bsp.a(alt_irq_handler.o)
 .debug_abbrev  0x00000000000015db       0x43 ../controller_bsp//libhal_bsp.a(altera_nios2_gen2_irq.o)
 .debug_abbrev  0x000000000000161e       0x12 ../controller_bsp//libhal_bsp.a(alt_exception_entry.o)
 .debug_abbrev  0x0000000000001630      0x113 ../controller_bsp//libhal_bsp.a(alt_instruction_exception_entry.o)
 .debug_abbrev  0x0000000000001743       0x39 /home/harry/intelFPGA_lite/22.1std/nios2eds/bin/gnu/H-x86_64-pc-linux-gnu/bin/../lib/gcc/nios2-elf/12.1.1/../../../../../H-x86_64-pc-linux-gnu/nios2-elf/lib/mno-hw-mul/libsmallc.a(lib_a-int_errno.o)
 .debug_abbrev  0x000000000000177c       0xa1 /home/harry/intelFPGA_lite/22.1std/nios2eds/bin/gnu/H-x86_64-pc-linux-gnu/bin/../lib/gcc/nios2-elf/12.1.1/../../../../../H-x86_64-pc-linux-gnu/nios2-elf/lib/mno-hw-mul/libsmallc.a(lib_a-memcmp.o)
 .debug_abbrev  0x000000000000181d       0xc1 /home/harry/intelFPGA_lite/22.1std/nios2eds/bin/gnu/H-x86_64-pc-linux-gnu/bin/../lib/gcc/nios2-elf/12.1.1/../../../../../H-x86_64-pc-linux-gnu/nios2-elf/lib/mno-hw-mul/libsmallc.a(lib_a-memcpy.o)
 .debug_abbrev  0x00000000000018de       0x8c /home/harry/intelFPGA_lite/22.1std/nios2eds/bin/gnu/H-x86_64-pc-linux-gnu/bin/../lib/gcc/nios2-elf/12.1.1/../../../../../H-x86_64-pc-linux-gnu/nios2-elf/lib/mno-hw-mul/libsmallc.a(lib_a-strlen.o)

.debug_line     0x0000000000000000     0x17b3
 *(.debug_line)
 .debug_line    0x0000000000000000       0x66 ../controller_bsp//obj/HAL/src/crt0.o
 .debug_line    0x0000000000000066      0x264 obj/default/controller_main.o
 .debug_line    0x00000000000002ca      0x2e3 /home/harry/intelFPGA_lite/22.1std/nios2eds/bin/gnu/H-x86_64-pc-linux-gnu/bin/../lib/gcc/nios2-elf/12.1.1/mno-hw-mul/libgcc.a(lib2-divmod.o)
 .debug_line    0x00000000000005ad       0x88 /home/harry/intelFPGA_lite/22.1std/nios2eds/bin/gnu/H-x86_64-pc-linux-gnu/bin/../lib/gcc/nios2-elf/12.1.1/mno-hw-mul/libgcc.a(lib2-mul.o)
 .debug_line    0x0000000000000635       0xa1 ../controller_bsp//libhal_bsp.a(alt_getchar.o)
 .debug_line    0x00000000000006d6      0x166 ../controller_bsp//libhal_bsp.a(alt_irq_register.o)
 .debug_line    0x000000000000083c       0x43 ../controller_bsp//libhal_bsp.a(alt_irq_vars.o)
 .debug_line    0x000000000000087f       0xd2 ../controller_bsp//libhal_bsp.a(alt_load.o)
 .debug_line    0x0000000000000951       0xa2 ../controller_bsp//libhal_bsp.a(alt_main.o)
 .debug_line    0x00000000000009f3      0x177 ../controller_bsp//libhal_bsp.a(alt_printf.o)
 .debug_line    0x0000000000000b6a       0x82 ../controller_bsp//libhal_bsp.a(alt_putchar.o)
 .debug_line    0x0000000000000bec       0xcc ../controller_bsp//libhal_bsp.a(alt_sys_init.o)
 .debug_line    0x0000000000000cb8       0xd7 ../controller_bsp//libhal_bsp.a(altera_avalon_jtag_uart_read.o)
 .debug_line    0x0000000000000d8f       0x93 ../controller_bsp//libhal_bsp.a(altera_avalon_jtag_uart_write.o)
 .debug_line    0x0000000000000e22      0x188 ../controller_bsp//libhal_bsp.a(altera_up_avalon_accelerometer_spi.o)
 .debug_line    0x0000000000000faa       0x4e ../controller_bsp//libhal_bsp.a(alt_dcache_flush_all.o)
 .debug_line    0x0000000000000ff8       0x9a ../controller_bsp//libhal_bsp.a(alt_dev.o)
 .debug_line    0x0000000000001092       0xfd ../controller_bsp//libhal_bsp.a(alt_dev_llist_insert.o)
 .debug_line    0x000000000000118f       0x4c ../controller_bsp//libhal_bsp.a(alt_errno.o)
 .debug_line    0x00000000000011db       0xb7 ../controller_bsp//libhal_bsp.a(alt_find_dev.o)
 .debug_line    0x0000000000001292       0x4c ../controller_bsp//libhal_bsp.a(alt_icache_flush_all.o)
 .debug_line    0x00000000000012de       0x6b ../controller_bsp//libhal_bsp.a(alt_irq_entry.o)
 .debug_line    0x0000000000001349       0xf8 ../controller_bsp//libhal_bsp.a(alt_irq_handler.o)
 .debug_line    0x0000000000001441       0x54 ../controller_bsp//libhal_bsp.a(altera_nios2_gen2_irq.o)
 .debug_line    0x0000000000001495       0x9d ../controller_bsp//libhal_bsp.a(alt_exception_entry.o)
 .debug_line    0x0000000000001532       0xb0 ../controller_bsp//libhal_bsp.a(alt_instruction_exception_entry.o)
 .debug_line    0x00000000000015e2       0x3a /home/harry/intelFPGA_lite/22.1std/nios2eds/bin/gnu/H-x86_64-pc-linux-gnu/bin/../lib/gcc/nios2-elf/12.1.1/../../../../../H-x86_64-pc-linux-gnu/nios2-elf/lib/mno-hw-mul/libsmallc.a(lib_a-int_errno.o)
 .debug_line    0x000000000000161c       0x8f /home/harry/intelFPGA_lite/22.1std/nios2eds/bin/gnu/H-x86_64-pc-linux-gnu/bin/../lib/gcc/nios2-elf/12.1.1/../../../../../H-x86_64-pc-linux-gnu/nios2-elf/lib/mno-hw-mul/libsmallc.a(lib_a-memcmp.o)
 .debug_line    0x00000000000016ab       0x8c /home/harry/intelFPGA_lite/22.1std/nios2eds/bin/gnu/H-x86_64-pc-linux-gnu/bin/../lib/gcc/nios2-elf/12.1.1/../../../../../H-x86_64-pc-linux-gnu/nios2-elf/lib/mno-hw-mul/libsmallc.a(lib_a-memcpy.o)
 .debug_line    0x0000000000001737       0x7c /home/harry/intelFPGA_lite/22.1std/nios2eds/bin/gnu/H-x86_64-pc-linux-gnu/bin/../lib/gcc/nios2-elf/12.1.1/../../../../../H-x86_64-pc-linux-gnu/nios2-elf/lib/mno-hw-mul/libsmallc.a(lib_a-strlen.o)

.debug_frame    0x0000000000000000      0x4e0
 *(.debug_frame)
 .debug_frame   0x0000000000000000       0xa8 obj/default/controller_main.o
 .debug_frame   0x00000000000000a8       0x50 /home/harry/intelFPGA_lite/22.1std/nios2eds/bin/gnu/H-x86_64-pc-linux-gnu/bin/../lib/gcc/nios2-elf/12.1.1/mno-hw-mul/libgcc.a(lib2-divmod.o)
 .debug_frame   0x00000000000000f8       0x20 /home/harry/intelFPGA_lite/22.1std/nios2eds/bin/gnu/H-x86_64-pc-linux-gnu/bin/../lib/gcc/nios2-elf/12.1.1/mno-hw-mul/libgcc.a(lib2-mul.o)
 .debug_frame   0x0000000000000118       0x30 ../controller_bsp//libhal_bsp.a(alt_getchar.o)
 .debug_frame   0x0000000000000148       0x20 ../controller_bsp//libhal_bsp.a(alt_irq_register.o)
 .debug_frame   0x0000000000000168       0x2c ../controller_bsp//libhal_bsp.a(alt_load.o)
 .debug_frame   0x0000000000000194       0x2c ../controller_bsp//libhal_bsp.a(alt_main.o)
 .debug_frame   0x00000000000001c0       0x44 ../controller_bsp//libhal_bsp.a(alt_printf.o)
 .debug_frame   0x0000000000000204       0x30 ../controller_bsp//libhal_bsp.a(alt_putchar.o)
 .debug_frame   0x0000000000000234       0x3c ../controller_bsp//libhal_bsp.a(alt_sys_init.o)
 .debug_frame   0x0000000000000270       0x20 ../controller_bsp//libhal_bsp.a(altera_avalon_jtag_uart_read.o)
 .debug_frame   0x0000000000000290       0x20 ../controller_bsp//libhal_bsp.a(altera_avalon_jtag_uart_write.o)
 .debug_frame   0x00000000000002b0       0x80 ../controller_bsp//libhal_bsp.a(altera_up_avalon_accelerometer_spi.o)
 .debug_frame   0x0000000000000330       0x20 ../controller_bsp//libhal_bsp.a(alt_dcache_flush_all.o)
 .debug_frame   0x0000000000000350       0x20 ../controller_bsp//libhal_bsp.a(alt_dev.o)
 .debug_frame   0x0000000000000370       0x2c ../controller_bsp//libhal_bsp.a(alt_dev_llist_insert.o)
 .debug_frame   0x000000000000039c       0x40 ../controller_bsp//libhal_bsp.a(alt_find_dev.o)
 .debug_frame   0x00000000000003dc       0x20 ../controller_bsp//libhal_bsp.a(alt_icache_flush_all.o)
 .debug_frame   0x00000000000003fc       0x34 ../controller_bsp//libhal_bsp.a(alt_irq_handler.o)
 .debug_frame   0x0000000000000430       0x20 ../controller_bsp//libhal_bsp.a(altera_nios2_gen2_irq.o)
 .debug_frame   0x0000000000000450       0x30 ../controller_bsp//libhal_bsp.a(alt_instruction_exception_entry.o)
 .debug_frame   0x0000000000000480       0x20 /home/harry/intelFPGA_lite/22.1std/nios2eds/bin/gnu/H-x86_64-pc-linux-gnu/bin/../lib/gcc/nios2-elf/12.1.1/../../../../../H-x86_64-pc-linux-gnu/nios2-elf/lib/mno-hw-mul/libsmallc.a(lib_a-memcmp.o)
 .debug_frame   0x00000000000004a0       0x20 /home/harry/intelFPGA_lite/22.1std/nios2eds/bin/gnu/H-x86_64-pc-linux-gnu/bin/../lib/gcc/nios2-elf/12.1.1/../../../../../H-x86_64-pc-linux-gnu/nios2-elf/lib/mno-hw-mul/libsmallc.a(lib_a-memcpy.o)
 .debug_frame   0x00000000000004c0       0x20 /home/harry/intelFPGA_lite/22.1std/nios2eds/bin/gnu/H-x86_64-pc-linux-gnu/bin/../lib/gcc/nios2-elf/12.1.1/../../../../../H-x86_64-pc-linux-gnu/nios2-elf/lib/mno-hw-mul/libsmallc.a(lib_a-strlen.o)

.debug_str      0x0000000000000000      0xe9f
 *(.debug_str)
 .debug_str     0x0000000000000000       0x6d ../controller_bsp//obj/HAL/src/crt0.o
 .debug_str     0x000000000000006d      0x2e6 obj/default/controller_main.o
                                        0x341 (size before relaxing)
 .debug_str     0x0000000000000353       0xcd /home/harry/intelFPGA_lite/22.1std/nios2eds/bin/gnu/H-x86_64-pc-linux-gnu/bin/../lib/gcc/nios2-elf/12.1.1/mno-hw-mul/libgcc.a(lib2-divmod.o)
                                        0x122 (size before relaxing)
 .debug_str     0x0000000000000420       0xe6 /home/harry/intelFPGA_lite/22.1std/nios2eds/bin/gnu/H-x86_64-pc-linux-gnu/bin/../lib/gcc/nios2-elf/12.1.1/mno-hw-mul/libgcc.a(lib2-mul.o)
 .debug_str     0x0000000000000420       0x53 ../controller_bsp//libhal_bsp.a(alt_getchar.o)
                                        0x1da (size before relaxing)
 .debug_str     0x0000000000000473       0x84 ../controller_bsp//libhal_bsp.a(alt_irq_register.o)
                                        0x1a2 (size before relaxing)
 .debug_str     0x00000000000004f7       0x12 ../controller_bsp//libhal_bsp.a(alt_irq_vars.o)
                                         0xf3 (size before relaxing)
 .debug_str     0x0000000000000509      0x111 ../controller_bsp//libhal_bsp.a(alt_load.o)
                                        0x208 (size before relaxing)
 .debug_str     0x000000000000061a       0x4b ../controller_bsp//libhal_bsp.a(alt_main.o)
                                        0x138 (size before relaxing)
 .debug_str     0x0000000000000665       0x44 ../controller_bsp//libhal_bsp.a(alt_printf.o)
                                         0xc1 (size before relaxing)
 .debug_str     0x00000000000006a9       0x1e ../controller_bsp//libhal_bsp.a(alt_putchar.o)
                                        0x13c (size before relaxing)
 .debug_str     0x00000000000006c7       0xa5 ../controller_bsp//libhal_bsp.a(alt_sys_init.o)
                                        0x286 (size before relaxing)
 .debug_str     0x000000000000076c        0xb ../controller_bsp//libhal_bsp.a(altera_avalon_jtag_uart_read.o)
                                        0x167 (size before relaxing)
 .debug_str     0x0000000000000777        0x6 ../controller_bsp//libhal_bsp.a(altera_avalon_jtag_uart_write.o)
                                        0x15c (size before relaxing)
 .debug_str     0x000000000000077d       0x83 ../controller_bsp//libhal_bsp.a(altera_up_avalon_accelerometer_spi.o)
                                        0x2e4 (size before relaxing)
 .debug_str     0x0000000000000800       0xfd ../controller_bsp//libhal_bsp.a(alt_dcache_flush_all.o)
 .debug_str     0x0000000000000800      0x137 ../controller_bsp//libhal_bsp.a(alt_dev.o)
                                        0x319 (size before relaxing)
 .debug_str     0x0000000000000937       0x29 ../controller_bsp//libhal_bsp.a(alt_dev_llist_insert.o)
                                        0x174 (size before relaxing)
 .debug_str     0x0000000000000960        0x8 ../controller_bsp//libhal_bsp.a(alt_errno.o)
                                         0xfa (size before relaxing)
 .debug_str     0x0000000000000968        0xe ../controller_bsp//libhal_bsp.a(alt_find_dev.o)
                                        0x1a4 (size before relaxing)
 .debug_str     0x0000000000000976       0xfd ../controller_bsp//libhal_bsp.a(alt_icache_flush_all.o)
 .debug_str     0x0000000000000976       0x18 ../controller_bsp//libhal_bsp.a(alt_irq_entry.o)
                                         0x76 (size before relaxing)
 .debug_str     0x000000000000098e       0x20 ../controller_bsp//libhal_bsp.a(alt_irq_handler.o)
                                        0x144 (size before relaxing)
 .debug_str     0x00000000000009ae      0x103 ../controller_bsp//libhal_bsp.a(altera_nios2_gen2_irq.o)
 .debug_str     0x00000000000009ae       0x1e ../controller_bsp//libhal_bsp.a(alt_exception_entry.o)
                                         0x7c (size before relaxing)
 .debug_str     0x00000000000009cc      0x461 ../controller_bsp//libhal_bsp.a(alt_instruction_exception_entry.o)
                                        0x546 (size before relaxing)
 .debug_str     0x0000000000000e2d       0x5e /home/harry/intelFPGA_lite/22.1std/nios2eds/bin/gnu/H-x86_64-pc-linux-gnu/bin/../lib/gcc/nios2-elf/12.1.1/../../../../../H-x86_64-pc-linux-gnu/nios2-elf/lib/mno-hw-mul/libsmallc.a(lib_a-int_errno.o)
                                         0xf9 (size before relaxing)
 .debug_str     0x0000000000000e8b      0x101 /home/harry/intelFPGA_lite/22.1std/nios2eds/bin/gnu/H-x86_64-pc-linux-gnu/bin/../lib/gcc/nios2-elf/12.1.1/../../../../../H-x86_64-pc-linux-gnu/nios2-elf/lib/mno-hw-mul/libsmallc.a(lib_a-memcmp.o)
 .debug_str     0x0000000000000e8b       0x14 /home/harry/intelFPGA_lite/22.1std/nios2eds/bin/gnu/H-x86_64-pc-linux-gnu/bin/../lib/gcc/nios2-elf/12.1.1/../../../../../H-x86_64-pc-linux-gnu/nios2-elf/lib/mno-hw-mul/libsmallc.a(lib_a-memcpy.o)
                                        0x115 (size before relaxing)
 .debug_str     0x0000000000000e9f       0x14 /home/harry/intelFPGA_lite/22.1std/nios2eds/bin/gnu/H-x86_64-pc-linux-gnu/bin/../lib/gcc/nios2-elf/12.1.1/../../../../../H-x86_64-pc-linux-gnu/nios2-elf/lib/mno-hw-mul/libsmallc.a(lib_a-strlen.o)
                                        0x107 (size before relaxing)

.debug_loc
 *(.debug_loc)

.debug_macinfo
 *(.debug_macinfo)

.debug_weaknames
 *(.debug_weaknames)

.debug_funcnames
 *(.debug_funcnames)

.debug_typenames
 *(.debug_typenames)

.debug_varnames
 *(.debug_varnames)

.debug_alt_sim_info
                0x0000000000000000       0x10
 *(.debug_alt_sim_info)
 .debug_alt_sim_info
                0x0000000000000000       0x10 ../controller_bsp//obj/HAL/src/crt0.o
                0x0000000000040000                __alt_data_end = 0x40000
                0x0000000000040000                PROVIDE (__alt_stack_pointer = __alt_data_end)
                [!provide]                        PROVIDE (__alt_stack_limit = __alt_stack_base)
                [!provide]                        PROVIDE (__alt_heap_start = end)
                [!provide]                        PROVIDE (__alt_heap_limit = 0x40000)
OUTPUT(controller.elf elf32-littlenios2)
LOAD linker stubs

.debug_ranges   0x0000000000000000       0x70
 .debug_ranges  0x0000000000000000       0x20 ../controller_bsp//obj/HAL/src/crt0.o
 .debug_ranges  0x0000000000000020       0x28 ../controller_bsp//libhal_bsp.a(alt_irq_entry.o)
 .debug_ranges  0x0000000000000048       0x28 ../controller_bsp//libhal_bsp.a(alt_exception_entry.o)

.debug_loclists
                0x0000000000000000      0xb8f
 .debug_loclists
                0x0000000000000000      0x124 obj/default/controller_main.o
 .debug_loclists
                0x0000000000000124      0x37a /home/harry/intelFPGA_lite/22.1std/nios2eds/bin/gnu/H-x86_64-pc-linux-gnu/bin/../lib/gcc/nios2-elf/12.1.1/mno-hw-mul/libgcc.a(lib2-divmod.o)
 .debug_loclists
                0x000000000000049e       0x5b /home/harry/intelFPGA_lite/22.1std/nios2eds/bin/gnu/H-x86_64-pc-linux-gnu/bin/../lib/gcc/nios2-elf/12.1.1/mno-hw-mul/libgcc.a(lib2-mul.o)
 .debug_loclists
                0x00000000000004f9       0x9d ../controller_bsp//libhal_bsp.a(alt_irq_register.o)
 .debug_loclists
                0x0000000000000596      0x180 ../controller_bsp//libhal_bsp.a(alt_printf.o)
 .debug_loclists
                0x0000000000000716       0x25 ../controller_bsp//libhal_bsp.a(alt_putchar.o)
 .debug_loclists
                0x000000000000073b       0x1e ../controller_bsp//libhal_bsp.a(alt_sys_init.o)
 .debug_loclists
                0x0000000000000759       0x9f ../controller_bsp//libhal_bsp.a(altera_avalon_jtag_uart_read.o)
 .debug_loclists
                0x00000000000007f8       0x5e ../controller_bsp//libhal_bsp.a(altera_avalon_jtag_uart_write.o)
 .debug_loclists
                0x0000000000000856       0x42 ../controller_bsp//libhal_bsp.a(altera_up_avalon_accelerometer_spi.o)
 .debug_loclists
                0x0000000000000898       0x4e ../controller_bsp//libhal_bsp.a(alt_dev_llist_insert.o)
 .debug_loclists
                0x00000000000008e6       0x6a ../controller_bsp//libhal_bsp.a(alt_find_dev.o)
 .debug_loclists
                0x0000000000000950       0x6e ../controller_bsp//libhal_bsp.a(alt_irq_handler.o)
 .debug_loclists
                0x00000000000009be       0x47 ../controller_bsp//libhal_bsp.a(alt_instruction_exception_entry.o)
 .debug_loclists
                0x0000000000000a05       0x8c /home/harry/intelFPGA_lite/22.1std/nios2eds/bin/gnu/H-x86_64-pc-linux-gnu/bin/../lib/gcc/nios2-elf/12.1.1/../../../../../H-x86_64-pc-linux-gnu/nios2-elf/lib/mno-hw-mul/libsmallc.a(lib_a-memcmp.o)
 .debug_loclists
                0x0000000000000a91       0xcc /home/harry/intelFPGA_lite/22.1std/nios2eds/bin/gnu/H-x86_64-pc-linux-gnu/bin/../lib/gcc/nios2-elf/12.1.1/../../../../../H-x86_64-pc-linux-gnu/nios2-elf/lib/mno-hw-mul/libsmallc.a(lib_a-memcpy.o)
 .debug_loclists
                0x0000000000000b5d       0x32 /home/harry/intelFPGA_lite/22.1std/nios2eds/bin/gnu/H-x86_64-pc-linux-gnu/bin/../lib/gcc/nios2-elf/12.1.1/../../../../../H-x86_64-pc-linux-gnu/nios2-elf/lib/mno-hw-mul/libsmallc.a(lib_a-strlen.o)

.debug_rnglists
                0x0000000000000000      0x17f
 .debug_rnglists
                0x0000000000000000       0x34 obj/default/controller_main.o
 .debug_rnglists
                0x0000000000000034       0x3f /home/harry/intelFPGA_lite/22.1std/nios2eds/bin/gnu/H-x86_64-pc-linux-gnu/bin/../lib/gcc/nios2-elf/12.1.1/mno-hw-mul/libgcc.a(lib2-divmod.o)
 .debug_rnglists
                0x0000000000000073       0x22 ../controller_bsp//libhal_bsp.a(alt_irq_register.o)
 .debug_rnglists
                0x0000000000000095       0x23 ../controller_bsp//libhal_bsp.a(alt_load.o)
 .debug_rnglists
                0x00000000000000b8       0x17 ../controller_bsp//libhal_bsp.a(alt_printf.o)
 .debug_rnglists
                0x00000000000000cf       0x13 ../controller_bsp//libhal_bsp.a(alt_sys_init.o)
 .debug_rnglists
                0x00000000000000e2       0x16 ../controller_bsp//libhal_bsp.a(altera_avalon_jtag_uart_read.o)
 .debug_rnglists
                0x00000000000000f8       0x16 ../controller_bsp//libhal_bsp.a(alt_dev_llist_insert.o)
 .debug_rnglists
                0x000000000000010e       0x1f ../controller_bsp//libhal_bsp.a(alt_irq_handler.o)
 .debug_rnglists
                0x000000000000012d       0x19 ../controller_bsp//libhal_bsp.a(alt_instruction_exception_entry.o)
 .debug_rnglists
                0x0000000000000146       0x13 /home/harry/intelFPGA_lite/22.1std/nios2eds/bin/gnu/H-x86_64-pc-linux-gnu/bin/../lib/gcc/nios2-elf/12.1.1/../../../../../H-x86_64-pc-linux-gnu/nios2-elf/lib/mno-hw-mul/libsmallc.a(lib_a-memcmp.o)
 .debug_rnglists
                0x0000000000000159       0x13 /home/harry/intelFPGA_lite/22.1std/nios2eds/bin/gnu/H-x86_64-pc-linux-gnu/bin/../lib/gcc/nios2-elf/12.1.1/../../../../../H-x86_64-pc-linux-gnu/nios2-elf/lib/mno-hw-mul/libsmallc.a(lib_a-memcpy.o)
 .debug_rnglists
                0x000000000000016c       0x13 /home/harry/intelFPGA_lite/22.1std/nios2eds/bin/gnu/H-x86_64-pc-linux-gnu/bin/../lib/gcc/nios2-elf/12.1.1/../../../../../H-x86_64-pc-linux-gnu/nios2-elf/lib/mno-hw-mul/libsmallc.a(lib_a-strlen.o)

.debug_line_str
                0x0000000000000000      0xb14
 .debug_line_str
                0x0000000000000000      0x138 obj/default/controller_main.o
                                        0x1a7 (size before relaxing)
 .debug_line_str
                0x0000000000000138       0xf3 /home/harry/intelFPGA_lite/22.1std/nios2eds/bin/gnu/H-x86_64-pc-linux-gnu/bin/../lib/gcc/nios2-elf/12.1.1/mno-hw-mul/libgcc.a(lib2-divmod.o)
                                        0x1b8 (size before relaxing)
 .debug_line_str
                0x000000000000022b       0x3a /home/harry/intelFPGA_lite/22.1std/nios2eds/bin/gnu/H-x86_64-pc-linux-gnu/bin/../lib/gcc/nios2-elf/12.1.1/mno-hw-mul/libgcc.a(lib2-mul.o)
                                        0x1af (size before relaxing)
 .debug_line_str
                0x0000000000000265       0x9f ../controller_bsp//libhal_bsp.a(alt_getchar.o)
                                        0x134 (size before relaxing)
 .debug_line_str
                0x0000000000000304       0x2b ../controller_bsp//libhal_bsp.a(alt_irq_register.o)
                                        0x14d (size before relaxing)
 .debug_line_str
                0x000000000000032f       0x17 ../controller_bsp//libhal_bsp.a(alt_irq_vars.o)
                                         0xf9 (size before relaxing)
 .debug_line_str
                0x0000000000000346       0x35 ../controller_bsp//libhal_bsp.a(alt_load.o)
                                        0x11d (size before relaxing)
 .debug_line_str
                0x000000000000037b       0x31 ../controller_bsp//libhal_bsp.a(alt_main.o)
                                        0x11c (size before relaxing)
 .debug_line_str
                0x00000000000003ac       0x95 ../controller_bsp//libhal_bsp.a(alt_printf.o)
                                        0x16b (size before relaxing)
 .debug_line_str
                0x0000000000000441       0x16 ../controller_bsp//libhal_bsp.a(alt_putchar.o)
                                         0xe0 (size before relaxing)
 .debug_line_str
                0x0000000000000457       0x5f ../controller_bsp//libhal_bsp.a(alt_sys_init.o)
                                        0x193 (size before relaxing)
 .debug_line_str
                0x00000000000004b6       0x37 ../controller_bsp//libhal_bsp.a(altera_avalon_jtag_uart_read.o)
                                        0x15d (size before relaxing)
 .debug_line_str
                0x00000000000004ed       0x2c ../controller_bsp//libhal_bsp.a(altera_avalon_jtag_uart_write.o)
                                        0x160 (size before relaxing)
 .debug_line_str
                0x0000000000000519       0x31 ../controller_bsp//libhal_bsp.a(altera_up_avalon_accelerometer_spi.o)
                                        0x1b8 (size before relaxing)
 .debug_line_str
                0x000000000000054a       0x1f ../controller_bsp//libhal_bsp.a(alt_dcache_flush_all.o)
                                         0xfb (size before relaxing)
 .debug_line_str
                0x0000000000000569      0x105 ../controller_bsp//libhal_bsp.a(alt_dev.o)
                                        0x22c (size before relaxing)
 .debug_line_str
                0x000000000000066e       0x2b ../controller_bsp//libhal_bsp.a(alt_dev_llist_insert.o)
                                        0x140 (size before relaxing)
 .debug_line_str
                0x0000000000000699       0x14 ../controller_bsp//libhal_bsp.a(alt_errno.o)
                                        0x15c (size before relaxing)
 .debug_line_str
                0x00000000000006ad       0x85 ../controller_bsp//libhal_bsp.a(alt_find_dev.o)
                                        0x1f6 (size before relaxing)
 .debug_line_str
                0x0000000000000732       0x1f ../controller_bsp//libhal_bsp.a(alt_icache_flush_all.o)
                                         0xfb (size before relaxing)
 .debug_line_str
                0x0000000000000751       0x1a ../controller_bsp//libhal_bsp.a(alt_irq_handler.o)
                                        0x11a (size before relaxing)
 .debug_line_str
                0x000000000000076b       0x20 ../controller_bsp//libhal_bsp.a(altera_nios2_gen2_irq.o)
                                         0xfe (size before relaxing)
 .debug_line_str
                0x000000000000078b       0x3b ../controller_bsp//libhal_bsp.a(alt_instruction_exception_entry.o)
                                        0x151 (size before relaxing)
 .debug_line_str
                0x00000000000007c6      0x104 /home/harry/intelFPGA_lite/22.1std/nios2eds/bin/gnu/H-x86_64-pc-linux-gnu/bin/../lib/gcc/nios2-elf/12.1.1/../../../../../H-x86_64-pc-linux-gnu/nios2-elf/lib/mno-hw-mul/libsmallc.a(lib_a-int_errno.o)
                                        0x1df (size before relaxing)
 .debug_line_str
                0x00000000000008ca      0x1cc /home/harry/intelFPGA_lite/22.1std/nios2eds/bin/gnu/H-x86_64-pc-linux-gnu/bin/../lib/gcc/nios2-elf/12.1.1/../../../../../H-x86_64-pc-linux-gnu/nios2-elf/lib/mno-hw-mul/libsmallc.a(lib_a-memcmp.o)
                                        0x2b5 (size before relaxing)
 .debug_line_str
                0x0000000000000a96       0x3f /home/harry/intelFPGA_lite/22.1std/nios2eds/bin/gnu/H-x86_64-pc-linux-gnu/bin/../lib/gcc/nios2-elf/12.1.1/../../../../../H-x86_64-pc-linux-gnu/nios2-elf/lib/mno-hw-mul/libsmallc.a(lib_a-memcpy.o)
                                        0x2b5 (size before relaxing)
 .debug_line_str
                0x0000000000000ad5       0x3f /home/harry/intelFPGA_lite/22.1std/nios2eds/bin/gnu/H-x86_64-pc-linux-gnu/bin/../lib/gcc/nios2-elf/12.1.1/../../../../../H-x86_64-pc-linux-gnu/nios2-elf/lib/mno-hw-mul/libsmallc.a(lib_a-strlen.o)
                                        0x2b5 (size before relaxing)
