Archive member included to satisfy reference by file (symbol)

/home/harry/intelFPGA_lite/22.1std/nios2eds/bin/gnu/H-x86_64-pc-linux-gnu/bin/../lib/gcc/nios2-elf/12.1.1/mno-hw-mul/libgcc.a(lib2-divmod.o)
                              obj/default/controller_main.o (__umodsi3)
/home/harry/intelFPGA_lite/22.1std/nios2eds/bin/gnu/H-x86_64-pc-linux-gnu/bin/../lib/gcc/nios2-elf/12.1.1/mno-hw-mul/libgcc.a(lib2-mul.o)
                              obj/default/controller_main.o (__mulsi3)
../controller_bsp//libhal_bsp.a(alt_getchar.o)
                              obj/default/controller_main.o (alt_getchar)
../controller_bsp//libhal_bsp.a(alt_irq_register.o)
                              obj/default/controller_main.o (alt_irq_register)
../controller_bsp//libhal_bsp.a(alt_irq_vars.o)
                              ../controller_bsp//libhal_bsp.a(alt_irq_register.o) (alt_irq_active)
../controller_bsp//libhal_bsp.a(alt_load.o)
                              ../controller_bsp//obj/HAL/src/crt0.o (alt_load)
../controller_bsp//libhal_bsp.a(alt_main.o)
                              ../controller_bsp//obj/HAL/src/crt0.o (alt_main)
../controller_bsp//libhal_bsp.a(alt_printf.o)
                              obj/default/controller_main.o (alt_printf)
../controller_bsp//libhal_bsp.a(alt_putchar.o)
                              ../controller_bsp//libhal_bsp.a(alt_printf.o) (alt_putchar)
../controller_bsp//libhal_bsp.a(alt_sys_init.o)
                              ../controller_bsp//libhal_bsp.a(alt_main.o) (alt_irq_init)
../controller_bsp//libhal_bsp.a(altera_avalon_jtag_uart_read.o)
                              ../controller_bsp//libhal_bsp.a(alt_getchar.o) (altera_avalon_jtag_uart_read)
../controller_bsp//libhal_bsp.a(altera_avalon_jtag_uart_write.o)
                              ../controller_bsp//libhal_bsp.a(alt_putchar.o) (altera_avalon_jtag_uart_write)
../controller_bsp//libhal_bsp.a(altera_up_avalon_accelerometer_spi.o)
                              obj/default/controller_main.o (alt_up_accelerometer_spi_open_dev)
../controller_bsp//libhal_bsp.a(alt_dcache_flush_all.o)
                              ../controller_bsp//libhal_bsp.a(alt_load.o) (alt_dcache_flush_all)
../controller_bsp//libhal_bsp.a(alt_dev.o)
                              ../controller_bsp//libhal_bsp.a(alt_getchar.o) (alt_fd_list)
../controller_bsp//libhal_bsp.a(alt_dev_llist_insert.o)
                              ../controller_bsp//libhal_bsp.a(alt_sys_init.o) (alt_dev_llist_insert)
../controller_bsp//libhal_bsp.a(alt_errno.o)
                              ../controller_bsp//libhal_bsp.a(alt_dev_llist_insert.o) (alt_errno)
../controller_bsp//libhal_bsp.a(alt_find_dev.o)
                              ../controller_bsp//libhal_bsp.a(altera_up_avalon_accelerometer_spi.o) (alt_find_dev)
../controller_bsp//libhal_bsp.a(alt_icache_flush_all.o)
                              ../controller_bsp//libhal_bsp.a(alt_load.o) (alt_icache_flush_all)
../controller_bsp//libhal_bsp.a(alt_irq_entry.o)
                              ../controller_bsp//libhal_bsp.a(alt_irq_register.o) (alt_irq_entry)
../controller_bsp//libhal_bsp.a(alt_irq_handler.o)
                              ../controller_bsp//libhal_bsp.a(alt_irq_register.o) (alt_irq_handler)
../controller_bsp//libhal_bsp.a(altera_nios2_gen2_irq.o)
                              ../controller_bsp//libhal_bsp.a(alt_sys_init.o) (altera_nios2_gen2_irq_init)
../controller_bsp//libhal_bsp.a(alt_exception_entry.o)
                              ../controller_bsp//libhal_bsp.a(alt_irq_entry.o) (alt_exception)
../controller_bsp//libhal_bsp.a(alt_instruction_exception_entry.o)
                              ../controller_bsp//libhal_bsp.a(alt_exception_entry.o) (alt_instruction_exception_entry)
/home/harry/intelFPGA_lite/22.1std/nios2eds/bin/gnu/H-x86_64-pc-linux-gnu/bin/../lib/gcc/nios2-elf/12.1.1/../../../../../H-x86_64-pc-linux-gnu/nios2-elf/lib/mno-hw-mul/libsmallc.a(lib_a-int_errno.o)
                              ../controller_bsp//libhal_bsp.a(alt_dev_llist_insert.o) (errno)
/home/harry/intelFPGA_lite/22.1std/nios2eds/bin/gnu/H-x86_64-pc-linux-gnu/bin/../lib/gcc/nios2-elf/12.1.1/../../../../../H-x86_64-pc-linux-gnu/nios2-elf/lib/mno-hw-mul/libsmallc.a(lib_a-memcmp.o)
                              ../controller_bsp//libhal_bsp.a(alt_find_dev.o) (memcmp)
/home/harry/intelFPGA_lite/22.1std/nios2eds/bin/gnu/H-x86_64-pc-linux-gnu/bin/../lib/gcc/nios2-elf/12.1.1/../../../../../H-x86_64-pc-linux-gnu/nios2-elf/lib/mno-hw-mul/libsmallc.a(lib_a-memcpy.o)
                              ../controller_bsp//libhal_bsp.a(alt_load.o) (memcpy)
/home/harry/intelFPGA_lite/22.1std/nios2eds/bin/gnu/H-x86_64-pc-linux-gnu/bin/../lib/gcc/nios2-elf/12.1.1/../../../../../H-x86_64-pc-linux-gnu/nios2-elf/lib/mno-hw-mul/libsmallc.a(lib_a-strlen.o)
                              ../controller_bsp//libhal_bsp.a(alt_find_dev.o) (strlen)

Memory Configuration

Name             Origin             Length             Attributes
reset            0x0000000000020000 0x0000000000000020
onchip_memory    0x0000000000020020 0x000000000001ffe0
*default*        0x0000000000000000 0xffffffffffffffff

Linker script and memory map

LOAD ../controller_bsp//obj/HAL/src/crt0.o
LOAD obj/default/controller_main.o
LOAD /home/harry/intelFPGA_lite/22.1std/nios2eds/bin/gnu/H-x86_64-pc-linux-gnu/bin/../lib/gcc/nios2-elf/12.1.1/../../../../../H-x86_64-pc-linux-gnu/nios2-elf/lib/mno-hw-mul/libstdc++.a
LOAD /home/harry/intelFPGA_lite/22.1std/nios2eds/bin/gnu/H-x86_64-pc-linux-gnu/bin/../lib/gcc/nios2-elf/12.1.1/../../../../../H-x86_64-pc-linux-gnu/nios2-elf/lib/mno-hw-mul/libm.a
LOAD /home/harry/intelFPGA_lite/22.1std/nios2eds/bin/gnu/H-x86_64-pc-linux-gnu/bin/../lib/gcc/nios2-elf/12.1.1/mno-hw-mul/libgcc.a
START GROUP
LOAD /home/harry/intelFPGA_lite/22.1std/nios2eds/bin/gnu/H-x86_64-pc-linux-gnu/bin/../lib/gcc/nios2-elf/12.1.1/../../../../../H-x86_64-pc-linux-gnu/nios2-elf/lib/mno-hw-mul/libsmallc.a
LOAD /home/harry/intelFPGA_lite/22.1std/nios2eds/bin/gnu/H-x86_64-pc-linux-gnu/bin/../lib/gcc/nios2-elf/12.1.1/mno-hw-mul/libgcc.a
LOAD ../controller_bsp//libhal_bsp.a
LOAD /home/harry/intelFPGA_lite/22.1std/nios2eds/bin/gnu/H-x86_64-pc-linux-gnu/bin/../lib/gcc/nios2-elf/12.1.1/../../../../../H-x86_64-pc-linux-gnu/nios2-elf/lib/mno-hw-mul/libm.a
END GROUP
LOAD /home/harry/intelFPGA_lite/22.1std/nios2eds/bin/gnu/H-x86_64-pc-linux-gnu/bin/../lib/gcc/nios2-elf/12.1.1/mno-hw-mul/libgcc.a
                0x0000000000020000                __alt_mem_onchip_memory = 0x20000

.entry          0x0000000000020000       0x20
 *(.entry)
 .entry         0x0000000000020000       0x20 ../controller_bsp//obj/HAL/src/crt0.o
                0x0000000000020000                __reset
                0x000000000002000c                _exit

.exceptions     0x0000000000020020      0x160
                0x0000000000020020                PROVIDE (__ram_exceptions_start = ABSOLUTE (.))
                0x0000000000020020                . = ALIGN (0x20)
 *(.irq)
 *(.exceptions.entry.label)
 .exceptions.entry.label
                0x0000000000020020        0x0 ../controller_bsp//libhal_bsp.a(alt_irq_entry.o)
                0x0000000000020020                alt_irq_entry
 .exceptions.entry.label
                0x0000000000020020        0x0 ../controller_bsp//libhal_bsp.a(alt_exception_entry.o)
                0x0000000000020020                alt_exception
 *(.exceptions.entry.user)
 *(.exceptions.entry.ecc_fatal)
 *(.exceptions.entry)
 .exceptions.entry
                0x0000000000020020       0x54 ../controller_bsp//libhal_bsp.a(alt_exception_entry.o)
 *(.exceptions.irqtest.user)
 *(.exceptions.irqtest)
 .exceptions.irqtest
                0x0000000000020074       0x10 ../controller_bsp//libhal_bsp.a(alt_irq_entry.o)
 *(.exceptions.irqhandler.user)
 *(.exceptions.irqhandler)
 .exceptions.irqhandler
                0x0000000000020084        0x4 ../controller_bsp//libhal_bsp.a(alt_irq_entry.o)
 *(.exceptions.irqreturn.user)
 *(.exceptions.irqreturn)
 .exceptions.irqreturn
                0x0000000000020088        0x4 ../controller_bsp//libhal_bsp.a(alt_irq_entry.o)
 *(.exceptions.notirq.label)
 .exceptions.notirq.label
                0x000000000002008c        0x0 ../controller_bsp//libhal_bsp.a(alt_irq_entry.o)
 *(.exceptions.notirq.user)
 *(.exceptions.notirq)
 .exceptions.notirq
                0x000000000002008c        0x8 ../controller_bsp//libhal_bsp.a(alt_exception_entry.o)
 *(.exceptions.soft.user)
 *(.exceptions.soft)
 *(.exceptions.unknown.user)
 *(.exceptions.unknown)
 .exceptions.unknown
                0x0000000000020094       0x14 ../controller_bsp//libhal_bsp.a(alt_exception_entry.o)
 *(.exceptions.exit.label)
 .exceptions.exit.label
                0x00000000000200a8        0x0 ../controller_bsp//libhal_bsp.a(alt_irq_entry.o)
 .exceptions.exit.label
                0x00000000000200a8        0x0 ../controller_bsp//libhal_bsp.a(alt_exception_entry.o)
 *(.exceptions.exit.user)
 *(.exceptions.exit)
 .exceptions.exit
                0x00000000000200a8       0x54 ../controller_bsp//libhal_bsp.a(alt_exception_entry.o)
 *(.exceptions)
 .exceptions    0x00000000000200fc       0x60 ../controller_bsp//libhal_bsp.a(alt_irq_handler.o)
                0x00000000000200fc                alt_irq_handler
 .exceptions    0x000000000002015c       0x24 ../controller_bsp//libhal_bsp.a(alt_instruction_exception_entry.o)
                0x000000000002015c                alt_instruction_exception_entry
                0x0000000000020180                PROVIDE (__ram_exceptions_end = ABSOLUTE (.))
                0x0000000000020020                PROVIDE (__flash_exceptions_start = LOADADDR (.exceptions))

.text           0x0000000000020180      0xbdc
                [!provide]                        PROVIDE (stext = ABSOLUTE (.))
 *(.interp)
 *(.hash)
 *(.dynsym)
 *(.dynstr)
 *(.gnu.version)
 *(.gnu.version_d)
 *(.gnu.version_r)
 *(.rel.init)
 *(.rela.init)
 *(.rel.text .rel.text.* .rel.gnu.linkonce.t.*)
 *(.rela.text .rela.text.* .rela.gnu.linkonce.t.*)
 *(.rel.fini)
 *(.rela.fini)
 *(.rel.rodata .rel.rodata.* .rel.gnu.linkonce.r.*)
 *(.rela.rodata .rela.rodata.* .rela.gnu.linkonce.r.*)
 *(.rel.data .rel.data.* .rel.gnu.linkonce.d.*)
 *(.rela.data .rela.data.* .rela.gnu.linkonce.d.*)
 *(.rel.tdata .rel.tdata.* .rel.gnu.linkonce.td.*)
 *(.rela.tdata .rela.tdata.* .rela.gnu.linkonce.td.*)
 *(.rel.tbss .rel.tbss.* .rel.gnu.linkonce.tb.*)
 *(.rela.tbss .rela.tbss.* .rela.gnu.linkonce.tb.*)
 *(.rel.ctors)
 *(.rela.ctors)
 *(.rel.dtors)
 *(.rela.dtors)
 *(.rel.got)
 *(.rela.got)
 *(.rel.sdata .rel.sdata.* .rel.gnu.linkonce.s.*)
 *(.rela.sdata .rela.sdata.* .rela.gnu.linkonce.s.*)
 *(.rel.sbss .rel.sbss.* .rel.gnu.linkonce.sb.*)
 *(.rela.sbss .rela.sbss.* .rela.gnu.linkonce.sb.*)
 *(.rel.sdata2 .rel.sdata2.* .rel.gnu.linkonce.s2.*)
 *(.rela.sdata2 .rela.sdata2.* .rela.gnu.linkonce.s2.*)
 *(.rel.sbss2 .rel.sbss2.* .rel.gnu.linkonce.sb2.*)
 *(.rela.sbss2 .rela.sbss2.* .rela.gnu.linkonce.sb2.*)
 *(.rel.bss .rel.bss.* .rel.gnu.linkonce.b.*)
 *(.rela.bss .rela.bss.* .rela.gnu.linkonce.b.*)
 *(.rel.plt)
 *(.rela.plt)
 *(.rel.dyn)
 *(.init)
 *(.plt)
 *(.text .stub .text.* .gnu.linkonce.t.*)
 .text          0x0000000000020180       0x3c ../controller_bsp//obj/HAL/src/crt0.o
                0x0000000000020180                _start
 .text          0x00000000000201bc      0x210 obj/default/controller_main.o
                0x00000000000201bc                sys_timer_isr
                0x00000000000201f4                uart_checkRecvBuffer
                0x000000000002020c                timer_init
                0x0000000000020258                filter
 .text.startup  0x00000000000203cc      0x104 obj/default/controller_main.o
                0x00000000000203cc                main
 .text          0x00000000000204d0      0x1b4 /home/harry/intelFPGA_lite/22.1std/nios2eds/bin/gnu/H-x86_64-pc-linux-gnu/bin/../lib/gcc/nios2-elf/12.1.1/mno-hw-mul/libgcc.a(lib2-divmod.o)
                0x00000000000204d0                __divsi3
                0x0000000000020550                __modsi3
                0x00000000000205c4                __udivsi3
                0x0000000000020628                __umodsi3
 .text          0x0000000000020684       0x28 /home/harry/intelFPGA_lite/22.1std/nios2eds/bin/gnu/H-x86_64-pc-linux-gnu/bin/../lib/gcc/nios2-elf/12.1.1/mno-hw-mul/libgcc.a(lib2-mul.o)
                0x0000000000020684                __mulsi3
 .text          0x00000000000206ac       0x40 ../controller_bsp//libhal_bsp.a(alt_getchar.o)
                0x00000000000206ac                alt_getchar
 .text          0x00000000000206ec       0x90 ../controller_bsp//libhal_bsp.a(alt_irq_register.o)
                0x00000000000206ec                alt_irq_register
 .text          0x000000000002077c        0x0 ../controller_bsp//libhal_bsp.a(alt_irq_vars.o)
 .text          0x000000000002077c       0x84 ../controller_bsp//libhal_bsp.a(alt_load.o)
                0x000000000002077c                alt_load
 .text          0x0000000000020800       0x2c ../controller_bsp//libhal_bsp.a(alt_main.o)
                0x0000000000020800                alt_main
 .text          0x000000000002082c      0x144 ../controller_bsp//libhal_bsp.a(alt_printf.o)
                0x000000000002082c                alt_printf
 .text          0x0000000000020970       0x48 ../controller_bsp//libhal_bsp.a(alt_putchar.o)
                0x0000000000020970                alt_putchar
 .text          0x00000000000209b8       0x30 ../controller_bsp//libhal_bsp.a(alt_sys_init.o)
                0x00000000000209b8                alt_irq_init
                0x00000000000209d8                alt_sys_init
 .text          0x00000000000209e8       0x5c ../controller_bsp//libhal_bsp.a(altera_avalon_jtag_uart_read.o)
                0x00000000000209e8                altera_avalon_jtag_uart_read
 .text          0x0000000000020a44       0x30 ../controller_bsp//libhal_bsp.a(altera_avalon_jtag_uart_write.o)
                0x0000000000020a44                altera_avalon_jtag_uart_write
 .text          0x0000000000020a74      0x160 ../controller_bsp//libhal_bsp.a(altera_up_avalon_accelerometer_spi.o)
                0x0000000000020a74                alt_up_accelerometer_spi_open_dev
                0x0000000000020a7c                alt_up_accelerometer_spi_read_address_register
                0x0000000000020a90                alt_up_accelerometer_spi_read
                0x0000000000020ab0                alt_up_accelerometer_spi_write
                0x0000000000020acc                alt_up_accelerometer_spi_read_x_axis
                0x0000000000020b24                alt_up_accelerometer_spi_read_y_axis
                0x0000000000020b7c                alt_up_accelerometer_spi_read_z_axis
 .text          0x0000000000020bd4        0x4 ../controller_bsp//libhal_bsp.a(alt_dcache_flush_all.o)
                0x0000000000020bd4                alt_dcache_flush_all
 .text          0x0000000000020bd8        0x8 ../controller_bsp//libhal_bsp.a(alt_dev.o)
 .text          0x0000000000020be0       0x68 ../controller_bsp//libhal_bsp.a(alt_dev_llist_insert.o)
                0x0000000000020be0                alt_dev_llist_insert
 .text          0x0000000000020c48        0x0 ../controller_bsp//libhal_bsp.a(alt_errno.o)
 .text          0x0000000000020c48       0x70 ../controller_bsp//libhal_bsp.a(alt_find_dev.o)
                0x0000000000020c48                alt_find_dev
 .text          0x0000000000020cb8        0x4 ../controller_bsp//libhal_bsp.a(alt_icache_flush_all.o)
                0x0000000000020cb8                alt_icache_flush_all
 .text          0x0000000000020cbc        0x0 ../controller_bsp//libhal_bsp.a(alt_irq_entry.o)
 .text          0x0000000000020cbc        0x0 ../controller_bsp//libhal_bsp.a(alt_irq_handler.o)
 .text          0x0000000000020cbc        0x8 ../controller_bsp//libhal_bsp.a(altera_nios2_gen2_irq.o)
                0x0000000000020cbc                altera_nios2_gen2_irq_init
 .text          0x0000000000020cc4        0x0 ../controller_bsp//libhal_bsp.a(alt_exception_entry.o)
 .text          0x0000000000020cc4       0x24 ../controller_bsp//libhal_bsp.a(alt_instruction_exception_entry.o)
                0x0000000000020cc4                alt_exception_cause_generated_bad_addr
 .text          0x0000000000020ce8        0x0 /home/harry/intelFPGA_lite/22.1std/nios2eds/bin/gnu/H-x86_64-pc-linux-gnu/bin/../lib/gcc/nios2-elf/12.1.1/../../../../../H-x86_64-pc-linux-gnu/nios2-elf/lib/mno-hw-mul/libsmallc.a(lib_a-int_errno.o)
 .text          0x0000000000020ce8        0x0 /home/harry/intelFPGA_lite/22.1std/nios2eds/bin/gnu/H-x86_64-pc-linux-gnu/bin/../lib/gcc/nios2-elf/12.1.1/../../../../../H-x86_64-pc-linux-gnu/nios2-elf/lib/mno-hw-mul/libsmallc.a(lib_a-memcmp.o)
 .text.memcmp   0x0000000000020ce8       0x30 /home/harry/intelFPGA_lite/22.1std/nios2eds/bin/gnu/H-x86_64-pc-linux-gnu/bin/../lib/gcc/nios2-elf/12.1.1/../../../../../H-x86_64-pc-linux-gnu/nios2-elf/lib/mno-hw-mul/libsmallc.a(lib_a-memcmp.o)
                0x0000000000020ce8                memcmp
 .text          0x0000000000020d18        0x0 /home/harry/intelFPGA_lite/22.1std/nios2eds/bin/gnu/H-x86_64-pc-linux-gnu/bin/../lib/gcc/nios2-elf/12.1.1/../../../../../H-x86_64-pc-linux-gnu/nios2-elf/lib/mno-hw-mul/libsmallc.a(lib_a-memcpy.o)
 .text.memcpy   0x0000000000020d18       0x28 /home/harry/intelFPGA_lite/22.1std/nios2eds/bin/gnu/H-x86_64-pc-linux-gnu/bin/../lib/gcc/nios2-elf/12.1.1/../../../../../H-x86_64-pc-linux-gnu/nios2-elf/lib/mno-hw-mul/libsmallc.a(lib_a-memcpy.o)
                0x0000000000020d18                memcpy
 .text          0x0000000000020d40        0x0 /home/harry/intelFPGA_lite/22.1std/nios2eds/bin/gnu/H-x86_64-pc-linux-gnu/bin/../lib/gcc/nios2-elf/12.1.1/../../../../../H-x86_64-pc-linux-gnu/nios2-elf/lib/mno-hw-mul/libsmallc.a(lib_a-strlen.o)
 .text.strlen   0x0000000000020d40       0x1c /home/harry/intelFPGA_lite/22.1std/nios2eds/bin/gnu/H-x86_64-pc-linux-gnu/bin/../lib/gcc/nios2-elf/12.1.1/../../../../../H-x86_64-pc-linux-gnu/nios2-elf/lib/mno-hw-mul/libsmallc.a(lib_a-strlen.o)
                0x0000000000020d40                strlen
 *(.gnu.warning.*)
 *(.fini)
                [!provide]                        PROVIDE (__etext = ABSOLUTE (.))
                [!provide]                        PROVIDE (_etext = ABSOLUTE (.))
                [!provide]                        PROVIDE (etext = ABSOLUTE (.))
 *(.eh_frame_hdr)
                0x0000000000020d5c                . = ALIGN (0x4)
                [!provide]                        PROVIDE (__preinit_array_start = ABSOLUTE (.))
 *(.preinit_array)
                [!provide]                        PROVIDE (__preinit_array_end = ABSOLUTE (.))
                [!provide]                        PROVIDE (__init_array_start = ABSOLUTE (.))
 *(.init_array)
                [!provide]                        PROVIDE (__init_array_end = ABSOLUTE (.))
                [!provide]                        PROVIDE (__fini_array_start = ABSOLUTE (.))
 *(.fini_array)
                [!provide]                        PROVIDE (__fini_array_end = ABSOLUTE (.))
 *(.eh_frame)
 *(.gcc_except_table .gcc_except_table.*)
 *(.dynamic)
                [!provide]                        PROVIDE (__CTOR_LIST__ = ABSOLUTE (.))
 *(.ctors)
 *(SORT_BY_NAME(.ctors.*))
                [!provide]                        PROVIDE (__CTOR_END__ = ABSOLUTE (.))
                [!provide]                        PROVIDE (__DTOR_LIST__ = ABSOLUTE (.))
 *(.dtors)
 *(SORT_BY_NAME(.dtors.*))
                [!provide]                        PROVIDE (__DTOR_END__ = ABSOLUTE (.))
 *(.jcr)
                0x0000000000020d5c                . = ALIGN (0x4)

.rodata         0x0000000000020d5c       0x98
                0x0000000000020d5c                PROVIDE (__ram_rodata_start = ABSOLUTE (.))
                0x0000000000020d5c                . = ALIGN (0x4)
 *(.rodata .rodata.* .gnu.linkonce.r.*)
 .rodata.str1.4
                0x0000000000020d5c       0x27 obj/default/controller_main.o
 *fill*         0x0000000000020d83        0x1 
 .rodata        0x0000000000020d84       0x64 obj/default/controller_main.o
                0x0000000000020d84                FILTER_TAPS
 .rodata.str1.4
                0x0000000000020de8       0x17 ../controller_bsp//libhal_bsp.a(alt_sys_init.o)
 .rodata.str1.4
                0x0000000000020de8        0xa ../controller_bsp//libhal_bsp.a(alt_dev.o)
 *(.rodata1)
                0x0000000000020e00                . = ALIGN (0x4)
 *fill*         0x0000000000020df2        0x2 
                0x0000000000020df4                PROVIDE (__ram_rodata_end = ABSOLUTE (.))
                0x0000000000020d5c                PROVIDE (__flash_rodata_start = LOADADDR (.rodata))

.rwdata         0x0000000000020df4       0xac load address 0x0000000000020ea0
                0x0000000000020df4                PROVIDE (__ram_rwdata_start = ABSOLUTE (.))
                0x0000000000020df4                . = ALIGN (0x4)
 *(.got.plt)
 *(.got)
 *(.data1)
 *(.data .data.* .gnu.linkonce.d.*)
 .data          0x0000000000020df4        0x0 ../controller_bsp//obj/HAL/src/crt0.o
 .data          0x0000000000020df4        0x0 obj/default/controller_main.o
 .data          0x0000000000020df4        0x0 /home/harry/intelFPGA_lite/22.1std/nios2eds/bin/gnu/H-x86_64-pc-linux-gnu/bin/../lib/gcc/nios2-elf/12.1.1/mno-hw-mul/libgcc.a(lib2-divmod.o)
 .data          0x0000000000020df4        0x0 /home/harry/intelFPGA_lite/22.1std/nios2eds/bin/gnu/H-x86_64-pc-linux-gnu/bin/../lib/gcc/nios2-elf/12.1.1/mno-hw-mul/libgcc.a(lib2-mul.o)
 .data          0x0000000000020df4        0x0 ../controller_bsp//libhal_bsp.a(alt_getchar.o)
 .data          0x0000000000020df4        0x0 ../controller_bsp//libhal_bsp.a(alt_irq_register.o)
 .data          0x0000000000020df4        0x0 ../controller_bsp//libhal_bsp.a(alt_irq_vars.o)
 .data          0x0000000000020df4        0x0 ../controller_bsp//libhal_bsp.a(alt_load.o)
 .data          0x0000000000020df4        0x0 ../controller_bsp//libhal_bsp.a(alt_main.o)
 .data          0x0000000000020df4        0x0 ../controller_bsp//libhal_bsp.a(alt_printf.o)
 .data          0x0000000000020df4        0x0 ../controller_bsp//libhal_bsp.a(alt_putchar.o)
 .data          0x0000000000020df4       0x2c ../controller_bsp//libhal_bsp.a(alt_sys_init.o)
 .data          0x0000000000020e20        0x0 ../controller_bsp//libhal_bsp.a(altera_avalon_jtag_uart_read.o)
 .data          0x0000000000020e20        0x0 ../controller_bsp//libhal_bsp.a(altera_avalon_jtag_uart_write.o)
 .data          0x0000000000020e20        0x0 ../controller_bsp//libhal_bsp.a(altera_up_avalon_accelerometer_spi.o)
 .data          0x0000000000020e20        0x0 ../controller_bsp//libhal_bsp.a(alt_dcache_flush_all.o)
 .data          0x0000000000020e20       0x58 ../controller_bsp//libhal_bsp.a(alt_dev.o)
                0x0000000000020e20                alt_fd_list
                0x0000000000020e50                alt_dev_null
 .data          0x0000000000020e78        0x0 ../controller_bsp//libhal_bsp.a(alt_dev_llist_insert.o)
 .data          0x0000000000020e78        0x0 ../controller_bsp//libhal_bsp.a(alt_errno.o)
 .data          0x0000000000020e78        0x0 ../controller_bsp//libhal_bsp.a(alt_find_dev.o)
 .data          0x0000000000020e78        0x0 ../controller_bsp//libhal_bsp.a(alt_icache_flush_all.o)
 .data          0x0000000000020e78        0x0 ../controller_bsp//libhal_bsp.a(alt_irq_entry.o)
 .data          0x0000000000020e78        0x0 ../controller_bsp//libhal_bsp.a(alt_irq_handler.o)
 .data          0x0000000000020e78        0x0 ../controller_bsp//libhal_bsp.a(altera_nios2_gen2_irq.o)
 .data          0x0000000000020e78        0x0 ../controller_bsp//libhal_bsp.a(alt_exception_entry.o)
 .data          0x0000000000020e78        0x0 ../controller_bsp//libhal_bsp.a(alt_instruction_exception_entry.o)
 .data          0x0000000000020e78        0x0 /home/harry/intelFPGA_lite/22.1std/nios2eds/bin/gnu/H-x86_64-pc-linux-gnu/bin/../lib/gcc/nios2-elf/12.1.1/../../../../../H-x86_64-pc-linux-gnu/nios2-elf/lib/mno-hw-mul/libsmallc.a(lib_a-int_errno.o)
 .data          0x0000000000020e78        0x0 /home/harry/intelFPGA_lite/22.1std/nios2eds/bin/gnu/H-x86_64-pc-linux-gnu/bin/../lib/gcc/nios2-elf/12.1.1/../../../../../H-x86_64-pc-linux-gnu/nios2-elf/lib/mno-hw-mul/libsmallc.a(lib_a-memcmp.o)
 .data          0x0000000000020e78        0x0 /home/harry/intelFPGA_lite/22.1std/nios2eds/bin/gnu/H-x86_64-pc-linux-gnu/bin/../lib/gcc/nios2-elf/12.1.1/../../../../../H-x86_64-pc-linux-gnu/nios2-elf/lib/mno-hw-mul/libsmallc.a(lib_a-memcpy.o)
 .data          0x0000000000020e78        0x0 /home/harry/intelFPGA_lite/22.1std/nios2eds/bin/gnu/H-x86_64-pc-linux-gnu/bin/../lib/gcc/nios2-elf/12.1.1/../../../../../H-x86_64-pc-linux-gnu/nios2-elf/lib/mno-hw-mul/libsmallc.a(lib_a-strlen.o)
                0x0000000000028e78                _gp = ABSOLUTE ((. + 0x8000))
                [!provide]                        PROVIDE (gp = _gp)
 *(.rwdata .rwdata.*)
 *(.sdata .sdata.* .gnu.linkonce.s.*)
 .sdata         0x0000000000020e78        0x8 obj/default/controller_main.o
                0x0000000000020e78                uartCntrlRegPtr
                0x0000000000020e7c                uartDataRegPtr
 .sdata         0x0000000000020e80        0x4 ../controller_bsp//libhal_bsp.a(alt_irq_vars.o)
                0x0000000000020e80                alt_priority_mask
 .sdata         0x0000000000020e84        0x4 ../controller_bsp//libhal_bsp.a(alt_sys_init.o)
                0x0000000000020e84                jtag_uart
 .sdata         0x0000000000020e88       0x14 ../controller_bsp//libhal_bsp.a(alt_dev.o)
                0x0000000000020e88                alt_max_fd
                0x0000000000020e8c                alt_dev_list
                0x0000000000020e94                alt_fs_list
 .sdata         0x0000000000020e9c        0x4 ../controller_bsp//libhal_bsp.a(alt_errno.o)
                0x0000000000020e9c                alt_errno
 *(.sdata2 .sdata2.* .gnu.linkonce.s2.*)
                0x0000000000020ea0                . = ALIGN (0x4)
                0x0000000000020ea0                _edata = ABSOLUTE (.)
                [!provide]                        PROVIDE (edata = ABSOLUTE (.))
                0x0000000000020ea0                PROVIDE (__ram_rwdata_end = ABSOLUTE (.))
                0x0000000000020ea0                PROVIDE (__flash_rwdata_start = LOADADDR (.rwdata))

.bss            0x0000000000020f4c      0x138
                0x0000000000020f4c                __bss_start = ABSOLUTE (.)
                [!provide]                        PROVIDE (__sbss_start = ABSOLUTE (.))
                [!provide]                        PROVIDE (___sbss_start = ABSOLUTE (.))
 *(.dynsbss)
 *(.sbss .sbss.* .gnu.linkonce.sb.*)
 .sbss          0x0000000000020f4c       0x20 obj/default/controller_main.o
                0x0000000000020f4c                FILTER_HEAD
                0x0000000000020f50                RECV_FLAG
                0x0000000000020f51                RECV_CHAR
                0x0000000000020f54                z_filter
                0x0000000000020f58                y_filter
                0x0000000000020f5c                x_filter
                0x0000000000020f60                z_read
                0x0000000000020f64                y_read
                0x0000000000020f68                x_read
 .sbss          0x0000000000020f6c        0x4 ../controller_bsp//libhal_bsp.a(alt_irq_vars.o)
                0x0000000000020f6c                alt_irq_active
 .sbss          0x0000000000020f70        0xc ../controller_bsp//libhal_bsp.a(alt_main.o)
                0x0000000000020f70                alt_envp
                0x0000000000020f74                alt_argv
                0x0000000000020f78                alt_argc
 .sbss          0x0000000000020f7c        0x4 ../controller_bsp//libhal_bsp.a(alt_instruction_exception_entry.o)
                0x0000000000020f7c                alt_instruction_exception_handler
 .sbss.errno    0x0000000000020f80        0x4 /home/harry/intelFPGA_lite/22.1std/nios2eds/bin/gnu/H-x86_64-pc-linux-gnu/bin/../lib/gcc/nios2-elf/12.1.1/../../../../../H-x86_64-pc-linux-gnu/nios2-elf/lib/mno-hw-mul/libsmallc.a(lib_a-int_errno.o)
                0x0000000000020f80                errno
 *(.sbss2 .sbss2.* .gnu.linkonce.sb2.*)
 *(.scommon)
                [!provide]                        PROVIDE (__sbss_end = ABSOLUTE (.))
                [!provide]                        PROVIDE (___sbss_end = ABSOLUTE (.))
 *(.dynbss)
 *(.bss .bss.* .gnu.linkonce.b.*)
 .bss           0x0000000000020f84        0x0 ../controller_bsp//obj/HAL/src/crt0.o
 .bss           0x0000000000020f84        0x0 obj/default/controller_main.o
 .bss           0x0000000000020f84        0x0 /home/harry/intelFPGA_lite/22.1std/nios2eds/bin/gnu/H-x86_64-pc-linux-gnu/bin/../lib/gcc/nios2-elf/12.1.1/mno-hw-mul/libgcc.a(lib2-divmod.o)
 .bss           0x0000000000020f84        0x0 /home/harry/intelFPGA_lite/22.1std/nios2eds/bin/gnu/H-x86_64-pc-linux-gnu/bin/../lib/gcc/nios2-elf/12.1.1/mno-hw-mul/libgcc.a(lib2-mul.o)
 .bss           0x0000000000020f84        0x0 ../controller_bsp//libhal_bsp.a(alt_getchar.o)
 .bss           0x0000000000020f84        0x0 ../controller_bsp//libhal_bsp.a(alt_irq_register.o)
 .bss           0x0000000000020f84        0x0 ../controller_bsp//libhal_bsp.a(alt_irq_vars.o)
 .bss           0x0000000000020f84        0x0 ../controller_bsp//libhal_bsp.a(alt_load.o)
 .bss           0x0000000000020f84        0x0 ../controller_bsp//libhal_bsp.a(alt_main.o)
 .bss           0x0000000000020f84        0x0 ../controller_bsp//libhal_bsp.a(alt_printf.o)
 .bss           0x0000000000020f84        0x0 ../controller_bsp//libhal_bsp.a(alt_putchar.o)
 .bss           0x0000000000020f84        0x0 ../controller_bsp//libhal_bsp.a(alt_sys_init.o)
 .bss           0x0000000000020f84        0x0 ../controller_bsp//libhal_bsp.a(altera_avalon_jtag_uart_read.o)
 .bss           0x0000000000020f84        0x0 ../controller_bsp//libhal_bsp.a(altera_avalon_jtag_uart_write.o)
 .bss           0x0000000000020f84        0x0 ../controller_bsp//libhal_bsp.a(altera_up_avalon_accelerometer_spi.o)
 .bss           0x0000000000020f84        0x0 ../controller_bsp//libhal_bsp.a(alt_dcache_flush_all.o)
 .bss           0x0000000000020f84        0x0 ../controller_bsp//libhal_bsp.a(alt_dev.o)
 .bss           0x0000000000020f84        0x0 ../controller_bsp//libhal_bsp.a(alt_dev_llist_insert.o)
 .bss           0x0000000000020f84        0x0 ../controller_bsp//libhal_bsp.a(alt_errno.o)
 .bss           0x0000000000020f84        0x0 ../controller_bsp//libhal_bsp.a(alt_find_dev.o)
 .bss           0x0000000000020f84        0x0 ../controller_bsp//libhal_bsp.a(alt_icache_flush_all.o)
 .bss           0x0000000000020f84        0x0 ../controller_bsp//libhal_bsp.a(alt_irq_entry.o)
 .bss           0x0000000000020f84      0x100 ../controller_bsp//libhal_bsp.a(alt_irq_handler.o)
                0x0000000000020f84                alt_irq
 .bss           0x0000000000021084        0x0 ../controller_bsp//libhal_bsp.a(altera_nios2_gen2_irq.o)
 .bss           0x0000000000021084        0x0 ../controller_bsp//libhal_bsp.a(alt_exception_entry.o)
 .bss           0x0000000000021084        0x0 ../controller_bsp//libhal_bsp.a(alt_instruction_exception_entry.o)
 .bss           0x0000000000021084        0x0 /home/harry/intelFPGA_lite/22.1std/nios2eds/bin/gnu/H-x86_64-pc-linux-gnu/bin/../lib/gcc/nios2-elf/12.1.1/../../../../../H-x86_64-pc-linux-gnu/nios2-elf/lib/mno-hw-mul/libsmallc.a(lib_a-int_errno.o)
 .bss           0x0000000000021084        0x0 /home/harry/intelFPGA_lite/22.1std/nios2eds/bin/gnu/H-x86_64-pc-linux-gnu/bin/../lib/gcc/nios2-elf/12.1.1/../../../../../H-x86_64-pc-linux-gnu/nios2-elf/lib/mno-hw-mul/libsmallc.a(lib_a-memcmp.o)
 .bss           0x0000000000021084        0x0 /home/harry/intelFPGA_lite/22.1std/nios2eds/bin/gnu/H-x86_64-pc-linux-gnu/bin/../lib/gcc/nios2-elf/12.1.1/../../../../../H-x86_64-pc-linux-gnu/nios2-elf/lib/mno-hw-mul/libsmallc.a(lib_a-memcpy.o)
 .bss           0x0000000000021084        0x0 /home/harry/intelFPGA_lite/22.1std/nios2eds/bin/gnu/H-x86_64-pc-linux-gnu/bin/../lib/gcc/nios2-elf/12.1.1/../../../../../H-x86_64-pc-linux-gnu/nios2-elf/lib/mno-hw-mul/libsmallc.a(lib_a-strlen.o)
 *(COMMON)
                0x0000000000021084                . = ALIGN (0x4)
                0x0000000000021084                __bss_end = ABSOLUTE (.)

.onchip_memory  0x0000000000021084        0x0
                [!provide]                        PROVIDE (_alt_partition_onchip_memory_start = ABSOLUTE (.))
 *(.onchip_memory .onchip_memory. onchip_memory.*)
                0x0000000000021084                . = ALIGN (0x4)
                [!provide]                        PROVIDE (_alt_partition_onchip_memory_end = ABSOLUTE (.))
                0x0000000000021084                _end = ABSOLUTE (.)
                0x0000000000021084                end = ABSOLUTE (.)
                0x0000000000021084                __alt_stack_base = ABSOLUTE (.)
                [!provide]                        PROVIDE (_alt_partition_onchip_memory_load_addr = LOADADDR (.onchip_memory))

.stab
 *(.stab)

.stabstr
 *(.stabstr)

.stab.excl
 *(.stab.excl)

.stab.exclstr
 *(.stab.exclstr)

.stab.index
 *(.stab.index)

.stab.indexstr
 *(.stab.indexstr)

.comment        0x0000000000000000       0x2d
 *(.comment)
 .comment       0x0000000000000000       0x2d obj/default/controller_main.o
                                         0x2e (size before relaxing)
 .comment       0x000000000000002d       0x2e /home/harry/intelFPGA_lite/22.1std/nios2eds/bin/gnu/H-x86_64-pc-linux-gnu/bin/../lib/gcc/nios2-elf/12.1.1/mno-hw-mul/libgcc.a(lib2-divmod.o)
 .comment       0x000000000000002d       0x2e /home/harry/intelFPGA_lite/22.1std/nios2eds/bin/gnu/H-x86_64-pc-linux-gnu/bin/../lib/gcc/nios2-elf/12.1.1/mno-hw-mul/libgcc.a(lib2-mul.o)
 .comment       0x000000000000002d       0x2e ../controller_bsp//libhal_bsp.a(alt_getchar.o)
 .comment       0x000000000000002d       0x2e ../controller_bsp//libhal_bsp.a(alt_irq_register.o)
 .comment       0x000000000000002d       0x2e ../controller_bsp//libhal_bsp.a(alt_irq_vars.o)
 .comment       0x000000000000002d       0x2e ../controller_bsp//libhal_bsp.a(alt_load.o)
 .comment       0x000000000000002d       0x2e ../controller_bsp//libhal_bsp.a(alt_main.o)
 .comment       0x000000000000002d       0x2e ../controller_bsp//libhal_bsp.a(alt_printf.o)
 .comment       0x000000000000002d       0x2e ../controller_bsp//libhal_bsp.a(alt_putchar.o)
 .comment       0x000000000000002d       0x2e ../controller_bsp//libhal_bsp.a(alt_sys_init.o)
 .comment       0x000000000000002d       0x2e ../controller_bsp//libhal_bsp.a(altera_avalon_jtag_uart_read.o)
 .comment       0x000000000000002d       0x2e ../controller_bsp//libhal_bsp.a(altera_avalon_jtag_uart_write.o)
 .comment       0x000000000000002d       0x2e ../controller_bsp//libhal_bsp.a(altera_up_avalon_accelerometer_spi.o)
 .comment       0x000000000000002d       0x2e ../controller_bsp//libhal_bsp.a(alt_dcache_flush_all.o)
 .comment       0x000000000000002d       0x2e ../controller_bsp//libhal_bsp.a(alt_dev.o)
 .comment       0x000000000000002d       0x2e ../controller_bsp//libhal_bsp.a(alt_dev_llist_insert.o)
 .comment       0x000000000000002d       0x2e ../controller_bsp//libhal_bsp.a(alt_errno.o)
 .comment       0x000000000000002d       0x2e ../controller_bsp//libhal_bsp.a(alt_find_dev.o)
 .comment       0x000000000000002d       0x2e ../controller_bsp//libhal_bsp.a(alt_icache_flush_all.o)
 .comment       0x000000000000002d       0x2e ../controller_bsp//libhal_bsp.a(alt_irq_handler.o)
 .comment       0x000000000000002d       0x2e ../controller_bsp//libhal_bsp.a(altera_nios2_gen2_irq.o)
 .comment       0x000000000000002d       0x2e ../controller_bsp//libhal_bsp.a(alt_instruction_exception_entry.o)
 .comment       0x000000000000002d       0x2e /home/harry/intelFPGA_lite/22.1std/nios2eds/bin/gnu/H-x86_64-pc-linux-gnu/bin/../lib/gcc/nios2-elf/12.1.1/../../../../../H-x86_64-pc-linux-gnu/nios2-elf/lib/mno-hw-mul/libsmallc.a(lib_a-int_errno.o)
 .comment       0x000000000000002d       0x2e /home/harry/intelFPGA_lite/22.1std/nios2eds/bin/gnu/H-x86_64-pc-linux-gnu/bin/../lib/gcc/nios2-elf/12.1.1/../../../../../H-x86_64-pc-linux-gnu/nios2-elf/lib/mno-hw-mul/libsmallc.a(lib_a-memcmp.o)
 .comment       0x000000000000002d       0x2e /home/harry/intelFPGA_lite/22.1std/nios2eds/bin/gnu/H-x86_64-pc-linux-gnu/bin/../lib/gcc/nios2-elf/12.1.1/../../../../../H-x86_64-pc-linux-gnu/nios2-elf/lib/mno-hw-mul/libsmallc.a(lib_a-memcpy.o)
 .comment       0x000000000000002d       0x2e /home/harry/intelFPGA_lite/22.1std/nios2eds/bin/gnu/H-x86_64-pc-linux-gnu/bin/../lib/gcc/nios2-elf/12.1.1/../../../../../H-x86_64-pc-linux-gnu/nios2-elf/lib/mno-hw-mul/libsmallc.a(lib_a-strlen.o)

.debug
 *(.debug)

.line
 *(.line)

.debug_srcinfo
 *(.debug_srcinfo)

.debug_sfnames
 *(.debug_sfnames)

.debug_aranges  0x0000000000000000      0x3e0
 *(.debug_aranges)
 .debug_aranges
                0x0000000000000000       0x28 ../controller_bsp//obj/HAL/src/crt0.o
 .debug_aranges
                0x0000000000000028       0x28 obj/default/controller_main.o
 .debug_aranges
                0x0000000000000050       0x20 /home/harry/intelFPGA_lite/22.1std/nios2eds/bin/gnu/H-x86_64-pc-linux-gnu/bin/../lib/gcc/nios2-elf/12.1.1/mno-hw-mul/libgcc.a(lib2-divmod.o)
 .debug_aranges
                0x0000000000000070       0x20 /home/harry/intelFPGA_lite/22.1std/nios2eds/bin/gnu/H-x86_64-pc-linux-gnu/bin/../lib/gcc/nios2-elf/12.1.1/mno-hw-mul/libgcc.a(lib2-mul.o)
 .debug_aranges
                0x0000000000000090       0x20 ../controller_bsp//libhal_bsp.a(alt_getchar.o)
 .debug_aranges
                0x00000000000000b0       0x20 ../controller_bsp//libhal_bsp.a(alt_irq_register.o)
 .debug_aranges
                0x00000000000000d0       0x18 ../controller_bsp//libhal_bsp.a(alt_irq_vars.o)
 .debug_aranges
                0x00000000000000e8       0x20 ../controller_bsp//libhal_bsp.a(alt_load.o)
 .debug_aranges
                0x0000000000000108       0x20 ../controller_bsp//libhal_bsp.a(alt_main.o)
 .debug_aranges
                0x0000000000000128       0x20 ../controller_bsp//libhal_bsp.a(alt_printf.o)
 .debug_aranges
                0x0000000000000148       0x20 ../controller_bsp//libhal_bsp.a(alt_putchar.o)
 .debug_aranges
                0x0000000000000168       0x20 ../controller_bsp//libhal_bsp.a(alt_sys_init.o)
 .debug_aranges
                0x0000000000000188       0x20 ../controller_bsp//libhal_bsp.a(altera_avalon_jtag_uart_read.o)
 .debug_aranges
                0x00000000000001a8       0x20 ../controller_bsp//libhal_bsp.a(altera_avalon_jtag_uart_write.o)
 .debug_aranges
                0x00000000000001c8       0x20 ../controller_bsp//libhal_bsp.a(altera_up_avalon_accelerometer_spi.o)
 .debug_aranges
                0x00000000000001e8       0x20 ../controller_bsp//libhal_bsp.a(alt_dcache_flush_all.o)
 .debug_aranges
                0x0000000000000208       0x20 ../controller_bsp//libhal_bsp.a(alt_dev.o)
 .debug_aranges
                0x0000000000000228       0x20 ../controller_bsp//libhal_bsp.a(alt_dev_llist_insert.o)
 .debug_aranges
                0x0000000000000248       0x18 ../controller_bsp//libhal_bsp.a(alt_errno.o)
 .debug_aranges
                0x0000000000000260       0x20 ../controller_bsp//libhal_bsp.a(alt_find_dev.o)
 .debug_aranges
                0x0000000000000280       0x20 ../controller_bsp//libhal_bsp.a(alt_icache_flush_all.o)
 .debug_aranges
                0x00000000000002a0       0x30 ../controller_bsp//libhal_bsp.a(alt_irq_entry.o)
 .debug_aranges
                0x00000000000002d0       0x20 ../controller_bsp//libhal_bsp.a(alt_irq_handler.o)
 .debug_aranges
                0x00000000000002f0       0x20 ../controller_bsp//libhal_bsp.a(altera_nios2_gen2_irq.o)
 .debug_aranges
                0x0000000000000310       0x30 ../controller_bsp//libhal_bsp.a(alt_exception_entry.o)
 .debug_aranges
                0x0000000000000340       0x28 ../controller_bsp//libhal_bsp.a(alt_instruction_exception_entry.o)
 .debug_aranges
                0x0000000000000368       0x18 /home/harry/intelFPGA_lite/22.1std/nios2eds/bin/gnu/H-x86_64-pc-linux-gnu/bin/../lib/gcc/nios2-elf/12.1.1/../../../../../H-x86_64-pc-linux-gnu/nios2-elf/lib/mno-hw-mul/libsmallc.a(lib_a-int_errno.o)
 .debug_aranges
                0x0000000000000380       0x20 /home/harry/intelFPGA_lite/22.1std/nios2eds/bin/gnu/H-x86_64-pc-linux-gnu/bin/../lib/gcc/nios2-elf/12.1.1/../../../../../H-x86_64-pc-linux-gnu/nios2-elf/lib/mno-hw-mul/libsmallc.a(lib_a-memcmp.o)
 .debug_aranges
                0x00000000000003a0       0x20 /home/harry/intelFPGA_lite/22.1std/nios2eds/bin/gnu/H-x86_64-pc-linux-gnu/bin/../lib/gcc/nios2-elf/12.1.1/../../../../../H-x86_64-pc-linux-gnu/nios2-elf/lib/mno-hw-mul/libsmallc.a(lib_a-memcpy.o)
 .debug_aranges
                0x00000000000003c0       0x20 /home/harry/intelFPGA_lite/22.1std/nios2eds/bin/gnu/H-x86_64-pc-linux-gnu/bin/../lib/gcc/nios2-elf/12.1.1/../../../../../H-x86_64-pc-linux-gnu/nios2-elf/lib/mno-hw-mul/libsmallc.a(lib_a-strlen.o)

.debug_pubnames
 *(.debug_pubnames)

.debug_info     0x0000000000000000     0x3897
 *(.debug_info .gnu.linkonce.wi.*)
 .debug_info    0x0000000000000000       0x22 ../controller_bsp//obj/HAL/src/crt0.o
 .debug_info    0x0000000000000022      0x7cf obj/default/controller_main.o
 .debug_info    0x00000000000007f1      0x347 /home/harry/intelFPGA_lite/22.1std/nios2eds/bin/gnu/H-x86_64-pc-linux-gnu/bin/../lib/gcc/nios2-elf/12.1.1/mno-hw-mul/libgcc.a(lib2-divmod.o)
 .debug_info    0x0000000000000b38       0xc4 /home/harry/intelFPGA_lite/22.1std/nios2eds/bin/gnu/H-x86_64-pc-linux-gnu/bin/../lib/gcc/nios2-elf/12.1.1/mno-hw-mul/libgcc.a(lib2-mul.o)
 .debug_info    0x0000000000000bfc      0x32c ../controller_bsp//libhal_bsp.a(alt_getchar.o)
 .debug_info    0x0000000000000f28      0x326 ../controller_bsp//libhal_bsp.a(alt_irq_register.o)
 .debug_info    0x000000000000124e       0x88 ../controller_bsp//libhal_bsp.a(alt_irq_vars.o)
 .debug_info    0x00000000000012d6      0x239 ../controller_bsp//libhal_bsp.a(alt_load.o)
 .debug_info    0x000000000000150f      0x13e ../controller_bsp//libhal_bsp.a(alt_main.o)
 .debug_info    0x000000000000164d      0x17e ../controller_bsp//libhal_bsp.a(alt_printf.o)
 .debug_info    0x00000000000017cb      0x130 ../controller_bsp//libhal_bsp.a(alt_putchar.o)
 .debug_info    0x00000000000018fb      0x428 ../controller_bsp//libhal_bsp.a(alt_sys_init.o)
 .debug_info    0x0000000000001d23      0x168 ../controller_bsp//libhal_bsp.a(altera_avalon_jtag_uart_read.o)
 .debug_info    0x0000000000001e8b      0x149 ../controller_bsp//libhal_bsp.a(altera_avalon_jtag_uart_write.o)
 .debug_info    0x0000000000001fd4      0x490 ../controller_bsp//libhal_bsp.a(altera_up_avalon_accelerometer_spi.o)
 .debug_info    0x0000000000002464       0x8d ../controller_bsp//libhal_bsp.a(alt_dcache_flush_all.o)
 .debug_info    0x00000000000024f1      0x564 ../controller_bsp//libhal_bsp.a(alt_dev.o)
 .debug_info    0x0000000000002a55      0x1c9 ../controller_bsp//libhal_bsp.a(alt_dev_llist_insert.o)
 .debug_info    0x0000000000002c1e       0xa8 ../controller_bsp//libhal_bsp.a(alt_errno.o)
 .debug_info    0x0000000000002cc6      0x361 ../controller_bsp//libhal_bsp.a(alt_find_dev.o)
 .debug_info    0x0000000000003027       0x8d ../controller_bsp//libhal_bsp.a(alt_icache_flush_all.o)
 .debug_info    0x00000000000030b4       0x22 ../controller_bsp//libhal_bsp.a(alt_irq_entry.o)
 .debug_info    0x00000000000030d6      0x19a ../controller_bsp//libhal_bsp.a(alt_irq_handler.o)
 .debug_info    0x0000000000003270       0x8d ../controller_bsp//libhal_bsp.a(altera_nios2_gen2_irq.o)
 .debug_info    0x00000000000032fd       0x22 ../controller_bsp//libhal_bsp.a(alt_exception_entry.o)
 .debug_info    0x000000000000331f      0x208 ../controller_bsp//libhal_bsp.a(alt_instruction_exception_entry.o)
 .debug_info    0x0000000000003527       0x85 /home/harry/intelFPGA_lite/22.1std/nios2eds/bin/gnu/H-x86_64-pc-linux-gnu/bin/../lib/gcc/nios2-elf/12.1.1/../../../../../H-x86_64-pc-linux-gnu/nios2-elf/lib/mno-hw-mul/libsmallc.a(lib_a-int_errno.o)
 .debug_info    0x00000000000035ac       0xf9 /home/harry/intelFPGA_lite/22.1std/nios2eds/bin/gnu/H-x86_64-pc-linux-gnu/bin/../lib/gcc/nios2-elf/12.1.1/../../../../../H-x86_64-pc-linux-gnu/nios2-elf/lib/mno-hw-mul/libsmallc.a(lib_a-memcmp.o)
 .debug_info    0x00000000000036a5      0x121 /home/harry/intelFPGA_lite/22.1std/nios2eds/bin/gnu/H-x86_64-pc-linux-gnu/bin/../lib/gcc/nios2-elf/12.1.1/../../../../../H-x86_64-pc-linux-gnu/nios2-elf/lib/mno-hw-mul/libsmallc.a(lib_a-memcpy.o)
 .debug_info    0x00000000000037c6       0xd1 /home/harry/intelFPGA_lite/22.1std/nios2eds/bin/gnu/H-x86_64-pc-linux-gnu/bin/../lib/gcc/nios2-elf/12.1.1/../../../../../H-x86_64-pc-linux-gnu/nios2-elf/lib/mno-hw-mul/libsmallc.a(lib_a-strlen.o)

.debug_abbrev   0x0000000000000000     0x19bb
 *(.debug_abbrev)
 .debug_abbrev  0x0000000000000000       0x12 ../controller_bsp//obj/HAL/src/crt0.o
 .debug_abbrev  0x0000000000000012      0x267 obj/default/controller_main.o
 .debug_abbrev  0x0000000000000279      0x10c /home/harry/intelFPGA_lite/22.1std/nios2eds/bin/gnu/H-x86_64-pc-linux-gnu/bin/../lib/gcc/nios2-elf/12.1.1/mno-hw-mul/libgcc.a(lib2-divmod.o)
 .debug_abbrev  0x0000000000000385       0x80 /home/harry/intelFPGA_lite/22.1std/nios2eds/bin/gnu/H-x86_64-pc-linux-gnu/bin/../lib/gcc/nios2-elf/12.1.1/mno-hw-mul/libgcc.a(lib2-mul.o)
 .debug_abbrev  0x0000000000000405      0x118 ../controller_bsp//libhal_bsp.a(alt_getchar.o)
 .debug_abbrev  0x000000000000051d      0x202 ../controller_bsp//libhal_bsp.a(alt_irq_register.o)
 .debug_abbrev  0x000000000000071f       0x46 ../controller_bsp//libhal_bsp.a(alt_irq_vars.o)
 .debug_abbrev  0x0000000000000765      0x12c ../controller_bsp//libhal_bsp.a(alt_load.o)
 .debug_abbrev  0x0000000000000891       0xeb ../controller_bsp//libhal_bsp.a(alt_main.o)
 .debug_abbrev  0x000000000000097c      0x10d ../controller_bsp//libhal_bsp.a(alt_printf.o)
 .debug_abbrev  0x0000000000000a89       0xca ../controller_bsp//libhal_bsp.a(alt_putchar.o)
 .debug_abbrev  0x0000000000000b53      0x1dc ../controller_bsp//libhal_bsp.a(alt_sys_init.o)
 .debug_abbrev  0x0000000000000d2f       0xef ../controller_bsp//libhal_bsp.a(altera_avalon_jtag_uart_read.o)
 .debug_abbrev  0x0000000000000e1e       0xdc ../controller_bsp//libhal_bsp.a(altera_avalon_jtag_uart_write.o)
 .debug_abbrev  0x0000000000000efa      0x14f ../controller_bsp//libhal_bsp.a(altera_up_avalon_accelerometer_spi.o)
 .debug_abbrev  0x0000000000001049       0x43 ../controller_bsp//libhal_bsp.a(alt_dcache_flush_all.o)
 .debug_abbrev  0x000000000000108c      0x11b ../controller_bsp//libhal_bsp.a(alt_dev.o)
 .debug_abbrev  0x00000000000011a7      0x147 ../controller_bsp//libhal_bsp.a(alt_dev_llist_insert.o)
 .debug_abbrev  0x00000000000012ee       0x70 ../controller_bsp//libhal_bsp.a(alt_errno.o)
 .debug_abbrev  0x000000000000135e      0x132 ../controller_bsp//libhal_bsp.a(alt_find_dev.o)
 .debug_abbrev  0x0000000000001490       0x43 ../controller_bsp//libhal_bsp.a(alt_icache_flush_all.o)
 .debug_abbrev  0x00000000000014d3       0x12 ../controller_bsp//libhal_bsp.a(alt_irq_entry.o)
 .debug_abbrev  0x00000000000014e5      0x147 ../controller_bsp//libhal_bsp.a(alt_irq_handler.o)
 .debug_abbrev  0x000000000000162c       0x43 ../controller_bsp//libhal_bsp.a(altera_nios2_gen2_irq.o)
 .debug_abbrev  0x000000000000166f       0x12 ../controller_bsp//libhal_bsp.a(alt_exception_entry.o)
 .debug_abbrev  0x0000000000001681      0x113 ../controller_bsp//libhal_bsp.a(alt_instruction_exception_entry.o)
 .debug_abbrev  0x0000000000001794       0x39 /home/harry/intelFPGA_lite/22.1std/nios2eds/bin/gnu/H-x86_64-pc-linux-gnu/bin/../lib/gcc/nios2-elf/12.1.1/../../../../../H-x86_64-pc-linux-gnu/nios2-elf/lib/mno-hw-mul/libsmallc.a(lib_a-int_errno.o)
 .debug_abbrev  0x00000000000017cd       0xa1 /home/harry/intelFPGA_lite/22.1std/nios2eds/bin/gnu/H-x86_64-pc-linux-gnu/bin/../lib/gcc/nios2-elf/12.1.1/../../../../../H-x86_64-pc-linux-gnu/nios2-elf/lib/mno-hw-mul/libsmallc.a(lib_a-memcmp.o)
 .debug_abbrev  0x000000000000186e       0xc1 /home/harry/intelFPGA_lite/22.1std/nios2eds/bin/gnu/H-x86_64-pc-linux-gnu/bin/../lib/gcc/nios2-elf/12.1.1/../../../../../H-x86_64-pc-linux-gnu/nios2-elf/lib/mno-hw-mul/libsmallc.a(lib_a-memcpy.o)
 .debug_abbrev  0x000000000000192f       0x8c /home/harry/intelFPGA_lite/22.1std/nios2eds/bin/gnu/H-x86_64-pc-linux-gnu/bin/../lib/gcc/nios2-elf/12.1.1/../../../../../H-x86_64-pc-linux-gnu/nios2-elf/lib/mno-hw-mul/libsmallc.a(lib_a-strlen.o)

.debug_line     0x0000000000000000     0x17d3
 *(.debug_line)
 .debug_line    0x0000000000000000       0x66 ../controller_bsp//obj/HAL/src/crt0.o
 .debug_line    0x0000000000000066      0x284 obj/default/controller_main.o
 .debug_line    0x00000000000002ea      0x2e3 /home/harry/intelFPGA_lite/22.1std/nios2eds/bin/gnu/H-x86_64-pc-linux-gnu/bin/../lib/gcc/nios2-elf/12.1.1/mno-hw-mul/libgcc.a(lib2-divmod.o)
 .debug_line    0x00000000000005cd       0x88 /home/harry/intelFPGA_lite/22.1std/nios2eds/bin/gnu/H-x86_64-pc-linux-gnu/bin/../lib/gcc/nios2-elf/12.1.1/mno-hw-mul/libgcc.a(lib2-mul.o)
 .debug_line    0x0000000000000655       0xa1 ../controller_bsp//libhal_bsp.a(alt_getchar.o)
 .debug_line    0x00000000000006f6      0x166 ../controller_bsp//libhal_bsp.a(alt_irq_register.o)
 .debug_line    0x000000000000085c       0x43 ../controller_bsp//libhal_bsp.a(alt_irq_vars.o)
 .debug_line    0x000000000000089f       0xd2 ../controller_bsp//libhal_bsp.a(alt_load.o)
 .debug_line    0x0000000000000971       0xa2 ../controller_bsp//libhal_bsp.a(alt_main.o)
 .debug_line    0x0000000000000a13      0x177 ../controller_bsp//libhal_bsp.a(alt_printf.o)
 .debug_line    0x0000000000000b8a       0x82 ../controller_bsp//libhal_bsp.a(alt_putchar.o)
 .debug_line    0x0000000000000c0c       0xcc ../controller_bsp//libhal_bsp.a(alt_sys_init.o)
 .debug_line    0x0000000000000cd8       0xd7 ../controller_bsp//libhal_bsp.a(altera_avalon_jtag_uart_read.o)
 .debug_line    0x0000000000000daf       0x93 ../controller_bsp//libhal_bsp.a(altera_avalon_jtag_uart_write.o)
 .debug_line    0x0000000000000e42      0x188 ../controller_bsp//libhal_bsp.a(altera_up_avalon_accelerometer_spi.o)
 .debug_line    0x0000000000000fca       0x4e ../controller_bsp//libhal_bsp.a(alt_dcache_flush_all.o)
 .debug_line    0x0000000000001018       0x9a ../controller_bsp//libhal_bsp.a(alt_dev.o)
 .debug_line    0x00000000000010b2       0xfd ../controller_bsp//libhal_bsp.a(alt_dev_llist_insert.o)
 .debug_line    0x00000000000011af       0x4c ../controller_bsp//libhal_bsp.a(alt_errno.o)
 .debug_line    0x00000000000011fb       0xb7 ../controller_bsp//libhal_bsp.a(alt_find_dev.o)
 .debug_line    0x00000000000012b2       0x4c ../controller_bsp//libhal_bsp.a(alt_icache_flush_all.o)
 .debug_line    0x00000000000012fe       0x6b ../controller_bsp//libhal_bsp.a(alt_irq_entry.o)
 .debug_line    0x0000000000001369       0xf8 ../controller_bsp//libhal_bsp.a(alt_irq_handler.o)
 .debug_line    0x0000000000001461       0x54 ../controller_bsp//libhal_bsp.a(altera_nios2_gen2_irq.o)
 .debug_line    0x00000000000014b5       0x9d ../controller_bsp//libhal_bsp.a(alt_exception_entry.o)
 .debug_line    0x0000000000001552       0xb0 ../controller_bsp//libhal_bsp.a(alt_instruction_exception_entry.o)
 .debug_line    0x0000000000001602       0x3a /home/harry/intelFPGA_lite/22.1std/nios2eds/bin/gnu/H-x86_64-pc-linux-gnu/bin/../lib/gcc/nios2-elf/12.1.1/../../../../../H-x86_64-pc-linux-gnu/nios2-elf/lib/mno-hw-mul/libsmallc.a(lib_a-int_errno.o)
 .debug_line    0x000000000000163c       0x8f /home/harry/intelFPGA_lite/22.1std/nios2eds/bin/gnu/H-x86_64-pc-linux-gnu/bin/../lib/gcc/nios2-elf/12.1.1/../../../../../H-x86_64-pc-linux-gnu/nios2-elf/lib/mno-hw-mul/libsmallc.a(lib_a-memcmp.o)
 .debug_line    0x00000000000016cb       0x8c /home/harry/intelFPGA_lite/22.1std/nios2eds/bin/gnu/H-x86_64-pc-linux-gnu/bin/../lib/gcc/nios2-elf/12.1.1/../../../../../H-x86_64-pc-linux-gnu/nios2-elf/lib/mno-hw-mul/libsmallc.a(lib_a-memcpy.o)
 .debug_line    0x0000000000001757       0x7c /home/harry/intelFPGA_lite/22.1std/nios2eds/bin/gnu/H-x86_64-pc-linux-gnu/bin/../lib/gcc/nios2-elf/12.1.1/../../../../../H-x86_64-pc-linux-gnu/nios2-elf/lib/mno-hw-mul/libsmallc.a(lib_a-strlen.o)

.debug_frame    0x0000000000000000      0x4fc
 *(.debug_frame)
 .debug_frame   0x0000000000000000       0xc4 obj/default/controller_main.o
 .debug_frame   0x00000000000000c4       0x50 /home/harry/intelFPGA_lite/22.1std/nios2eds/bin/gnu/H-x86_64-pc-linux-gnu/bin/../lib/gcc/nios2-elf/12.1.1/mno-hw-mul/libgcc.a(lib2-divmod.o)
 .debug_frame   0x0000000000000114       0x20 /home/harry/intelFPGA_lite/22.1std/nios2eds/bin/gnu/H-x86_64-pc-linux-gnu/bin/../lib/gcc/nios2-elf/12.1.1/mno-hw-mul/libgcc.a(lib2-mul.o)
 .debug_frame   0x0000000000000134       0x30 ../controller_bsp//libhal_bsp.a(alt_getchar.o)
 .debug_frame   0x0000000000000164       0x20 ../controller_bsp//libhal_bsp.a(alt_irq_register.o)
 .debug_frame   0x0000000000000184       0x2c ../controller_bsp//libhal_bsp.a(alt_load.o)
 .debug_frame   0x00000000000001b0       0x2c ../controller_bsp//libhal_bsp.a(alt_main.o)
 .debug_frame   0x00000000000001dc       0x44 ../controller_bsp//libhal_bsp.a(alt_printf.o)
 .debug_frame   0x0000000000000220       0x30 ../controller_bsp//libhal_bsp.a(alt_putchar.o)
 .debug_frame   0x0000000000000250       0x3c ../controller_bsp//libhal_bsp.a(alt_sys_init.o)
 .debug_frame   0x000000000000028c       0x20 ../controller_bsp//libhal_bsp.a(altera_avalon_jtag_uart_read.o)
 .debug_frame   0x00000000000002ac       0x20 ../controller_bsp//libhal_bsp.a(altera_avalon_jtag_uart_write.o)
 .debug_frame   0x00000000000002cc       0x80 ../controller_bsp//libhal_bsp.a(altera_up_avalon_accelerometer_spi.o)
 .debug_frame   0x000000000000034c       0x20 ../controller_bsp//libhal_bsp.a(alt_dcache_flush_all.o)
 .debug_frame   0x000000000000036c       0x20 ../controller_bsp//libhal_bsp.a(alt_dev.o)
 .debug_frame   0x000000000000038c       0x2c ../controller_bsp//libhal_bsp.a(alt_dev_llist_insert.o)
 .debug_frame   0x00000000000003b8       0x40 ../controller_bsp//libhal_bsp.a(alt_find_dev.o)
 .debug_frame   0x00000000000003f8       0x20 ../controller_bsp//libhal_bsp.a(alt_icache_flush_all.o)
 .debug_frame   0x0000000000000418       0x34 ../controller_bsp//libhal_bsp.a(alt_irq_handler.o)
 .debug_frame   0x000000000000044c       0x20 ../controller_bsp//libhal_bsp.a(altera_nios2_gen2_irq.o)
 .debug_frame   0x000000000000046c       0x30 ../controller_bsp//libhal_bsp.a(alt_instruction_exception_entry.o)
 .debug_frame   0x000000000000049c       0x20 /home/harry/intelFPGA_lite/22.1std/nios2eds/bin/gnu/H-x86_64-pc-linux-gnu/bin/../lib/gcc/nios2-elf/12.1.1/../../../../../H-x86_64-pc-linux-gnu/nios2-elf/lib/mno-hw-mul/libsmallc.a(lib_a-memcmp.o)
 .debug_frame   0x00000000000004bc       0x20 /home/harry/intelFPGA_lite/22.1std/nios2eds/bin/gnu/H-x86_64-pc-linux-gnu/bin/../lib/gcc/nios2-elf/12.1.1/../../../../../H-x86_64-pc-linux-gnu/nios2-elf/lib/mno-hw-mul/libsmallc.a(lib_a-memcpy.o)
 .debug_frame   0x00000000000004dc       0x20 /home/harry/intelFPGA_lite/22.1std/nios2eds/bin/gnu/H-x86_64-pc-linux-gnu/bin/../lib/gcc/nios2-elf/12.1.1/../../../../../H-x86_64-pc-linux-gnu/nios2-elf/lib/mno-hw-mul/libsmallc.a(lib_a-strlen.o)

.debug_str      0x0000000000000000      0xecd
 *(.debug_str)
 .debug_str     0x0000000000000000       0x6d ../controller_bsp//obj/HAL/src/crt0.o
 .debug_str     0x000000000000006d      0x314 obj/default/controller_main.o
                                        0x36f (size before relaxing)
 .debug_str     0x0000000000000381       0xcd /home/harry/intelFPGA_lite/22.1std/nios2eds/bin/gnu/H-x86_64-pc-linux-gnu/bin/../lib/gcc/nios2-elf/12.1.1/mno-hw-mul/libgcc.a(lib2-divmod.o)
                                        0x122 (size before relaxing)
 .debug_str     0x000000000000044e       0xe6 /home/harry/intelFPGA_lite/22.1std/nios2eds/bin/gnu/H-x86_64-pc-linux-gnu/bin/../lib/gcc/nios2-elf/12.1.1/mno-hw-mul/libgcc.a(lib2-mul.o)
 .debug_str     0x000000000000044e       0x53 ../controller_bsp//libhal_bsp.a(alt_getchar.o)
                                        0x1da (size before relaxing)
 .debug_str     0x00000000000004a1       0x84 ../controller_bsp//libhal_bsp.a(alt_irq_register.o)
                                        0x1a2 (size before relaxing)
 .debug_str     0x0000000000000525       0x12 ../controller_bsp//libhal_bsp.a(alt_irq_vars.o)
                                         0xf3 (size before relaxing)
 .debug_str     0x0000000000000537      0x111 ../controller_bsp//libhal_bsp.a(alt_load.o)
                                        0x208 (size before relaxing)
 .debug_str     0x0000000000000648       0x4b ../controller_bsp//libhal_bsp.a(alt_main.o)
                                        0x138 (size before relaxing)
 .debug_str     0x0000000000000693       0x44 ../controller_bsp//libhal_bsp.a(alt_printf.o)
                                         0xc1 (size before relaxing)
 .debug_str     0x00000000000006d7       0x1e ../controller_bsp//libhal_bsp.a(alt_putchar.o)
                                        0x13c (size before relaxing)
 .debug_str     0x00000000000006f5       0xa5 ../controller_bsp//libhal_bsp.a(alt_sys_init.o)
                                        0x286 (size before relaxing)
 .debug_str     0x000000000000079a        0xb ../controller_bsp//libhal_bsp.a(altera_avalon_jtag_uart_read.o)
                                        0x167 (size before relaxing)
 .debug_str     0x00000000000007a5        0x6 ../controller_bsp//libhal_bsp.a(altera_avalon_jtag_uart_write.o)
                                        0x15c (size before relaxing)
 .debug_str     0x00000000000007ab       0x83 ../controller_bsp//libhal_bsp.a(altera_up_avalon_accelerometer_spi.o)
                                        0x2e4 (size before relaxing)
 .debug_str     0x000000000000082e       0xfd ../controller_bsp//libhal_bsp.a(alt_dcache_flush_all.o)
 .debug_str     0x000000000000082e      0x137 ../controller_bsp//libhal_bsp.a(alt_dev.o)
                                        0x319 (size before relaxing)
 .debug_str     0x0000000000000965       0x29 ../controller_bsp//libhal_bsp.a(alt_dev_llist_insert.o)
                                        0x174 (size before relaxing)
 .debug_str     0x000000000000098e        0x8 ../controller_bsp//libhal_bsp.a(alt_errno.o)
                                         0xfa (size before relaxing)
 .debug_str     0x0000000000000996        0xe ../controller_bsp//libhal_bsp.a(alt_find_dev.o)
                                        0x1a4 (size before relaxing)
 .debug_str     0x00000000000009a4       0xfd ../controller_bsp//libhal_bsp.a(alt_icache_flush_all.o)
 .debug_str     0x00000000000009a4       0x18 ../controller_bsp//libhal_bsp.a(alt_irq_entry.o)
                                         0x76 (size before relaxing)
 .debug_str     0x00000000000009bc       0x20 ../controller_bsp//libhal_bsp.a(alt_irq_handler.o)
                                        0x144 (size before relaxing)
 .debug_str     0x00000000000009dc      0x103 ../controller_bsp//libhal_bsp.a(altera_nios2_gen2_irq.o)
 .debug_str     0x00000000000009dc       0x1e ../controller_bsp//libhal_bsp.a(alt_exception_entry.o)
                                         0x7c (size before relaxing)
 .debug_str     0x00000000000009fa      0x461 ../controller_bsp//libhal_bsp.a(alt_instruction_exception_entry.o)
                                        0x546 (size before relaxing)
 .debug_str     0x0000000000000e5b       0x5e /home/harry/intelFPGA_lite/22.1std/nios2eds/bin/gnu/H-x86_64-pc-linux-gnu/bin/../lib/gcc/nios2-elf/12.1.1/../../../../../H-x86_64-pc-linux-gnu/nios2-elf/lib/mno-hw-mul/libsmallc.a(lib_a-int_errno.o)
                                         0xf9 (size before relaxing)
 .debug_str     0x0000000000000eb9      0x101 /home/harry/intelFPGA_lite/22.1std/nios2eds/bin/gnu/H-x86_64-pc-linux-gnu/bin/../lib/gcc/nios2-elf/12.1.1/../../../../../H-x86_64-pc-linux-gnu/nios2-elf/lib/mno-hw-mul/libsmallc.a(lib_a-memcmp.o)
 .debug_str     0x0000000000000eb9       0x14 /home/harry/intelFPGA_lite/22.1std/nios2eds/bin/gnu/H-x86_64-pc-linux-gnu/bin/../lib/gcc/nios2-elf/12.1.1/../../../../../H-x86_64-pc-linux-gnu/nios2-elf/lib/mno-hw-mul/libsmallc.a(lib_a-memcpy.o)
                                        0x115 (size before relaxing)
 .debug_str     0x0000000000000ecd       0x14 /home/harry/intelFPGA_lite/22.1std/nios2eds/bin/gnu/H-x86_64-pc-linux-gnu/bin/../lib/gcc/nios2-elf/12.1.1/../../../../../H-x86_64-pc-linux-gnu/nios2-elf/lib/mno-hw-mul/libsmallc.a(lib_a-strlen.o)
                                        0x107 (size before relaxing)

.debug_loc
 *(.debug_loc)

.debug_macinfo
 *(.debug_macinfo)

.debug_weaknames
 *(.debug_weaknames)

.debug_funcnames
 *(.debug_funcnames)

.debug_typenames
 *(.debug_typenames)

.debug_varnames
 *(.debug_varnames)

.debug_alt_sim_info
                0x0000000000000000       0x10
 *(.debug_alt_sim_info)
 .debug_alt_sim_info
                0x0000000000000000       0x10 ../controller_bsp//obj/HAL/src/crt0.o
                0x0000000000040000                __alt_data_end = 0x40000
                0x0000000000040000                PROVIDE (__alt_stack_pointer = __alt_data_end)
                [!provide]                        PROVIDE (__alt_stack_limit = __alt_stack_base)
                [!provide]                        PROVIDE (__alt_heap_start = end)
                [!provide]                        PROVIDE (__alt_heap_limit = 0x40000)
OUTPUT(controller.elf elf32-littlenios2)
LOAD linker stubs

.debug_ranges   0x0000000000000000       0x70
 .debug_ranges  0x0000000000000000       0x20 ../controller_bsp//obj/HAL/src/crt0.o
 .debug_ranges  0x0000000000000020       0x28 ../controller_bsp//libhal_bsp.a(alt_irq_entry.o)
 .debug_ranges  0x0000000000000048       0x28 ../controller_bsp//libhal_bsp.a(alt_exception_entry.o)

.debug_loclists
                0x0000000000000000      0xbc1
 .debug_loclists
                0x0000000000000000      0x156 obj/default/controller_main.o
 .debug_loclists
                0x0000000000000156      0x37a /home/harry/intelFPGA_lite/22.1std/nios2eds/bin/gnu/H-x86_64-pc-linux-gnu/bin/../lib/gcc/nios2-elf/12.1.1/mno-hw-mul/libgcc.a(lib2-divmod.o)
 .debug_loclists
                0x00000000000004d0       0x5b /home/harry/intelFPGA_lite/22.1std/nios2eds/bin/gnu/H-x86_64-pc-linux-gnu/bin/../lib/gcc/nios2-elf/12.1.1/mno-hw-mul/libgcc.a(lib2-mul.o)
 .debug_loclists
                0x000000000000052b       0x9d ../controller_bsp//libhal_bsp.a(alt_irq_register.o)
 .debug_loclists
                0x00000000000005c8      0x180 ../controller_bsp//libhal_bsp.a(alt_printf.o)
 .debug_loclists
                0x0000000000000748       0x25 ../controller_bsp//libhal_bsp.a(alt_putchar.o)
 .debug_loclists
                0x000000000000076d       0x1e ../controller_bsp//libhal_bsp.a(alt_sys_init.o)
 .debug_loclists
                0x000000000000078b       0x9f ../controller_bsp//libhal_bsp.a(altera_avalon_jtag_uart_read.o)
 .debug_loclists
                0x000000000000082a       0x5e ../controller_bsp//libhal_bsp.a(altera_avalon_jtag_uart_write.o)
 .debug_loclists
                0x0000000000000888       0x42 ../controller_bsp//libhal_bsp.a(altera_up_avalon_accelerometer_spi.o)
 .debug_loclists
                0x00000000000008ca       0x4e ../controller_bsp//libhal_bsp.a(alt_dev_llist_insert.o)
 .debug_loclists
                0x0000000000000918       0x6a ../controller_bsp//libhal_bsp.a(alt_find_dev.o)
 .debug_loclists
                0x0000000000000982       0x6e ../controller_bsp//libhal_bsp.a(alt_irq_handler.o)
 .debug_loclists
                0x00000000000009f0       0x47 ../controller_bsp//libhal_bsp.a(alt_instruction_exception_entry.o)
 .debug_loclists
                0x0000000000000a37       0x8c /home/harry/intelFPGA_lite/22.1std/nios2eds/bin/gnu/H-x86_64-pc-linux-gnu/bin/../lib/gcc/nios2-elf/12.1.1/../../../../../H-x86_64-pc-linux-gnu/nios2-elf/lib/mno-hw-mul/libsmallc.a(lib_a-memcmp.o)
 .debug_loclists
                0x0000000000000ac3       0xcc /home/harry/intelFPGA_lite/22.1std/nios2eds/bin/gnu/H-x86_64-pc-linux-gnu/bin/../lib/gcc/nios2-elf/12.1.1/../../../../../H-x86_64-pc-linux-gnu/nios2-elf/lib/mno-hw-mul/libsmallc.a(lib_a-memcpy.o)
 .debug_loclists
                0x0000000000000b8f       0x32 /home/harry/intelFPGA_lite/22.1std/nios2eds/bin/gnu/H-x86_64-pc-linux-gnu/bin/../lib/gcc/nios2-elf/12.1.1/../../../../../H-x86_64-pc-linux-gnu/nios2-elf/lib/mno-hw-mul/libsmallc.a(lib_a-strlen.o)

.debug_rnglists
                0x0000000000000000      0x19b
 .debug_rnglists
                0x0000000000000000       0x50 obj/default/controller_main.o
 .debug_rnglists
                0x0000000000000050       0x3f /home/harry/intelFPGA_lite/22.1std/nios2eds/bin/gnu/H-x86_64-pc-linux-gnu/bin/../lib/gcc/nios2-elf/12.1.1/mno-hw-mul/libgcc.a(lib2-divmod.o)
 .debug_rnglists
                0x000000000000008f       0x22 ../controller_bsp//libhal_bsp.a(alt_irq_register.o)
 .debug_rnglists
                0x00000000000000b1       0x23 ../controller_bsp//libhal_bsp.a(alt_load.o)
 .debug_rnglists
                0x00000000000000d4       0x17 ../controller_bsp//libhal_bsp.a(alt_printf.o)
 .debug_rnglists
                0x00000000000000eb       0x13 ../controller_bsp//libhal_bsp.a(alt_sys_init.o)
 .debug_rnglists
                0x00000000000000fe       0x16 ../controller_bsp//libhal_bsp.a(altera_avalon_jtag_uart_read.o)
 .debug_rnglists
                0x0000000000000114       0x16 ../controller_bsp//libhal_bsp.a(alt_dev_llist_insert.o)
 .debug_rnglists
                0x000000000000012a       0x1f ../controller_bsp//libhal_bsp.a(alt_irq_handler.o)
 .debug_rnglists
                0x0000000000000149       0x19 ../controller_bsp//libhal_bsp.a(alt_instruction_exception_entry.o)
 .debug_rnglists
                0x0000000000000162       0x13 /home/harry/intelFPGA_lite/22.1std/nios2eds/bin/gnu/H-x86_64-pc-linux-gnu/bin/../lib/gcc/nios2-elf/12.1.1/../../../../../H-x86_64-pc-linux-gnu/nios2-elf/lib/mno-hw-mul/libsmallc.a(lib_a-memcmp.o)
 .debug_rnglists
                0x0000000000000175       0x13 /home/harry/intelFPGA_lite/22.1std/nios2eds/bin/gnu/H-x86_64-pc-linux-gnu/bin/../lib/gcc/nios2-elf/12.1.1/../../../../../H-x86_64-pc-linux-gnu/nios2-elf/lib/mno-hw-mul/libsmallc.a(lib_a-memcpy.o)
 .debug_rnglists
                0x0000000000000188       0x13 /home/harry/intelFPGA_lite/22.1std/nios2eds/bin/gnu/H-x86_64-pc-linux-gnu/bin/../lib/gcc/nios2-elf/12.1.1/../../../../../H-x86_64-pc-linux-gnu/nios2-elf/lib/mno-hw-mul/libsmallc.a(lib_a-strlen.o)

.debug_line_str
                0x0000000000000000      0xb14
 .debug_line_str
                0x0000000000000000      0x138 obj/default/controller_main.o
                                        0x1a7 (size before relaxing)
 .debug_line_str
                0x0000000000000138       0xf3 /home/harry/intelFPGA_lite/22.1std/nios2eds/bin/gnu/H-x86_64-pc-linux-gnu/bin/../lib/gcc/nios2-elf/12.1.1/mno-hw-mul/libgcc.a(lib2-divmod.o)
                                        0x1b8 (size before relaxing)
 .debug_line_str
                0x000000000000022b       0x3a /home/harry/intelFPGA_lite/22.1std/nios2eds/bin/gnu/H-x86_64-pc-linux-gnu/bin/../lib/gcc/nios2-elf/12.1.1/mno-hw-mul/libgcc.a(lib2-mul.o)
                                        0x1af (size before relaxing)
 .debug_line_str
                0x0000000000000265       0x9f ../controller_bsp//libhal_bsp.a(alt_getchar.o)
                                        0x134 (size before relaxing)
 .debug_line_str
                0x0000000000000304       0x2b ../controller_bsp//libhal_bsp.a(alt_irq_register.o)
                                        0x14d (size before relaxing)
 .debug_line_str
                0x000000000000032f       0x17 ../controller_bsp//libhal_bsp.a(alt_irq_vars.o)
                                         0xf9 (size before relaxing)
 .debug_line_str
                0x0000000000000346       0x35 ../controller_bsp//libhal_bsp.a(alt_load.o)
                                        0x11d (size before relaxing)
 .debug_line_str
                0x000000000000037b       0x31 ../controller_bsp//libhal_bsp.a(alt_main.o)
                                        0x11c (size before relaxing)
 .debug_line_str
                0x00000000000003ac       0x95 ../controller_bsp//libhal_bsp.a(alt_printf.o)
                                        0x16b (size before relaxing)
 .debug_line_str
                0x0000000000000441       0x16 ../controller_bsp//libhal_bsp.a(alt_putchar.o)
                                         0xe0 (size before relaxing)
 .debug_line_str
                0x0000000000000457       0x5f ../controller_bsp//libhal_bsp.a(alt_sys_init.o)
                                        0x193 (size before relaxing)
 .debug_line_str
                0x00000000000004b6       0x37 ../controller_bsp//libhal_bsp.a(altera_avalon_jtag_uart_read.o)
                                        0x15d (size before relaxing)
 .debug_line_str
                0x00000000000004ed       0x2c ../controller_bsp//libhal_bsp.a(altera_avalon_jtag_uart_write.o)
                                        0x160 (size before relaxing)
 .debug_line_str
                0x0000000000000519       0x31 ../controller_bsp//libhal_bsp.a(altera_up_avalon_accelerometer_spi.o)
                                        0x1b8 (size before relaxing)
 .debug_line_str
                0x000000000000054a       0x1f ../controller_bsp//libhal_bsp.a(alt_dcache_flush_all.o)
                                         0xfb (size before relaxing)
 .debug_line_str
                0x0000000000000569      0x105 ../controller_bsp//libhal_bsp.a(alt_dev.o)
                                        0x22c (size before relaxing)
 .debug_line_str
                0x000000000000066e       0x2b ../controller_bsp//libhal_bsp.a(alt_dev_llist_insert.o)
                                        0x140 (size before relaxing)
 .debug_line_str
                0x0000000000000699       0x14 ../controller_bsp//libhal_bsp.a(alt_errno.o)
                                        0x15c (size before relaxing)
 .debug_line_str
                0x00000000000006ad       0x85 ../controller_bsp//libhal_bsp.a(alt_find_dev.o)
                                        0x1f6 (size before relaxing)
 .debug_line_str
                0x0000000000000732       0x1f ../controller_bsp//libhal_bsp.a(alt_icache_flush_all.o)
                                         0xfb (size before relaxing)
 .debug_line_str
                0x0000000000000751       0x1a ../controller_bsp//libhal_bsp.a(alt_irq_handler.o)
                                        0x11a (size before relaxing)
 .debug_line_str
                0x000000000000076b       0x20 ../controller_bsp//libhal_bsp.a(altera_nios2_gen2_irq.o)
                                         0xfe (size before relaxing)
 .debug_line_str
                0x000000000000078b       0x3b ../controller_bsp//libhal_bsp.a(alt_instruction_exception_entry.o)
                                        0x151 (size before relaxing)
 .debug_line_str
                0x00000000000007c6      0x104 /home/harry/intelFPGA_lite/22.1std/nios2eds/bin/gnu/H-x86_64-pc-linux-gnu/bin/../lib/gcc/nios2-elf/12.1.1/../../../../../H-x86_64-pc-linux-gnu/nios2-elf/lib/mno-hw-mul/libsmallc.a(lib_a-int_errno.o)
                                        0x1df (size before relaxing)
 .debug_line_str
                0x00000000000008ca      0x1cc /home/harry/intelFPGA_lite/22.1std/nios2eds/bin/gnu/H-x86_64-pc-linux-gnu/bin/../lib/gcc/nios2-elf/12.1.1/../../../../../H-x86_64-pc-linux-gnu/nios2-elf/lib/mno-hw-mul/libsmallc.a(lib_a-memcmp.o)
                                        0x2b5 (size before relaxing)
 .debug_line_str
                0x0000000000000a96       0x3f /home/harry/intelFPGA_lite/22.1std/nios2eds/bin/gnu/H-x86_64-pc-linux-gnu/bin/../lib/gcc/nios2-elf/12.1.1/../../../../../H-x86_64-pc-linux-gnu/nios2-elf/lib/mno-hw-mul/libsmallc.a(lib_a-memcpy.o)
                                        0x2b5 (size before relaxing)
 .debug_line_str
                0x0000000000000ad5       0x3f /home/harry/intelFPGA_lite/22.1std/nios2eds/bin/gnu/H-x86_64-pc-linux-gnu/bin/../lib/gcc/nios2-elf/12.1.1/../../../../../H-x86_64-pc-linux-gnu/nios2-elf/lib/mno-hw-mul/libsmallc.a(lib_a-strlen.o)
                                        0x2b5 (size before relaxing)
